Component: ARM Compiler 5.06 update 6 (build 750) Tool: armlink [4d35ed]

==============================================================================

Section Cross References

    app_task.o(i.Task_Test) refers to hd_lptimer.o(i.lptim_init) for lptim_init
    app_task.o(i.Task_Test) refers to hd_deepsleep.o(i.App_LowPowerModeGpioSet) for App_LowPowerModeGpioSet
    app_task.o(i.Task_Test) refers to gpio.o(i.Gpio_SetIO) for Gpio_SetIO
    app_task.o(i.Task_Test) refers to tasks.o(i.vTaskDelay) for vTaskDelay
    app_task.o(i.Task_Test) refers to gpio.o(i.Gpio_ClrIO) for Gpio_ClrIO
    app_task.o(i.os_task_init) refers to tasks.o(i.xTaskCreate) for xTaskCreate
    app_task.o(i.os_task_init) refers to tasks.o(i.vTaskStartScheduler) for vTaskStartScheduler
    app_task.o(i.os_task_init) refers to app_task.o(.data) for Hd_Test_Task
    app_task.o(i.os_task_init) refers to app_task.o(i.Task_Test) for Task_Test
    main.o(i.main) refers to sysctrl.o(i.Sysctrl_SetRCLTrim) for Sysctrl_SetRCLTrim
    main.o(i.main) refers to sysctrl.o(i.Sysctrl_ClkSourceEnable) for Sysctrl_ClkSourceEnable
    main.o(i.main) refers to sysctrl.o(i.Sysctrl_SysClkSwitch) for Sysctrl_SysClkSwitch
    main.o(i.main) refers to sysctrl.o(i.Sysctrl_SetPeripheralGate) for Sysctrl_SetPeripheralGate
    main.o(i.main) refers to flash.o(i.Flash_WaitCycle) for Flash_WaitCycle
    main.o(i.main) refers to sysctrl.o(i.Sysctrl_SetRCHTrim) for Sysctrl_SetRCHTrim
    main.o(i.main) refers to sysctrl.o(i.Sysctrl_SetPLLFreq) for Sysctrl_SetPLLFreq
    main.o(i.main) refers to sysctrl.o(i.Sysctrl_ClkInit) for Sysctrl_ClkInit
    main.o(i.main) refers to sysctrl.o(i.Sysctrl_GetHClkFreq) for Sysctrl_GetHClkFreq
    main.o(i.main) refers to system_hc32l19x.o(i.SystemCoreClockUpdate) for SystemCoreClockUpdate
    main.o(i.main) refers to ddl.o(i.delay1ms) for delay1ms
    main.o(i.main) refers to aeabi_sdiv.o(.text) for __aeabi_uidivmod
    main.o(i.main) refers to main.o(i.__NVIC_SetPriority) for __NVIC_SetPriority
    main.o(i.main) refers to app_task.o(i.os_task_init) for os_task_init
    main.o(i.main) refers to main.o(.data) for clk_data
    event_groups.o(i.vEventGroupClearBitsCallback) refers to event_groups.o(i.xEventGroupClearBits) for xEventGroupClearBits
    event_groups.o(i.vEventGroupDelete) refers to tasks.o(i.vTaskSuspendAll) for vTaskSuspendAll
    event_groups.o(i.vEventGroupDelete) refers to tasks.o(i.xTaskRemoveFromUnorderedEventList) for xTaskRemoveFromUnorderedEventList
    event_groups.o(i.vEventGroupDelete) refers to heap_4.o(i.vPortFree) for vPortFree
    event_groups.o(i.vEventGroupDelete) refers to tasks.o(i.xTaskResumeAll) for xTaskResumeAll
    event_groups.o(i.vEventGroupSetBitsCallback) refers to event_groups.o(i.xEventGroupSetBits) for xEventGroupSetBits
    event_groups.o(i.xEventGroupClearBits) refers to port.o(i.vPortEnterCritical) for vPortEnterCritical
    event_groups.o(i.xEventGroupClearBits) refers to port.o(i.vPortExitCritical) for vPortExitCritical
    event_groups.o(i.xEventGroupCreate) refers to heap_4.o(i.pvPortMalloc) for pvPortMalloc
    event_groups.o(i.xEventGroupCreate) refers to list.o(i.vListInitialise) for vListInitialise
    event_groups.o(i.xEventGroupGetBitsFromISR) refers to port.o(.emb_text) for ulSetInterruptMaskFromISR
    event_groups.o(i.xEventGroupSetBits) refers to tasks.o(i.vTaskSuspendAll) for vTaskSuspendAll
    event_groups.o(i.xEventGroupSetBits) refers to tasks.o(i.xTaskRemoveFromUnorderedEventList) for xTaskRemoveFromUnorderedEventList
    event_groups.o(i.xEventGroupSetBits) refers to tasks.o(i.xTaskResumeAll) for xTaskResumeAll
    event_groups.o(i.xEventGroupSync) refers to tasks.o(i.xTaskGetSchedulerState) for xTaskGetSchedulerState
    event_groups.o(i.xEventGroupSync) refers to tasks.o(i.vTaskSuspendAll) for vTaskSuspendAll
    event_groups.o(i.xEventGroupSync) refers to event_groups.o(i.xEventGroupSetBits) for xEventGroupSetBits
    event_groups.o(i.xEventGroupSync) refers to tasks.o(i.vTaskPlaceOnUnorderedEventList) for vTaskPlaceOnUnorderedEventList
    event_groups.o(i.xEventGroupSync) refers to tasks.o(i.xTaskResumeAll) for xTaskResumeAll
    event_groups.o(i.xEventGroupSync) refers to port.o(i.vPortYield) for vPortYield
    event_groups.o(i.xEventGroupSync) refers to tasks.o(i.uxTaskResetEventItemValue) for uxTaskResetEventItemValue
    event_groups.o(i.xEventGroupSync) refers to port.o(i.vPortEnterCritical) for vPortEnterCritical
    event_groups.o(i.xEventGroupSync) refers to port.o(i.vPortExitCritical) for vPortExitCritical
    event_groups.o(i.xEventGroupWaitBits) refers to tasks.o(i.xTaskGetSchedulerState) for xTaskGetSchedulerState
    event_groups.o(i.xEventGroupWaitBits) refers to tasks.o(i.vTaskSuspendAll) for vTaskSuspendAll
    event_groups.o(i.xEventGroupWaitBits) refers to event_groups.o(i.prvTestWaitCondition) for prvTestWaitCondition
[...]
    ../clib/signal.c                         0x00000000   Number         0  defsig_rtmem_outer.o ABSOLUTE
    ../clib/signal.c                         0x00000000   Number         0  defsig_rtmem_inner.o ABSOLUTE
    ../clib/signal.c                         0x00000000   Number         0  defsig_rtred_inner.o ABSOLUTE
    ../clib/signal.c                         0x00000000   Number         0  defsig_abrt_inner.o ABSOLUTE
    ../clib/signal.c                         0x00000000   Number         0  defsig_exit.o ABSOLUTE
    ../clib/signal.c                         0x00000000   Number         0  defsig_fpe_formal.o ABSOLUTE
    ../clib/signal.s                         0x00000000   Number         0  defsig.o ABSOLUTE
    ../clib/stdlib.c                         0x00000000   Number         0  exit.o ABSOLUTE
    ../fplib/cfplib/fpinit.c                 0x00000000   Number         0  fpinit.o ABSOLUTE
    App\\app_task.c                          0x00000000   Number         0  app_task.o ABSOLUTE
    App\\main.c                              0x00000000   Number         0  main.o ABSOLUTE
    App\app_task.c                           0x00000000   Number         0  app_task.o ABSOLUTE
    App\main.c                               0x00000000   Number         0  main.o ABSOLUTE
    dc.s                                     0x00000000   Number         0  dc.o ABSOLUTE
    driver\\src\\adc.c                       0x00000000   Number         0  adc.o ABSOLUTE
    driver\\src\\adt.c                       0x00000000   Number         0  adt.o ABSOLUTE
    driver\\src\\aes.c                       0x00000000   Number         0  aes.o ABSOLUTE
    driver\\src\\bgr.c                       0x00000000   Number         0  bgr.o ABSOLUTE
    driver\\src\\bt.c                        0x00000000   Number         0  bt.o ABSOLUTE
    driver\\src\\crc.c                       0x00000000   Number         0  crc.o ABSOLUTE
    driver\\src\\dac.c                       0x00000000   Number         0  dac.o ABSOLUTE
    driver\\src\\ddl.c                       0x00000000   Number         0  ddl.o ABSOLUTE
    driver\\src\\debug.c                     0x00000000   Number         0  debug.o ABSOLUTE
    driver\\src\\dmac.c                      0x00000000   Number         0  dmac.o ABSOLUTE
    driver\\src\\flash.c                     0x00000000   Number         0  flash.o ABSOLUTE
    driver\\src\\gpio.c                      0x00000000   Number         0  gpio.o ABSOLUTE
    driver\\src\\i2c.c                       0x00000000   Number         0  i2c.o ABSOLUTE
    driver\\src\\lcd.c                       0x00000000   Number         0  lcd.o ABSOLUTE
    driver\\src\\lpm.c                       0x00000000   Number         0  lpm.o ABSOLUTE
    driver\\src\\lptim.c                     0x00000000   Number         0  lptim.o ABSOLUTE
    driver\\src\\lpuart.c                    0x00000000   Number         0  lpuart.o ABSOLUTE
    driver\\src\\lvd.c                       0x00000000   Number         0  lvd.o ABSOLUTE
    driver\\src\\opa.c                       0x00000000   Number         0  opa.o ABSOLUTE
    driver\\src\\pca.c                       0x00000000   Number         0  pca.o ABSOLUTE
    driver\\src\\pcnt.c                      0x00000000   Number         0  pcnt.o ABSOLUTE
    driver\\src\\ram.c                       0x00000000   Number         0  ram.o ABSOLUTE
    driver\\src\\reset.c                     0x00000000   Number         0  reset.o ABSOLUTE
    driver\\src\\rtc.c                       0x00000000   Number         0  rtc.o ABSOLUTE
    driver\\src\\spi.c                       0x00000000   Number         0  spi.o ABSOLUTE
    driver\\src\\sysctrl.c                   0x00000000   Number         0  sysctrl.o ABSOLUTE
    driver\\src\\timer3.c                    0x00000000   Number         0  timer3.o ABSOLUTE
    driver\\src\\trim.c                      0x00000000   Number         0  trim.o ABSOLUTE
    driver\\src\\trng.c                      0x00000000   Number         0  trng.o ABSOLUTE
    driver\\src\\uart.c                      0x00000000   Number         0  uart.o ABSOLUTE
    driver\\src\\vc.c                        0x00000000   Number         0  vc.o ABSOLUTE
    driver\\src\\wdt.c                       0x00000000   Number         0  wdt.o ABSOLUTE
    driver\src\adc.c                         0x00000000   Number         0  adc.o ABSOLUTE
    driver\src\adt.c                         0x00000000   Number         0  adt.o ABSOLUTE
    driver\src\aes.c                         0x00000000   Number         0  aes.o ABSOLUTE
    driver\src\bgr.c                         0x00000000   Number         0  bgr.o ABSOLUTE
    driver\src\bt.c                          0x00000000   Number         0  bt.o ABSOLUTE
    driver\src\crc.c                         0x00000000   Number         0  crc.o ABSOLUTE
    driver\src\dac.c                         0x00000000   Number         0  dac.o ABSOLUTE
    driver\src\ddl.c                         0x00000000   Number         0  ddl.o ABSOLUTE
    driver\src\debug.c                       0x00000000   Number         0  debug.o ABSOLUTE
    driver\src\dmac.c                        0x00000000   Number         0  dmac.o ABSOLUTE
    driver\src\flash.c                       0x00000000   Number         0  flash.o ABSOLUTE
    driver\src\gpio.c                        0x00000000   Number         0  gpio.o ABSOLUTE
    driver\src\i2c.c                         0x00000000   Number         0  i2c.o ABSOLUTE
    driver\src\lcd.c                         0x00000000   Number         0  lcd.o ABSOLUTE
    driver\src\lpm.c                         0x00000000   Number         0  lpm.o ABSOLUTE
    driver\src\lptim.c                       0x00000000   Number         0  lptim.o ABSOLUTE
    driver\src\lpuart.c                      0x00000000   Number         0  lpuart.o ABSOLUTE
    driver\src\lvd.c                         0x00000000   Number         0  lvd.o ABSOLUTE
    driver\src\opa.c                         0x00000000   Number         0  opa.o ABSOLUTE
    driver\src\pca.c                         0x00000000   Number         0  pca.o ABSOLUTE
    driver\src\pcnt.c                        0x00000000   Number         0  pcnt.o ABSOLUTE
    driver\src\ram.c                         0x00000000   Number         0  ram.o ABSOLUTE
    driver\src\reset.c                       0x00000000   Number         0  reset.o ABSOLUTE
    driver\src\rtc.c                         0x00000000   Number         0  rtc.o ABSOLUTE
    driver\src\spi.c                         0x00000000   Number         0  spi.o ABSOLUTE
    driver\src\sysctrl.c                     0x00000000   Number         0  sysctrl.o ABSOLUTE
    driver\src\timer3.c                      0x00000000   Number         0  timer3.o ABSOLUTE
    driver\src\trim.c                        0x00000000   Number         0  trim.o ABSOLUTE
    driver\src\trng.c                        0x00000000   Number         0  trng.o ABSOLUTE
    driver\src\uart.c                        0x00000000   Number         0  uart.o ABSOLUTE
    driver\src\vc.c                          0x00000000   Number         0  vc.o ABSOLUTE
    driver\src\wdt.c                         0x00000000   Number         0  wdt.o ABSOLUTE
    freertos-7.4.2\Source\CMSIS_RTOS\cmsis_os.c 0x00000000   Number         0  cmsis_os.o ABSOLUTE
    freertos-7.4.2\Source\croutine.c         0x00000000   Number         0  croutine.o ABSOLUTE
    freertos-7.4.2\Source\event_groups.c     0x00000000   Number         0  event_groups.o ABSOLUTE
    freertos-7.4.2\Source\list.c             0x00000000   Number         0  list.o ABSOLUTE
    freertos-7.4.2\Source\portable\MemMang\heap_4.c 0x00000000   Number         0  heap_4.o ABSOLUTE
    freertos-7.4.2\Source\portable\RVDS\ARM_CM0\MDK\port.c 0x00000000   Number         0  port.o ABSOLUTE
    freertos-7.4.2\Source\queue.c            0x00000000   Number         0  queue.o ABSOLUTE
    freertos-7.4.2\Source\tasks.c            0x00000000   Number         0  tasks.o ABSOLUTE
    freertos-7.4.2\Source\timers.c           0x00000000   Number         0  timers.o ABSOLUTE
    freertos-7.4.2\\Source\\CMSIS_RTOS\\cmsis_os.c 0x00000000   Number         0  cmsis_os.o ABSOLUTE
    freertos-7.4.2\\Source\\croutine.c       0x00000000   Number         0  croutine.o ABSOLUTE
    freertos-7.4.2\\Source\\event_groups.c   0x00000000   Number         0  event_groups.o ABSOLUTE
    freertos-7.4.2\\Source\\list.c           0x00000000   Number         0  list.o ABSOLUTE
    freertos-7.4.2\\Source\\portable\\MemMang\\heap_4.c 0x00000000   Number         0  heap_4.o ABSOLUTE
    freertos-7.4.2\\Source\\portable\\RVDS\\ARM_CM0\\MDK\\port.c 0x00000000   Number         0  port.o ABSOLUTE
    freertos-7.4.2\\Source\\queue.c          0x00000000   Number         0  queue.o ABSOLUTE
    freertos-7.4.2\\Source\\tasks.c          0x00000000   Number         0  tasks.o ABSOLUTE
    freertos-7.4.2\\Source\\timers.c         0x00000000   Number         0  timers.o ABSOLUTE
    hardware\\hd_adc.c                       0x00000000   Number         0  hd_adc.o ABSOLUTE
    hardware\\hd_deepsleep.c                 0x00000000   Number         0  hd_deepsleep.o ABSOLUTE
    hardware\\hd_gpio.c                      0x00000000   Number         0  hd_gpio.o ABSOLUTE
    hardware\\hd_gpt_timer.c                 0x00000000   Number         0  hd_gpt_timer.o ABSOLUTE
    hardware\\hd_lptimer.c                   0x00000000   Number         0  hd_lptimer.o ABSOLUTE
    hardware\\hd_pca.c                       0x00000000   Number         0  hd_pca.o ABSOLUTE
    hardware\\hd_uart1.c                     0x00000000   Number         0  hd_uart1.o ABSOLUTE
    hardware\hd_adc.c                        0x00000000   Number         0  hd_adc.o ABSOLUTE
    hardware\hd_can.c                        0x00000000   Number         0  hd_can.o ABSOLUTE
    hardware\hd_deepsleep.c                  0x00000000   Number         0  hd_deepsleep.o ABSOLUTE
    hardware\hd_gpio.c                       0x00000000   Number         0  hd_gpio.o ABSOLUTE
    hardware\hd_gpt_timer.c                  0x00000000   Number         0  hd_gpt_timer.o ABSOLUTE
    hardware\hd_lptimer.c                    0x00000000   Number         0  hd_lptimer.o ABSOLUTE
    hardware\hd_pca.c                        0x00000000   Number         0  hd_pca.o ABSOLUTE
    hardware\hd_uart1.c                      0x00000000   Number         0  hd_uart1.o ABSOLUTE
    mcu\MDK\startup_hc32l19x.s               0x00000000   Number         0  startup_hc32l19x.o ABSOLUTE
    mcu\\common\\interrupts_hc32l19x.c       0x00000000   Number         0  interrupts_hc32l19x.o ABSOLUTE
    mcu\\common\\system_hc32l19x.c           0x00000000   Number         0  system_hc32l19x.o ABSOLUTE
    mcu\common\interrupts_hc32l19x.c         0x00000000   Number         0  interrupts_hc32l19x.o ABSOLUTE
    mcu\common\system_hc32l19x.c             0x00000000   Number         0  system_hc32l19x.o ABSOLUTE
    !!!main                                  0x000000c0   Section        8  __main.o(!!!main)
    !!!scatter                               0x000000c8   Section       60  __scatter.o(!!!scatter)
    !!handler_copy                           0x00000104   Section       26  __scatter_copy.o(!!handler_copy)
    !!handler_zi                             0x00000120   Section       28  __scatter_zi.o(!!handler_zi)
    .ARM.Collect$$libinit$$00000000          0x0000013c   Section        2  libinit.o(.ARM.Collect$$libinit$$00000000)
    .ARM.Collect$$libinit$$00000002          0x0000013e   Section        0  libinit2.o(.ARM.Collect$$libinit$$00000002)
    .ARM.Collect$$libinit$$00000004          0x0000013e   Section        0  libinit2.o(.ARM.Collect$$libinit$$00000004)
    .ARM.Collect$$libinit$$0000000A          0x0000013e   Section        0  libinit2.o(.ARM.Collect$$libinit$$0000000A)
    .ARM.Collect$$libinit$$0000000C          0x0000013e   Section        0  libinit2.o(.ARM.Collect$$libinit$$0000000C)
    .ARM.Collect$$libinit$$0000000E          0x0000013e   Section        0  libinit2.o(.ARM.Collect$$libinit$$0000000E)
    .ARM.Collect$$libinit$$00000011          0x0000013e   Section        0  libinit2.o(.ARM.Collect$$libinit$$00000011)
    .ARM.Collect$$libinit$$00000013          0x0000013e   Section        0  libinit2.o(.ARM.Collect$$libinit$$00000013)
    .ARM.Collect$$libinit$$00000015          0x0000013e   Section        0  libinit2.o(.ARM.Collect$$libinit$$00000015)
    .ARM.Collect$$libinit$$00000017          0x0000013e   Section        0  libinit2.o(.ARM.Collect$$libinit$$00000017)
    .ARM.Collect$$libinit$$00000019          0x0000013e   Section        0  libinit2.o(.ARM.Collect$$libinit$$00000019)
    .ARM.Collect$$libinit$$0000001B          0x0000013e   Section        0  libinit2.o(.ARM.Collect$$libinit$$0000001B)
    .ARM.Collect$$libinit$$0000001D          0x0000013e   Section        0  libinit2.o(.ARM.Collect$$libinit$$0000001D)
    .ARM.Collect$$libinit$$0000001F          0x0000013e   Section        0  libinit2.o(.ARM.Collect$$libinit$$0000001F)
    .ARM.Collect$$libinit$$00000021          0x0000013e   Section        0  libinit2.o(.ARM.Collect$$libinit$$00000021)
    .ARM.Collect$$libinit$$00000023          0x0000013e   Section        0  libinit2.o(.ARM.Collect$$libinit$$00000023)
    .ARM.Collect$$libinit$$00000025          0x0000013e   Section        0  libinit2.o(.ARM.Collect$$libinit$$00000025)
    .ARM.Collect$$libinit$$0000002C          0x0000013e   Section        0  libinit2.o(.ARM.Collect$$libinit$$0000002C)
    .ARM.Collect$$libinit$$0000002E          0x0000013e   Section        0  libinit2.o(.ARM.Collect$$libinit$$0000002E)
    .ARM.Collect$$libinit$$00000030          0x0000013e   Section        0  libinit2.o(.ARM.Collect$$libinit$$00000030)
    .ARM.Collect$$libinit$$00000032          0x0000013e   Section        0  libinit2.o(.ARM.Collect$$libinit$$00000032)
    .ARM.Collect$$libinit$$00000033          0x0000013e   Section        2  libinit2.o(.ARM.Collect$$libinit$$00000033)
    .ARM.Collect$$libshutdown$$00000000      0x00000140   Section        2  libshutdown.o(.ARM.Collect$$libshutdown$$00000000)
    .ARM.Collect$$libshutdown$$00000002      0x00000142   Section        0  libshutdown2.o(.ARM.Collect$$libshutdown$$00000002)
    .ARM.Collect$$libshutdown$$00000004      0x00000142   Section        0  libshutdown2.o(.ARM.Collect$$libshutdown$$00000004)
    .ARM.Collect$$libshutdown$$00000007      0x00000142   Section        0  libshutdown2.o(.ARM.Collect$$libshutdown$$00000007)
    .ARM.Collect$$libshutdown$$0000000A      0x00000142   Section        0  libshutdown2.o(.ARM.Collect$$libshutdown$$0000000A)
    .ARM.Collect$$libshutdown$$0000000C      0x00000142   Section        0  libshutdown2.o(.ARM.Collect$$libshutdown$$0000000C)
    .ARM.Collect$$libshutdown$$0000000F      0x00000142   Section        0  libshutdown2.o(.ARM.Collect$$libshutdown$$0000000F)
    .ARM.Collect$$libshutdown$$00000010      0x00000142   Section        2  libshutdown2.o(.ARM.Collect$$libshutdown$$00000010)
    .ARM.Collect$$rtentry$$00000000          0x00000144   Section        0  __rtentry.o(.ARM.Collect$$rtentry$$00000000)
    .ARM.Collect$$rtentry$$00000002          0x00000144   Section        0  __rtentry2.o(.ARM.Collect$$rtentry$$00000002)
    .ARM.Collect$$rtentry$$00000004          0x00000144   Section        6  __rtentry4.o(.ARM.Collect$$rtentry$$00000004)
    .ARM.Collect$$rtentry$$00000009          0x0000014a   Section        0  __rtentry2.o(.ARM.Collect$$rtentry$$00000009)
    .ARM.Collect$$rtentry$$0000000A          0x0000014a   Section        4  __rtentry2.o(.ARM.Collect$$rtentry$$0000000A)
    .ARM.Collect$$rtentry$$0000000C          0x0000014e   Section        0  __rtentry2.o(.ARM.Collect$$rtentry$$0000000C)
    .ARM.Collect$$rtentry$$0000000D          0x0000014e   Section        8  __rtentry2.o(.ARM.Collect$$rtentry$$0000000D)
    .ARM.Collect$$rtexit$$00000000           0x00000156   Section        2  rtexit.o(.ARM.Collect$$rtexit$$00000000)
    .ARM.Collect$$rtexit$$00000002           0x00000158   Section        0  rtexit2.o(.ARM.Collect$$rtexit$$00000002)
    .ARM.Collect$$rtexit$$00000003           0x00000158   Section        4  rtexit2.o(.ARM.Collect$$rtexit$$00000003)
    .ARM.Collect$$rtexit$$00000004           0x0000015c   Section        6  rtexit2.o(.ARM.Collect$$rtexit$$00000004)
    .emb_text                                0x00000164   Section      120  port.o(.emb_text)
    .emb_text                                0x000001dc   Section       56  rt_memcpy.o(.emb_text)
    .text                                    0x00000214   Section       88  startup_hc32l19x.o(.text)
    .text                                    0x0000026c   Section      346  aeabi_sdiv.o(.text)
    .text                                    0x000003c6   Section        0  heapauxi.o(.text)
    .text                                    0x000003cc   Section       62  sys_stackheap_outer.o(.text)
    .text                                    0x0000040a   Section        0  exit.o(.text)
    .text                                    0x0000041c   Section        8  libspace.o(.text)
    .text                                    0x00000424   Section        0  sys_exit.o(.text)
    .text                                    0x00000430   Section        2  use_no_semi.o(.text)
    .text                                    0x00000432   Section        0  indicate_semi.o(.text)
    i.$Sub$$main                             0x00000432   Section        0  system_hc32l19x.o(i.$Sub$$main)
    i.ADC_DAC_IRQHandler                     0x00000440   Section        0  interrupts_hc32l19x.o(i.ADC_DAC_IRQHandler)
    i.Adc_ClrIrqStatus                       0x0000044c   Section        0  adc.o(i.Adc_ClrIrqStatus)
    i.Adc_GetIrqStatus                       0x0000045c   Section        0  adc.o(i.Adc_GetIrqStatus)
    i.Adc_GetSglResult                       0x00000474   Section        0  adc.o(i.Adc_GetSglResult)
    i.Adc_IRQHandler                         0x00000480   Section        0  hd_adc.o(i.Adc_IRQHandler)
    i.Adc_SGL_Start                          0x000004a0   Section        0  adc.o(i.Adc_SGL_Start)
    i.App_LowPowerModeGpioSet                0x000004ac   Section        0  hd_deepsleep.o(i.App_LowPowerModeGpioSet)
    i.CLKTRIM_IRQHandler                     0x00000530   Section        0  interrupts_hc32l19x.o(i.CLKTRIM_IRQHandler)
    i.DMAC_IRQHandler                        0x00000538   Section        0  interrupts_hc32l19x.o(i.DMAC_IRQHandler)
    i.EnableNvic                             0x00000540   Section        0  interrupts_hc32l19x.o(i.EnableNvic)
    i.FLASH_RAM_IRQHandler                   0x000005c8   Section        0  interrupts_hc32l19x.o(i.FLASH_RAM_IRQHandler)
    i.Flash_WaitCycle                        0x000005d4   Section        0  flash.o(i.Flash_WaitCycle)
    i.GetBit                                 0x00000608   Section        0  ddl.o(i.GetBit)
    i.Gpio_ClrIO                             0x00000614   Section        0  gpio.o(i.Gpio_ClrIO)
    i.Gpio_Init                              0x00000630   Section        0  gpio.o(i.Gpio_Init)
    i.Gpio_SetIO                             0x000006cc   Section        0  gpio.o(i.Gpio_SetIO)
    i.HC32F19x_freertos_sleep                0x000006e8   Section        0  port.o(i.HC32F19x_freertos_sleep)
    i.HC32F19x_freertos_wakeup               0x0000074c   Section        0  port.o(i.HC32F19x_freertos_wakeup)
    i.HardFault_Handler                      0x00000784   Section        0  interrupts_hc32l19x.o(i.HardFault_Handler)
    i.I2C0_IRQHandler                        0x00000794   Section        0  interrupts_hc32l19x.o(i.I2C0_IRQHandler)
    i.I2C1_IRQHandler                        0x0000079c   Section        0  interrupts_hc32l19x.o(i.I2C1_IRQHandler)
    i.LCD_IRQHandler                         0x000007a4   Section        0  interrupts_hc32l19x.o(i.LCD_IRQHandler)
    i.LPTIM0_1_IRQHandler                    0x000007ac   Section        0  interrupts_hc32l19x.o(i.LPTIM0_1_IRQHandler)
    i.LPUART0_IRQHandler                     0x000007b8   Section        0  interrupts_hc32l19x.o(i.LPUART0_IRQHandler)
    i.LPUART1_IRQHandler                     0x000007c0   Section        0  interrupts_hc32l19x.o(i.LPUART1_IRQHandler)
    i.LVD_IRQHandler                         0x000007c8   Section        0  interrupts_hc32l19x.o(i.LVD_IRQHandler)
    i.LpTim0_IRQHandler                      0x000007d0   Section        0  hd_lptimer.o(i.LpTim0_IRQHandler)
    i.Lpm_GotoDeepSleep                      0x000007f0   Section        0  lpm.o(i.Lpm_GotoDeepSleep)
    i.Lptim_ClrItStatus                      0x00000814   Section        0  lptim.o(i.Lptim_ClrItStatus)
    i.Lptim_Cmd                              0x00000826   Section        0  lptim.o(i.Lptim_Cmd)
    i.Lptim_ConfIt                           0x0000083a   Section        0  lptim.o(i.Lptim_ConfIt)
    i.Lptim_GetItStatus                      0x0000084e   Section        0  lptim.o(i.Lptim_GetItStatus)
    i.Lptim_Init                             0x0000085e   Section        0  lptim.o(i.Lptim_Init)
    i.PCA_IRQHandler                         0x0000091e   Section        0  interrupts_hc32l19x.o(i.PCA_IRQHandler)
    i.PCNT_IRQHandler                        0x00000926   Section        0  interrupts_hc32l19x.o(i.PCNT_IRQHandler)
    i.PORTA_IRQHandler                       0x0000092e   Section        0  interrupts_hc32l19x.o(i.PORTA_IRQHandler)
    i.PORTB_IRQHandler                       0x00000936   Section        0  interrupts_hc32l19x.o(i.PORTB_IRQHandler)
    i.PORTC_E_IRQHandler                     0x0000093e   Section        0  interrupts_hc32l19x.o(i.PORTC_E_IRQHandler)
    i.PORTD_F_IRQHandler                     0x0000094a   Section        0  interrupts_hc32l19x.o(i.PORTD_F_IRQHandler)
    i.RTC_IRQHandler                         0x00000956   Section        0  interrupts_hc32l19x.o(i.RTC_IRQHandler)
    i.SPI0_IRQHandler                        0x0000095e   Section        0  interrupts_hc32l19x.o(i.SPI0_IRQHandler)
    i.SPI1_IRQHandler                        0x00000966   Section        0  interrupts_hc32l19x.o(i.SPI1_IRQHandler)
    i.SVC_Handler                            0x0000096e   Section        0  port.o(i.SVC_Handler)
    i.SetBit                                 0x00000970   Section        0  ddl.o(i.SetBit)
    i.SetSleepTime                           0x00000990   Section        0  port.o(i.SetSleepTime)
    i.SysTick_Handler                        0x000009dc   Section        0  port.o(i.SysTick_Handler)
    i.Sysctrl_ClkInit                        0x00000a00   Section        0  sysctrl.o(i.Sysctrl_ClkInit)
    i.Sysctrl_ClkSourceEnable                0x00000a6c   Section        0  sysctrl.o(i.Sysctrl_ClkSourceEnable)
    i.Sysctrl_GetHClkFreq                    0x00000b88   Section        0  sysctrl.o(i.Sysctrl_GetHClkFreq)
    i.Sysctrl_SetHCLKDiv                     0x00000cfc   Section        0  sysctrl.o(i.Sysctrl_SetHCLKDiv)
    i.Sysctrl_SetPCLKDiv                     0x00000d24   Section        0  sysctrl.o(i.Sysctrl_SetPCLKDiv)
    i.Sysctrl_SetPLLFreq                     0x00000d4c   Section        0  sysctrl.o(i.Sysctrl_SetPLLFreq)
    i.Sysctrl_SetPLLStableTime               0x00000e60   Section        0  sysctrl.o(i.Sysctrl_SetPLLStableTime)
    i.Sysctrl_SetPeripheralGate              0x00000e84   Section        0  sysctrl.o(i.Sysctrl_SetPeripheralGate)
    i.Sysctrl_SetRCHTrim                     0x00000ed4   Section        0  sysctrl.o(i.Sysctrl_SetRCHTrim)
    i.Sysctrl_SetRCLStableTime               0x00000efc   Section        0  sysctrl.o(i.Sysctrl_SetRCLStableTime)
    i.Sysctrl_SetRCLTrim                     0x00000f20   Section        0  sysctrl.o(i.Sysctrl_SetRCLTrim)
    i.Sysctrl_SetXTHStableTime               0x00000f48   Section        0  sysctrl.o(i.Sysctrl_SetXTHStableTime)
    i.Sysctrl_SetXTLStableTime               0x00000f68   Section        0  sysctrl.o(i.Sysctrl_SetXTLStableTime)
    i.Sysctrl_SysClkSwitch                   0x00000f88   Section        0  sysctrl.o(i.Sysctrl_SysClkSwitch)
    i.Sysctrl_XTHDriverCfg                   0x00000fb4   Section        0  sysctrl.o(i.Sysctrl_XTHDriverCfg)
    i.Sysctrl_XTLDriverCfg                   0x00000fd0   Section        0  sysctrl.o(i.Sysctrl_XTLDriverCfg)
    i.SystemCoreClockUpdate                  0x00001004   Section        0  system_hc32l19x.o(i.SystemCoreClockUpdate)
    i.SystemInit                             0x00001014   Section        0  system_hc32l19x.o(i.SystemInit)
    i.System_EnterDeepsleep                  0x00001050   Section        0  hd_deepsleep.o(i.System_EnterDeepsleep)
    i.TIM0_IRQHandler                        0x000010a6   Section        0  interrupts_hc32l19x.o(i.TIM0_IRQHandler)
    i.TIM1_IRQHandler                        0x000010ae   Section        0  interrupts_hc32l19x.o(i.TIM1_IRQHandler)
    i.TIM2_IRQHandler                        0x000010b6   Section        0  interrupts_hc32l19x.o(i.TIM2_IRQHandler)
    i.TIM3_IRQHandler                        0x000010be   Section        0  interrupts_hc32l19x.o(i.TIM3_IRQHandler)
    i.TIM4_IRQHandler                        0x000010c6   Section        0  interrupts_hc32l19x.o(i.TIM4_IRQHandler)
    i.TIM5_IRQHandler                        0x000010ce   Section        0  interrupts_hc32l19x.o(i.TIM5_IRQHandler)
    i.TIM6_IRQHandler                        0x000010d6   Section        0  interrupts_hc32l19x.o(i.TIM6_IRQHandler)
    i.Task_Test                              0x000010de   Section        0  app_task.o(i.Task_Test)
    i.Tim3_ClearIntFlag                      0x0000110c   Section        0  timer3.o(i.Tim3_ClearIntFlag)
    i.Tim3_GetIntFlag                        0x00001120   Section        0  timer3.o(i.Tim3_GetIntFlag)
    i.Tim3_IRQHandler                        0x00001138   Section        0  hd_gpt_timer.o(i.Tim3_IRQHandler)
    i.UART0_2_IRQHandler                     0x00001170   Section        0  interrupts_hc32l19x.o(i.UART0_2_IRQHandler)
    i.UART1_3_IRQHandler                     0x0000117c   Section        0  interrupts_hc32l19x.o(i.UART1_3_IRQHandler)
    i.Uart1_IRQHandler                       0x00001188   Section        0  hd_uart1.o(i.Uart1_IRQHandler)
    i.Uart_ClrStatus                         0x000011c8   Section        0  uart.o(i.Uart_ClrStatus)
    i.Uart_GetStatus                         0x000011de   Section        0  uart.o(i.Uart_GetStatus)
    i.Uart_ReceiveData                       0x000011f6   Section        0  uart.o(i.Uart_ReceiveData)
    i.VC0_IRQHandler                         0x000011fe   Section        0  interrupts_hc32l19x.o(i.VC0_IRQHandler)
    i.VC1_2_IRQHandler                       0x00001206   Section        0  interrupts_hc32l19x.o(i.VC1_2_IRQHandler)
    i.WDT_IRQHandler                         0x00001212   Section        0  interrupts_hc32l19x.o(i.WDT_IRQHandler)
    i._SysctrlUnlock                         0x0000121c   Section        0  sysctrl.o(i._SysctrlUnlock)
    _SysctrlUnlock                           0x0000121d   Thumb Code    12  sysctrl.o(i._SysctrlUnlock)
    i.__ARM_common_switch8                   0x00001234   Section        0  tasks.o(i.__ARM_common_switch8)
    i.__NVIC_SetPriority                     0x00001250   Section        0  main.o(i.__NVIC_SetPriority)
    __NVIC_SetPriority                       0x00001251   Thumb Code   110  main.o(i.__NVIC_SetPriority)
    i.__NVIC_SetPriority                     0x000012c8   Section        0  port.o(i.__NVIC_SetPriority)
    __NVIC_SetPriority                       0x000012c9   Thumb Code   110  port.o(i.__NVIC_SetPriority)
    i.__NVIC_SetPriority                     0x00001340   Section        0  interrupts_hc32l19x.o(i.__NVIC_SetPriority)
    __NVIC_SetPriority                       0x00001341   Thumb Code   110  interrupts_hc32l19x.o(i.__NVIC_SetPriority)
    i.ddl_memclr                             0x000013b8   Section        0  ddl.o(i.ddl_memclr)
    i.delay1ms                               0x000013d8   Section        0  ddl.o(i.delay1ms)
    i.eTaskConfirmSleepModeStatus            0x00001430   Section        0  tasks.o(i.eTaskConfirmSleepModeStatus)
    i.lptim_init                             0x00001470   Section        0  hd_lptimer.o(i.lptim_init)
    i.main                                   0x000014d0   Section        0  main.o(i.main)
    i.osSystickHandler                       0x000015a8   Section        0  cmsis_os.o(i.osSystickHandler)
    i.os_task_init                           0x000015b8   Section        0  app_task.o(i.os_task_init)
    i.prvAddCurrentTaskToDelayedList         0x000015e8   Section        0  tasks.o(i.prvAddCurrentTaskToDelayedList)
    prvAddCurrentTaskToDelayedList           0x000015e9   Thumb Code   100  tasks.o(i.prvAddCurrentTaskToDelayedList)
    i.prvAddNewTaskToReadyList               0x00001664   Section        0  tasks.o(i.prvAddNewTaskToReadyList)
    prvAddNewTaskToReadyList                 0x00001665   Thumb Code   140  tasks.o(i.prvAddNewTaskToReadyList)
    i.prvCheckTasksWaitingTermination        0x00001708   Section        0  tasks.o(i.prvCheckTasksWaitingTermination)
    prvCheckTasksWaitingTermination          0x00001709   Thumb Code    90  tasks.o(i.prvCheckTasksWaitingTermination)
    i.prvDeleteTCB                           0x00001770   Section        0  tasks.o(i.prvDeleteTCB)
    prvDeleteTCB                             0x00001771   Thumb Code    18  tasks.o(i.prvDeleteTCB)
    i.prvGetExpectedIdleTime                 0x00001784   Section        0  tasks.o(i.prvGetExpectedIdleTime)
    prvGetExpectedIdleTime                   0x00001785   Thumb Code    58  tasks.o(i.prvGetExpectedIdleTime)
    i.prvHeapInit                            0x000017d4   Section        0  heap_4.o(i.prvHeapInit)
    prvHeapInit                              0x000017d5   Thumb Code   100  heap_4.o(i.prvHeapInit)
    i.prvIdleTask                            0x00001850   Section        0  tasks.o(i.prvIdleTask)
    prvIdleTask                              0x00001851   Thumb Code    82  tasks.o(i.prvIdleTask)
    i.prvInitialiseNewTask                   0x000018b0   Section        0  tasks.o(i.prvInitialiseNewTask)
    prvInitialiseNewTask                     0x000018b1   Thumb Code   164  tasks.o(i.prvInitialiseNewTask)
    i.prvInitialiseTaskLists                 0x00001954   Section        0  tasks.o(i.prvInitialiseTaskLists)
    prvInitialiseTaskLists                   0x00001955   Thumb Code    68  tasks.o(i.prvInitialiseTaskLists)
    i.prvInsertBlockIntoFreeList             0x000019b8   Section        0  heap_4.o(i.prvInsertBlockIntoFreeList)
    prvInsertBlockIntoFreeList               0x000019b9   Thumb Code    96  heap_4.o(i.prvInsertBlockIntoFreeList)
    i.prvResetNextTaskUnblockTime            0x00001a20   Section        0  tasks.o(i.prvResetNextTaskUnblockTime)
    prvResetNextTaskUnblockTime              0x00001a21   Thumb Code    46  tasks.o(i.prvResetNextTaskUnblockTime)
    i.prvTaskExitError                       0x00001a58   Section        0  port.o(i.prvTaskExitError)
    prvTaskExitError                         0x00001a59   Thumb Code    32  port.o(i.prvTaskExitError)
    i.pvPortMalloc                           0x00001a7c   Section        0  heap_4.o(i.pvPortMalloc)
    i.pxPortInitialiseStack                  0x00001b98   Section        0  port.o(i.pxPortInitialiseStack)
    i.uxListRemove                           0x00001bb8   Section        0  list.o(i.uxListRemove)
    i.vListInitialise                        0x00001be0   Section        0  list.o(i.vListInitialise)
    i.vListInitialiseItem                    0x00001bfa   Section        0  list.o(i.vListInitialiseItem)
    i.vListInsert                            0x00001c00   Section        0  list.o(i.vListInsert)
    i.vListInsertEnd                         0x00001c36   Section        0  list.o(i.vListInsertEnd)
    i.vPortEnterCritical                     0x00001c50   Section        0  port.o(i.vPortEnterCritical)
    i.vPortExitCritical                      0x00001c6c   Section        0  port.o(i.vPortExitCritical)
    i.vPortFree                              0x00001c94   Section        0  heap_4.o(i.vPortFree)
    i.vPortSetupTimerInterrupt               0x00001d14   Section        0  port.o(i.vPortSetupTimerInterrupt)
    i.vPortSuppressTicksAndSleep             0x00001d7c   Section        0  port.o(i.vPortSuppressTicksAndSleep)
    i.vPortYield                             0x00001ebc   Section        0  port.o(i.vPortYield)
    i.vTaskDelay                             0x00001ed4   Section        0  tasks.o(i.vTaskDelay)
    i.vTaskStartScheduler                    0x00001f18   Section        0  tasks.o(i.vTaskStartScheduler)
    i.vTaskStepTick                          0x00001f84   Section        0  tasks.o(i.vTaskStepTick)
    i.vTaskSuspendAll                        0x00001fb8   Section        0  tasks.o(i.vTaskSuspendAll)
    i.vTaskSwitchContext                     0x00001fc8   Section        0  tasks.o(i.vTaskSwitchContext)
    i.xPortStartScheduler                    0x00002048   Section        0  port.o(i.xPortStartScheduler)
    i.xTaskCreate                            0x00002080   Section        0  tasks.o(i.xTaskCreate)
    i.xTaskGetSchedulerState                 0x000020dc   Section        0  tasks.o(i.xTaskGetSchedulerState)
    i.xTaskIncrementTick                     0x00002100   Section        0  tasks.o(i.xTaskIncrementTick)
    i.xTaskResumeAll                         0x0000223c   Section        0  tasks.o(i.xTaskResumeAll)
    .constdata                               0x0000232c   Section       24  sysctrl.o(.constdata)
    .data                                    0x20000000   Section        4  app_task.o(.data)
    .data                                    0x20000004   Section        4  main.o(.data)
    .data                                    0x20000008   Section       60  tasks.o(.data)
    pxDelayedTaskList                        0x2000000c   Data           4  tasks.o(.data)
    pxOverflowDelayedTaskList                0x20000010   Data           4  tasks.o(.data)
    uxDeletedTasksWaitingCleanUp             0x20000014   Data           4  tasks.o(.data)
    uxCurrentNumberOfTasks                   0x20000018   Data           4  tasks.o(.data)
    xTickCount                               0x2000001c   Data           4  tasks.o(.data)
    uxTopReadyPriority                       0x20000020   Data           4  tasks.o(.data)
    xSchedulerRunning                        0x20000024   Data           4  tasks.o(.data)
    uxPendedTicks                            0x20000028   Data           4  tasks.o(.data)
    xYieldPending                            0x2000002c   Data           4  tasks.o(.data)
    xNumOfOverflows                          0x20000030   Data           4  tasks.o(.data)
    uxTaskNumber                             0x20000034   Data           4  tasks.o(.data)
    xNextTaskUnblockTime                     0x20000038   Data           4  tasks.o(.data)
    xIdleTaskHandle                          0x2000003c   Data           4  tasks.o(.data)
    uxSchedulerSuspended                     0x20000040   Data           4  tasks.o(.data)
    .data                                    0x20000044   Section       24  heap_4.o(.data)
    xStart                                   0x20000044   Data           8  heap_4.o(.data)
    pxEnd                                    0x2000004c   Data           4  heap_4.o(.data)
    xFreeBytesRemaining                      0x20000050   Data           4  heap_4.o(.data)
    xMinimumEverFreeBytesRemaining           0x20000054   Data           4  heap_4.o(.data)
    xBlockAllocatedBit                       0x20000058   Data           4  heap_4.o(.data)
    .data                                    0x2000005c   Section       20  port.o(.data)
    uxCriticalNesting                        0x20000060   Data           4  port.o(.data)
    ulTimerCountsForOneTick                  0x20000064   Data           4  port.o(.data)
    xMaximumPossibleSuppressedTicks          0x20000068   Data           4  port.o(.data)
    ulStoppedTimerCompensation               0x2000006c   Data           4  port.o(.data)
    .data                                    0x20000070   Section        1  sysctrl.o(.data)
    bDacPeriBac                              0x20000070   Data           1  sysctrl.o(.data)
    .data                                    0x20000074   Section        4  system_hc32l19x.o(.data)
    .data                                    0x20000078   Section        2  hd_adc.o(.data)
    .data                                    0x2000007a   Section        1  hd_gpt_timer.o(.data)
    i                                        0x2000007a   Data           1  hd_gpt_timer.o(.data)
    .data                                    0x2000007b   Section        1  hd_uart1.o(.data)
    .bss                                     0x2000007c   Section      240  tasks.o(.bss)
    pxReadyTasksLists                        0x2000007c   Data         140  tasks.o(.bss)
    xDelayedTaskList1                        0x20000108   Data          20  tasks.o(.bss)
    xDelayedTaskList2                        0x2000011c   Data          20  tasks.o(.bss)
    xPendingReadyList                        0x20000130   Data          20  tasks.o(.bss)
    xTasksWaitingTermination                 0x20000144   Data          20  tasks.o(.bss)
    xSuspendedTaskList                       0x20000158   Data          20  tasks.o(.bss)
    .bss                                     0x2000016c   Section     3072  heap_4.o(.bss)
    ucHeap                                   0x2000016c   Data        3072  heap_4.o(.bss)
    .bss                                     0x20000d6c   Section       96  libspace.o(.bss)
    HEAP                                     0x20000dd0   Section      512  startup_hc32l19x.o(HEAP)
    Heap_Mem                                 0x20000dd0   Data         512  startup_hc32l19x.o(HEAP)
    STACK                                    0x20000fd0   Section      512  startup_hc32l19x.o(STACK)
    Stack_Mem                                0x20000fd0   Data         512  startup_hc32l19x.o(STACK)
    __initial_sp                             0x200011d0   Data           0  startup_hc32l19x.o(STACK)

    Global Symbols

    Symbol Name                              Value     Ov Type        Size  Object(Section)

    BuildAttributes$$THM_ISAv3M$S$PE$A:L22$X:L11$S22$IEEE1$IW$USESV6$~STKCKD$USESV7$~SHL$OSPACE$ROPI$EBA8$UX$STANDARDLIB$REQ8$PRES8$EABIv2 0x00000000   Number         0  anon$$obj.o ABSOLUTE
    __ARM_use_no_argv                        0x00000000   Number         0  main.o ABSOLUTE
    __Vectors                                0x00000000   Data           0  startup_hc32l19x.o(RESET)
    ClkTrim_IRQHandler                        - Undefined Weak Reference
    Dac_IRQHandler                            - Undefined Weak Reference
    Dmac_IRQHandler                           - Undefined Weak Reference
    Flash_IRQHandler                          - Undefined Weak Reference
    I2c0_IRQHandler                           - Undefined Weak Reference
    I2c1_IRQHandler                           - Undefined Weak Reference
    Lcd_IRQHandler                            - Undefined Weak Reference
    LpTim1_IRQHandler                         - Undefined Weak Reference
    LpUart0_IRQHandler                        - Undefined Weak Reference
    LpUart1_IRQHandler                        - Undefined Weak Reference
    Lvd_IRQHandler                            - Undefined Weak Reference
    Pca_IRQHandler                            - Undefined Weak Reference
    Pcnt_IRQHandler                           - Undefined Weak Reference
    PortA_IRQHandler                          - Undefined Weak Reference
    PortB_IRQHandler                          - Undefined Weak Reference
    PortC_IRQHandler                          - Undefined Weak Reference
    PortD_IRQHandler                          - Undefined Weak Reference
    PortE_IRQHandler                          - Undefined Weak Reference
    PortF_IRQHandler                          - Undefined Weak Reference
    Ram_IRQHandler                            - Undefined Weak Reference
    Rtc_IRQHandler                            - Undefined Weak Reference
    Spi0_IRQHandler                           - Undefined Weak Reference
    Spi1_IRQHandler                           - Undefined Weak Reference
    Tim0_IRQHandler                           - Undefined Weak Reference
    Tim1_IRQHandler                           - Undefined Weak Reference
    Tim2_IRQHandler                           - Undefined Weak Reference
    Tim4_IRQHandler                           - Undefined Weak Reference
    Tim5_IRQHandler                           - Undefined Weak Reference
    Tim6_IRQHandler                           - Undefined Weak Reference
    Uart0_IRQHandler                          - Undefined Weak Reference
    Uart2_IRQHandler                          - Undefined Weak Reference
    Uart3_IRQHandler                          - Undefined Weak Reference
    Vc0_IRQHandler                            - Undefined Weak Reference
    Vc1_IRQHandler                            - Undefined Weak Reference
    Vc2_IRQHandler                            - Undefined Weak Reference
    Wdt_IRQHandler                            - Undefined Weak Reference
    __ARM_exceptions_init                     - Undefined Weak Reference
    __alloca_initialize                       - Undefined Weak Reference
    __arm_preinit_                            - Undefined Weak Reference
    __cpp_initialize__aeabi_                  - Undefined Weak Reference
    __cxa_finalize                            - Undefined Weak Reference
    __rt_locale                               - Undefined Weak Reference
    __sigvec_lookup                           - Undefined Weak Reference
    _atexit_init                              - Undefined Weak Reference
    _call_atexit_fns                          - Undefined Weak Reference
    _clock_init                               - Undefined Weak Reference
    _fp_trap_init                             - Undefined Weak Reference
    _fp_trap_shutdown                         - Undefined Weak Reference
    _get_lc_collate                           - Undefined Weak Reference
    _get_lc_ctype                             - Undefined Weak Reference
    _get_lc_monetary                          - Undefined Weak Reference
    _get_lc_numeric                           - Undefined Weak Reference
    _get_lc_time                              - Undefined Weak Reference
    _getenv_init                              - Undefined Weak Reference
    _handle_redirection                       - Undefined Weak Reference
    _init_alloc                               - Undefined Weak Reference
    _init_user_alloc                          - Undefined Weak Reference
    _initio                                   - Undefined Weak Reference
    _rand_init                                - Undefined Weak Reference
    _signal_finish                            - Undefined Weak Reference
    _signal_init                              - Undefined Weak Reference
    _terminate_alloc                          - Undefined Weak Reference
    _terminate_user_alloc                     - Undefined Weak Reference
    _terminateio                              - Undefined Weak Reference
    __Vectors_End                            0x000000c0   Data           0  startup_hc32l19x.o(RESET)
    __Vectors_Size                           0x000000c0   Number         0  startup_hc32l19x.o ABSOLUTE
    __main                                   0x000000c1   Thumb Code     8  __main.o(!!!main)
    __scatterload                            0x000000c9   Thumb Code     0  __scatter.o(!!!scatter)
    __scatterload_rt2                        0x000000c9   Thumb Code    52  __scatter.o(!!!scatter)
    __scatterload_rt2_thumb_only             0x000000c9   Thumb Code     0  __scatter.o(!!!scatter)
    __scatterload_null                       0x000000d9   Thumb Code     0  __scatter.o(!!!scatter)
    __scatterload_copy                       0x00000105   Thumb Code    26  __scatter_copy.o(!!handler_copy)
    __scatterload_zeroinit                   0x00000121   Thumb Code    28  __scatter_zi.o(!!handler_zi)
    __rt_lib_init                            0x0000013d   Thumb Code     0  libinit.o(.ARM.Collect$$libinit$$00000000)
    __rt_lib_init_alloca_1                   0x0000013f   Thumb Code     0  libinit2.o(.ARM.Collect$$libinit$$0000002E)
    __rt_lib_init_argv_1                     0x0000013f   Thumb Code     0  libinit2.o(.ARM.Collect$$libinit$$0000002C)
    __rt_lib_init_atexit_1                   0x0000013f   Thumb Code     0  libinit2.o(.ARM.Collect$$libinit$$0000001B)
    __rt_lib_init_clock_1                    0x0000013f   Thumb Code     0  libinit2.o(.ARM.Collect$$libinit$$00000021)
    __rt_lib_init_cpp_1                      0x0000013f   Thumb Code     0  libinit2.o(.ARM.Collect$$libinit$$00000032)
    __rt_lib_init_exceptions_1               0x0000013f   Thumb Code     0  libinit2.o(.ARM.Collect$$libinit$$00000030)
    __rt_lib_init_fp_1                       0x0000013f   Thumb Code     0  libinit2.o(.ARM.Collect$$libinit$$00000002)
    __rt_lib_init_fp_trap_1                  0x0000013f   Thumb Code     0  libinit2.o(.ARM.Collect$$libinit$$0000001F)
    __rt_lib_init_getenv_1                   0x0000013f   Thumb Code     0  libinit2.o(.ARM.Collect$$libinit$$00000023)
    __rt_lib_init_heap_1                     0x0000013f   Thumb Code     0  libinit2.o(.ARM.Collect$$libinit$$0000000A)
    __rt_lib_init_lc_collate_1               0x0000013f   Thumb Code     0  libinit2.o(.ARM.Collect$$libinit$$00000011)
    __rt_lib_init_lc_ctype_1                 0x0000013f   Thumb Code     0  libinit2.o(.ARM.Collect$$libinit$$00000013)
    __rt_lib_init_lc_monetary_1              0x0000013f   Thumb Code     0  libinit2.o(.ARM.Collect$$libinit$$00000015)
    __rt_lib_init_lc_numeric_1               0x0000013f   Thumb Code     0  libinit2.o(.ARM.Collect$$libinit$$00000017)
    __rt_lib_init_lc_time_1                  0x0000013f   Thumb Code     0  libinit2.o(.ARM.Collect$$libinit$$00000019)
    __rt_lib_init_preinit_1                  0x0000013f   Thumb Code     0  libinit2.o(.ARM.Collect$$libinit$$00000004)
    __rt_lib_init_rand_1                     0x0000013f   Thumb Code     0  libinit2.o(.ARM.Collect$$libinit$$0000000E)
    __rt_lib_init_return                     0x0000013f   Thumb Code     0  libinit2.o(.ARM.Collect$$libinit$$00000033)
    __rt_lib_init_signal_1                   0x0000013f   Thumb Code     0  libinit2.o(.ARM.Collect$$libinit$$0000001D)
    __rt_lib_init_stdio_1                    0x0000013f   Thumb Code     0  libinit2.o(.ARM.Collect$$libinit$$00000025)
    __rt_lib_init_user_alloc_1               0x0000013f   Thumb Code     0  libinit2.o(.ARM.Collect$$libinit$$0000000C)
    __rt_lib_shutdown                        0x00000141   Thumb Code     0  libshutdown.o(.ARM.Collect$$libshutdown$$00000000)
    __rt_lib_shutdown_cpp_1                  0x00000143   Thumb Code     0  libshutdown2.o(.ARM.Collect$$libshutdown$$00000002)
    __rt_lib_shutdown_fp_trap_1              0x00000143   Thumb Code     0  libshutdown2.o(.ARM.Collect$$libshutdown$$00000007)
    __rt_lib_shutdown_heap_1                 0x00000143   Thumb Code     0  libshutdown2.o(.ARM.Collect$$libshutdown$$0000000F)
    __rt_lib_shutdown_return                 0x00000143   Thumb Code     0  libshutdown2.o(.ARM.Collect$$libshutdown$$00000010)
    __rt_lib_shutdown_signal_1               0x00000143   Thumb Code     0  libshutdown2.o(.ARM.Collect$$libshutdown$$0000000A)
    __rt_lib_shutdown_stdio_1                0x00000143   Thumb Code     0  libshutdown2.o(.ARM.Collect$$libshutdown$$00000004)
    __rt_lib_shutdown_user_alloc_1           0x00000143   Thumb Code     0  libshutdown2.o(.ARM.Collect$$libshutdown$$0000000C)
    __rt_entry                               0x00000145   Thumb Code     0  __rtentry.o(.ARM.Collect$$rtentry$$00000000)
    __rt_entry_presh_1                       0x00000145   Thumb Code     0  __rtentry2.o(.ARM.Collect$$rtentry$$00000002)
    __rt_entry_sh                            0x00000145   Thumb Code     0  __rtentry4.o(.ARM.Collect$$rtentry$$00000004)
    __rt_entry_li                            0x0000014b   Thumb Code     0  __rtentry2.o(.ARM.Collect$$rtentry$$0000000A)
    __rt_entry_postsh_1                      0x0000014b   Thumb Code     0  __rtentry2.o(.ARM.Collect$$rtentry$$00000009)
    __rt_entry_main                          0x0000014f   Thumb Code     0  __rtentry2.o(.ARM.Collect$$rtentry$$0000000D)
    __rt_entry_postli_1                      0x0000014f   Thumb Code     0  __rtentry2.o(.ARM.Collect$$rtentry$$0000000C)
    __rt_exit                                0x00000157   Thumb Code     0  rtexit.o(.ARM.Collect$$rtexit$$00000000)
    __rt_exit_ls                             0x00000159   Thumb Code     0  rtexit2.o(.ARM.Collect$$rtexit$$00000003)
    __rt_exit_prels_1                        0x00000159   Thumb Code     0  rtexit2.o(.ARM.Collect$$rtexit$$00000002)
    __rt_exit_exit                           0x0000015d   Thumb Code     0  rtexit2.o(.ARM.Collect$$rtexit$$00000004)
    __asm___6_port_c_39a90d8d__prvPortStartFirstTask 0x00000165   Thumb Code    36  port.o(.emb_text)
    ulSetInterruptMaskFromISR                0x0000018d   Thumb Code     8  port.o(.emb_text)
    vClearInterruptMaskFromISR               0x00000195   Thumb Code     6  port.o(.emb_text)
    PendSV_Handler                           0x0000019b   Thumb Code    62  port.o(.emb_text)
    __aeabi_memcpy4                          0x000001dd   Thumb Code    56  rt_memcpy.o(.emb_text)
    __aeabi_memcpy8                          0x000001dd   Thumb Code     0  rt_memcpy.o(.emb_text)
    Reset_Handler                            0x00000215   Thumb Code    26  startup_hc32l19x.o(.text)
    NMI_Handler                              0x0000022f   Thumb Code     2  startup_hc32l19x.o(.text)
    __user_initial_stackheap                 0x0000023d   Thumb Code     0  startup_hc32l19x.o(.text)
    __aeabi_uidiv                            0x0000026d   Thumb Code     0  aeabi_sdiv.o(.text)
    __aeabi_uidivmod                         0x0000026d   Thumb Code    20  aeabi_sdiv.o(.text)
    __aeabi_idiv                             0x00000281   Thumb Code     0  aeabi_sdiv.o(.text)
    __aeabi_idivmod                          0x00000281   Thumb Code   326  aeabi_sdiv.o(.text)
    __use_two_region_memory                  0x000003c7   Thumb Code     2  heapauxi.o(.text)
    __rt_heap_escrow$2region                 0x000003c9   Thumb Code     2  heapauxi.o(.text)
    __rt_heap_expand$2region                 0x000003cb   Thumb Code     2  heapauxi.o(.text)
    __user_setup_stackheap                   0x000003cd   Thumb Code    62  sys_stackheap_outer.o(.text)
    exit                                     0x0000040b   Thumb Code    16  exit.o(.text)
    __user_libspace                          0x0000041d   Thumb Code     8  libspace.o(.text)
    __user_perproc_libspace                  0x0000041d   Thumb Code     0  libspace.o(.text)
    __user_perthread_libspace                0x0000041d   Thumb Code     0  libspace.o(.text)
    _sys_exit                                0x00000425   Thumb Code     8  sys_exit.o(.text)
    __I$use$semihosting                      0x00000431   Thumb Code     0  use_no_semi.o(.text)
    __use_no_semihosting_swi                 0x00000431   Thumb Code     2  use_no_semi.o(.text)
    __semihosting_library_function           0x00000433   Thumb Code     0  indicate_semi.o(.text)
    main                                     0x00000433   Thumb Code    14  system_hc32l19x.o(i.$Sub$$main)
    ADC_DAC_IRQHandler                       0x00000441   Thumb Code    12  interrupts_hc32l19x.o(i.ADC_DAC_IRQHandler)
    Adc_ClrIrqStatus                         0x0000044d   Thumb Code    12  adc.o(i.Adc_ClrIrqStatus)
    Adc_GetIrqStatus                         0x0000045d   Thumb Code    20  adc.o(i.Adc_GetIrqStatus)
    Adc_GetSglResult                         0x00000475   Thumb Code     6  adc.o(i.Adc_GetSglResult)
    Adc_IRQHandler                           0x00000481   Thumb Code    26  hd_adc.o(i.Adc_IRQHandler)
    Adc_SGL_Start                            0x000004a1   Thumb Code     8  adc.o(i.Adc_SGL_Start)
    App_LowPowerModeGpioSet                  0x000004ad   Thumb Code   116  hd_deepsleep.o(i.App_LowPowerModeGpioSet)
    CLKTRIM_IRQHandler                       0x00000531   Thumb Code     8  interrupts_hc32l19x.o(i.CLKTRIM_IRQHandler)
    DMAC_IRQHandler                          0x00000539   Thumb Code     8  interrupts_hc32l19x.o(i.DMAC_IRQHandler)
    EnableNvic                               0x00000541   Thumb Code   128  interrupts_hc32l19x.o(i.EnableNvic)
    FLASH_RAM_IRQHandler                     0x000005c9   Thumb Code    12  interrupts_hc32l19x.o(i.FLASH_RAM_IRQHandler)
    Flash_WaitCycle                          0x000005d5   Thumb Code    38  flash.o(i.Flash_WaitCycle)
    GetBit                                   0x00000609   Thumb Code    12  ddl.o(i.GetBit)
    Gpio_ClrIO                               0x00000615   Thumb Code    22  gpio.o(i.Gpio_ClrIO)
    Gpio_Init                                0x00000631   Thumb Code   144  gpio.o(i.Gpio_Init)
    Gpio_SetIO                               0x000006cd   Thumb Code    22  gpio.o(i.Gpio_SetIO)
    HC32F19x_freertos_sleep                  0x000006e9   Thumb Code    86  port.o(i.HC32F19x_freertos_sleep)
    HC32F19x_freertos_wakeup                 0x0000074d   Thumb Code    44  port.o(i.HC32F19x_freertos_wakeup)
    HardFault_Handler                        0x00000785   Thumb Code    16  interrupts_hc32l19x.o(i.HardFault_Handler)
    I2C0_IRQHandler                          0x00000795   Thumb Code     8  interrupts_hc32l19x.o(i.I2C0_IRQHandler)
    I2C1_IRQHandler                          0x0000079d   Thumb Code     8  interrupts_hc32l19x.o(i.I2C1_IRQHandler)
    LCD_IRQHandler                           0x000007a5   Thumb Code     8  interrupts_hc32l19x.o(i.LCD_IRQHandler)
    LPTIM0_1_IRQHandler                      0x000007ad   Thumb Code    12  interrupts_hc32l19x.o(i.LPTIM0_1_IRQHandler)
    LPUART0_IRQHandler                       0x000007b9   Thumb Code     8  interrupts_hc32l19x.o(i.LPUART0_IRQHandler)
    LPUART1_IRQHandler                       0x000007c1   Thumb Code     8  interrupts_hc32l19x.o(i.LPUART1_IRQHandler)
    LVD_IRQHandler                           0x000007c9   Thumb Code     8  interrupts_hc32l19x.o(i.LVD_IRQHandler)
    LpTim0_IRQHandler                        0x000007d1   Thumb Code    28  hd_lptimer.o(i.LpTim0_IRQHandler)
    Lpm_GotoDeepSleep                        0x000007f1   Thumb Code    30  lpm.o(i.Lpm_GotoDeepSleep)
    Lptim_ClrItStatus                        0x00000815   Thumb Code    18  lptim.o(i.Lptim_ClrItStatus)
    Lptim_Cmd                                0x00000827   Thumb Code    20  lptim.o(i.Lptim_Cmd)
    Lptim_ConfIt                             0x0000083b   Thumb Code    20  lptim.o(i.Lptim_ConfIt)
    Lptim_GetItStatus                        0x0000084f   Thumb Code    16  lptim.o(i.Lptim_GetItStatus)
    Lptim_Init                               0x0000085f   Thumb Code   192  lptim.o(i.Lptim_Init)
    PCA_IRQHandler                           0x0000091f   Thumb Code     8  interrupts_hc32l19x.o(i.PCA_IRQHandler)
    PCNT_IRQHandler                          0x00000927   Thumb Code     8  interrupts_hc32l19x.o(i.PCNT_IRQHandler)
    PORTA_IRQHandler                         0x0000092f   Thumb Code     8  interrupts_hc32l19x.o(i.PORTA_IRQHandler)
    PORTB_IRQHandler                         0x00000937   Thumb Code     8  interrupts_hc32l19x.o(i.PORTB_IRQHandler)
    PORTC_E_IRQHandler                       0x0000093f   Thumb Code    12  interrupts_hc32l19x.o(i.PORTC_E_IRQHandler)
    PORTD_F_IRQHandler                       0x0000094b   Thumb Code    12  interrupts_hc32l19x.o(i.PORTD_F_IRQHandler)
    RTC_IRQHandler                           0x00000957   Thumb Code     8  interrupts_hc32l19x.o(i.RTC_IRQHandler)
    SPI0_IRQHandler                          0x0000095f   Thumb Code     8  interrupts_hc32l19x.o(i.SPI0_IRQHandler)
    SPI1_IRQHandler                          0x00000967   Thumb Code     8  interrupts_hc32l19x.o(i.SPI1_IRQHandler)
    SVC_Handler                              0x0000096f   Thumb Code     2  port.o(i.SVC_Handler)
    SetBit                                   0x00000971   Thumb Code    30  ddl.o(i.SetBit)
    SetSleepTime                             0x00000991   Thumb Code    64  port.o(i.SetSleepTime)
    SysTick_Handler                          0x000009dd   Thumb Code    32  port.o(i.SysTick_Handler)
    Sysctrl_ClkInit                          0x00000a01   Thumb Code   106  sysctrl.o(i.Sysctrl_ClkInit)
    Sysctrl_ClkSourceEnable                  0x00000a6d   Thumb Code   272  sysctrl.o(i.Sysctrl_ClkSourceEnable)
    Sysctrl_GetHClkFreq                      0x00000b89   Thumb Code   354  sysctrl.o(i.Sysctrl_GetHClkFreq)
    Sysctrl_SetHCLKDiv                       0x00000cfd   Thumb Code    36  sysctrl.o(i.Sysctrl_SetHCLKDiv)
    Sysctrl_SetPCLKDiv                       0x00000d25   Thumb Code    36  sysctrl.o(i.Sysctrl_SetPCLKDiv)
    Sysctrl_SetPLLFreq                       0x00000d4d   Thumb Code   258  sysctrl.o(i.Sysctrl_SetPLLFreq)
    Sysctrl_SetPLLStableTime                 0x00000e61   Thumb Code    32  sysctrl.o(i.Sysctrl_SetPLLStableTime)
    Sysctrl_SetPeripheralGate                0x00000e85   Thumb Code    72  sysctrl.o(i.Sysctrl_SetPeripheralGate)
    Sysctrl_SetRCHTrim                       0x00000ed5   Thumb Code    32  sysctrl.o(i.Sysctrl_SetRCHTrim)
    Sysctrl_SetRCLStableTime                 0x00000efd   Thumb Code    32  sysctrl.o(i.Sysctrl_SetRCLStableTime)
    Sysctrl_SetRCLTrim                       0x00000f21   Thumb Code    32  sysctrl.o(i.Sysctrl_SetRCLTrim)
    Sysctrl_SetXTHStableTime                 0x00000f49   Thumb Code    28  sysctrl.o(i.Sysctrl_SetXTHStableTime)
    Sysctrl_SetXTLStableTime                 0x00000f69   Thumb Code    28  sysctrl.o(i.Sysctrl_SetXTLStableTime)
    Sysctrl_SysClkSwitch                     0x00000f89   Thumb Code    40  sysctrl.o(i.Sysctrl_SysClkSwitch)
    Sysctrl_XTHDriverCfg                     0x00000fb5   Thumb Code    24  sysctrl.o(i.Sysctrl_XTHDriverCfg)
    Sysctrl_XTLDriverCfg                     0x00000fd1   Thumb Code    46  sysctrl.o(i.Sysctrl_XTLDriverCfg)
    SystemCoreClockUpdate                    0x00001005   Thumb Code    12  system_hc32l19x.o(i.SystemCoreClockUpdate)
    SystemInit                               0x00001015   Thumb Code    52  system_hc32l19x.o(i.SystemInit)
    System_EnterDeepsleep                    0x00001051   Thumb Code    86  hd_deepsleep.o(i.System_EnterDeepsleep)
    TIM0_IRQHandler                          0x000010a7   Thumb Code     8  interrupts_hc32l19x.o(i.TIM0_IRQHandler)
    TIM1_IRQHandler                          0x000010af   Thumb Code     8  interrupts_hc32l19x.o(i.TIM1_IRQHandler)
    TIM2_IRQHandler                          0x000010b7   Thumb Code     8  interrupts_hc32l19x.o(i.TIM2_IRQHandler)
    TIM3_IRQHandler                          0x000010bf   Thumb Code     8  interrupts_hc32l19x.o(i.TIM3_IRQHandler)
    TIM4_IRQHandler                          0x000010c7   Thumb Code     8  interrupts_hc32l19x.o(i.TIM4_IRQHandler)
    TIM5_IRQHandler                          0x000010cf   Thumb Code     8  interrupts_hc32l19x.o(i.TIM5_IRQHandler)
    TIM6_IRQHandler                          0x000010d7   Thumb Code     8  interrupts_hc32l19x.o(i.TIM6_IRQHandler)
    Task_Test                                0x000010df   Thumb Code    44  app_task.o(i.Task_Test)
    Tim3_ClearIntFlag                        0x0000110d   Thumb Code    16  timer3.o(i.Tim3_ClearIntFlag)
    Tim3_GetIntFlag                          0x00001121   Thumb Code    18  timer3.o(i.Tim3_GetIntFlag)
    Tim3_IRQHandler                          0x00001139   Thumb Code    50  hd_gpt_timer.o(i.Tim3_IRQHandler)
    UART0_2_IRQHandler                       0x00001171   Thumb Code    12  interrupts_hc32l19x.o(i.UART0_2_IRQHandler)
    UART1_3_IRQHandler                       0x0000117d   Thumb Code    12  interrupts_hc32l19x.o(i.UART1_3_IRQHandler)
    Uart1_IRQHandler                         0x00001189   Thumb Code    54  hd_uart1.o(i.Uart1_IRQHandler)
    Uart_ClrStatus                           0x000011c9   Thumb Code    22  uart.o(i.Uart_ClrStatus)
    Uart_GetStatus                           0x000011df   Thumb Code    24  uart.o(i.Uart_GetStatus)
    Uart_ReceiveData                         0x000011f7   Thumb Code     8  uart.o(i.Uart_ReceiveData)
    VC0_IRQHandler                           0x000011ff   Thumb Code     8  interrupts_hc32l19x.o(i.VC0_IRQHandler)
    VC1_2_IRQHandler                         0x00001207   Thumb Code    12  interrupts_hc32l19x.o(i.VC1_2_IRQHandler)
    WDT_IRQHandler                           0x00001213   Thumb Code     8  interrupts_hc32l19x.o(i.WDT_IRQHandler)
    __ARM_common_switch8                     0x00001235   Thumb Code    28  tasks.o(i.__ARM_common_switch8)
    ddl_memclr                               0x000013b9   Thumb Code    32  ddl.o(i.ddl_memclr)
    delay1ms                                 0x000013d9   Thumb Code    76  ddl.o(i.delay1ms)
    eTaskConfirmSleepModeStatus              0x00001431   Thumb Code    46  tasks.o(i.eTaskConfirmSleepModeStatus)
    lptim_init                               0x00001471   Thumb Code    90  hd_lptimer.o(i.lptim_init)
    $Super$$main                             0x000014d1   Thumb Code   196  main.o(i.main)
    osSystickHandler                         0x000015a9   Thumb Code    16  cmsis_os.o(i.osSystickHandler)
    os_task_init                             0x000015b9   Thumb Code    28  app_task.o(i.os_task_init)
    pvPortMalloc                             0x00001a7d   Thumb Code   264  heap_4.o(i.pvPortMalloc)
    pxPortInitialiseStack                    0x00001b99   Thumb Code    26  port.o(i.pxPortInitialiseStack)
    uxListRemove                             0x00001bb9   Thumb Code    40  list.o(i.uxListRemove)
    vListInitialise                          0x00001be1   Thumb Code    26  list.o(i.vListInitialise)
    vListInitialiseItem                      0x00001bfb   Thumb Code     6  list.o(i.vListInitialiseItem)
    vListInsert                              0x00001c01   Thumb Code    54  list.o(i.vListInsert)
    vListInsertEnd                           0x00001c37   Thumb Code    24  list.o(i.vListInsertEnd)
    vPortEnterCritical                       0x00001c51   Thumb Code    22  port.o(i.vPortEnterCritical)
    vPortExitCritical                        0x00001c6d   Thumb Code    36  port.o(i.vPortExitCritical)
    vPortFree                                0x00001c95   Thumb Code   120  heap_4.o(i.vPortFree)
    vPortSetupTimerInterrupt                 0x00001d15   Thumb Code    80  port.o(i.vPortSetupTimerInterrupt)
    vPortSuppressTicksAndSleep               0x00001d7d   Thumb Code   302  port.o(i.vPortSuppressTicksAndSleep)
    vPortYield                               0x00001ebd   Thumb Code    18  port.o(i.vPortYield)
    vTaskDelay                               0x00001ed5   Thumb Code    62  tasks.o(i.vTaskDelay)
    vTaskStartScheduler                      0x00001f19   Thumb Code    80  tasks.o(i.vTaskStartScheduler)
    vTaskStepTick                            0x00001f85   Thumb Code    42  tasks.o(i.vTaskStepTick)
    vTaskSuspendAll                          0x00001fb9   Thumb Code    12  tasks.o(i.vTaskSuspendAll)
    vTaskSwitchContext                       0x00001fc9   Thumb Code   108  tasks.o(i.vTaskSwitchContext)
    xPortStartScheduler                      0x00002049   Thumb Code    48  port.o(i.xPortStartScheduler)
    xTaskCreate                              0x00002081   Thumb Code    92  tasks.o(i.xTaskCreate)
    xTaskGetSchedulerState                   0x000020dd   Thumb Code    28  tasks.o(i.xTaskGetSchedulerState)
    xTaskIncrementTick                       0x00002101   Thumb Code   270  tasks.o(i.xTaskIncrementTick)
    xTaskResumeAll                           0x0000223d   Thumb Code   206  tasks.o(i.xTaskResumeAll)
    Region$$Table$$Base                      0x00002344   Number         0  anon$$obj.o(Region$$Table)
    Region$$Table$$Limit                     0x00002364   Number         0  anon$$obj.o(Region$$Table)
    Hd_Test_Task                             0x20000000   Data           4  app_task.o(.data)
    clk_data                                 0x20000004   Data           4  main.o(.data)
    pxCurrentTCB                             0x20000008   Data           4  tasks.o(.data)
    Timer0_value                             0x2000005c   Data           2  port.o(.data)
    Division                                 0x2000005e   Data           1  port.o(.data)
    Flag_Sleep                               0x2000005f   Data           1  port.o(.data)
    SystemCoreClock                          0x20000074   Data           4  system_hc32l19x.o(.data)
    Adc_result                               0x20000078   Data           2  hd_adc.o(.data)
    u8RxData                                 0x2000007b   Data           1  hd_uart1.o(.data)
    __libspace_start                         0x20000d6c   Data          96  libspace.o(.bss)
    __temporary_stack_top$libspace           0x20000dcc   Data           0  libspace.o(.bss)



==============================================================================

Memory Map of the image

  Image Entry point : 0x000000c1

  Load Region LR_IROM1 (Base: 0x00000000, Size: 0x000023e0, Max: 0x00040000, ABSOLUTE)

    Execution Region ER_IROM1 (Exec base: 0x00000000, Load base: 0x00000000, Size: 0x00002364, Max: 0x00040000, ABSOLUTE)

    Exec Addr    Load Addr    Size         Type   Attr      Idx    E Section Name        Object

    0x00000000   0x00000000   0x000000c0   Data   RO         5189    RESET               startup_hc32l19x.o
    0x000000c0   0x000000c0   0x00000008   Code   RO         5409  * !!!main             c_p.l(__main.o)
    0x000000c8   0x000000c8   0x0000003c   Code   RO         5578    !!!scatter          c_p.l(__scatter.o)
    0x00000104   0x00000104   0x0000001a   Code   RO         5580    !!handler_copy      c_p.l(__scatter_copy.o)
    0x0000011e   0x0000011e   0x00000002   PAD
    0x00000120   0x00000120   0x0000001c   Code   RO         5582    !!handler_zi        c_p.l(__scatter_zi.o)
    0x0000013c   0x0000013c   0x00000002   Code   RO         5447    .ARM.Collect$$libinit$$00000000  c_p.l(libinit.o)
    0x0000013e   0x0000013e   0x00000000   Code   RO         5461    .ARM.Collect$$libinit$$00000002  c_p.l(libinit2.o)
    0x0000013e   0x0000013e   0x00000000   Code   RO         5463    .ARM.Collect$$libinit$$00000004  c_p.l(libinit2.o)
    0x0000013e   0x0000013e   0x00000000   Code   RO         5466    .ARM.Collect$$libinit$$0000000A  c_p.l(libinit2.o)
    0x0000013e   0x0000013e   0x00000000   Code   RO         5468    .ARM.Collect$$libinit$$0000000C  c_p.l(libinit2.o)
    0x0000013e   0x0000013e   0x00000000   Code   RO         5470    .ARM.Collect$$libinit$$0000000E  c_p.l(libinit2.o)
    0x0000013e   0x0000013e   0x00000000   Code   RO         5473    .ARM.Collect$$libinit$$00000011  c_p.l(libinit2.o)
    0x0000013e   0x0000013e   0x00000000   Code   RO         5475    .ARM.Collect$$libinit$$00000013  c_p.l(libinit2.o)
    0x0000013e   0x0000013e   0x00000000   Code   RO         5477    .ARM.Collect$$libinit$$00000015  c_p.l(libinit2.o)
    0x0000013e   0x0000013e   0x00000000   Code   RO         5479    .ARM.Collect$$libinit$$00000017  c_p.l(libinit2.o)
    0x0000013e   0x0000013e   0x00000000   Code   RO         5481    .ARM.Collect$$libinit$$00000019  c_p.l(libinit2.o)
    0x0000013e   0x0000013e   0x00000000   Code   RO         5483    .ARM.Collect$$libinit$$0000001B  c_p.l(libinit2.o)
    0x0000013e   0x0000013e   0x00000000   Code   RO         5485    .ARM.Collect$$libinit$$0000001D  c_p.l(libinit2.o)
    0x0000013e   0x0000013e   0x00000000   Code   RO         5487    .ARM.Collect$$libinit$$0000001F  c_p.l(libinit2.o)
    0x0000013e   0x0000013e   0x00000000   Code   RO         5489    .ARM.Collect$$libinit$$00000021  c_p.l(libinit2.o)
    0x0000013e   0x0000013e   0x00000000   Code   RO         5491    .ARM.Collect$$libinit$$00000023  c_p.l(libinit2.o)
    0x0000013e   0x0000013e   0x00000000   Code   RO         5493    .ARM.Collect$$libinit$$00000025  c_p.l(libinit2.o)
    0x0000013e   0x0000013e   0x00000000   Code   RO         5497    .ARM.Collect$$libinit$$0000002C  c_p.l(libinit2.o)
    0x0000013e   0x0000013e   0x00000000   Code   RO         5499    .ARM.Collect$$libinit$$0000002E  c_p.l(libinit2.o)
    0x0000013e   0x0000013e   0x00000000   Code   RO         5501    .ARM.Collect$$libinit$$00000030  c_p.l(libinit2.o)
    0x0000013e   0x0000013e   0x00000000   Code   RO         5503    .ARM.Collect$$libinit$$00000032  c_p.l(libinit2.o)
    0x0000013e   0x0000013e   0x00000002   Code   RO         5504    .ARM.Collect$$libinit$$00000033  c_p.l(libinit2.o)
    0x00000140   0x00000140   0x00000002   Code   RO         5535    .ARM.Collect$$libshutdown$$00000000  c_p.l(libshutdown.o)
    0x00000142   0x00000142   0x00000000   Code   RO         5561    .ARM.Collect$$libshutdown$$00000002  c_p.l(libshutdown2.o)
    0x00000142   0x00000142   0x00000000   Code   RO         5563    .ARM.Collect$$libshutdown$$00000004  c_p.l(libshutdown2.o)
    0x00000142   0x00000142   0x00000000   Code   RO         5566    .ARM.Collect$$libshutdown$$00000007  c_p.l(libshutdown2.o)
    0x00000142   0x00000142   0x00000000   Code   RO         5569    .ARM.Collect$$libshutdown$$0000000A  c_p.l(libshutdown2.o)
    0x00000142   0x00000142   0x00000000   Code   RO         5571    .ARM.Collect$$libshutdown$$0000000C  c_p.l(libshutdown2.o)
    0x00000142   0x00000142   0x00000000   Code   RO         5574    .ARM.Collect$$libshutdown$$0000000F  c_p.l(libshutdown2.o)
    0x00000142   0x00000142   0x00000002   Code   RO         5575    .ARM.Collect$$libshutdown$$00000010  c_p.l(libshutdown2.o)
    0x00000144   0x00000144   0x00000000   Code   RO         5411    .ARM.Collect$$rtentry$$00000000  c_p.l(__rtentry.o)
    0x00000144   0x00000144   0x00000000   Code   RO         5417    .ARM.Collect$$rtentry$$00000002  c_p.l(__rtentry2.o)
    0x00000144   0x00000144   0x00000006   Code   RO         5429    .ARM.Collect$$rtentry$$00000004  c_p.l(__rtentry4.o)
    0x0000014a   0x0000014a   0x00000000   Code   RO         5419    .ARM.Collect$$rtentry$$00000009  c_p.l(__rtentry2.o)
    0x0000014a   0x0000014a   0x00000004   Code   RO         5420    .ARM.Collect$$rtentry$$0000000A  c_p.l(__rtentry2.o)
    0x0000014e   0x0000014e   0x00000000   Code   RO         5422    .ARM.Collect$$rtentry$$0000000C  c_p.l(__rtentry2.o)
    0x0000014e   0x0000014e   0x00000008   Code   RO         5423    .ARM.Collect$$rtentry$$0000000D  c_p.l(__rtentry2.o)
    0x00000156   0x00000156   0x00000002   Code   RO         5452    .ARM.Collect$$rtexit$$00000000  c_p.l(rtexit.o)
    0x00000158   0x00000158   0x00000000   Code   RO         5508    .ARM.Collect$$rtexit$$00000002  c_p.l(rtexit2.o)
    0x00000158   0x00000158   0x00000004   Code   RO         5509    .ARM.Collect$$rtexit$$00000003  c_p.l(rtexit2.o)
    0x0000015c   0x0000015c   0x00000006   Code   RO         5510    .ARM.Collect$$rtexit$$00000004  c_p.l(rtexit2.o)
    0x00000162   0x00000162   0x00000002   PAD
    0x00000164   0x00000164   0x00000078   Code   RO          893    .emb_text           port.o
    0x000001dc   0x000001dc   0x00000038   Code   RO         5397    .emb_text           c_p.l(rt_memcpy.o)
    0x00000214   0x00000214   0x00000058   Code   RO         5190    .text               startup_hc32l19x.o
    0x0000026c   0x0000026c   0x0000015a   Code   RO         5403    .text               c_p.l(aeabi_sdiv.o)
    0x000003c6   0x000003c6   0x00000006   Code   RO         5407    .text               c_p.l(heapauxi.o)
    0x000003cc   0x000003cc   0x0000003e   Code   RO         5433    .text               c_p.l(sys_stackheap_outer.o)
    0x0000040a   0x0000040a   0x00000010   Code   RO         5436    .text               c_p.l(exit.o)
    0x0000041a   0x0000041a   0x00000002   PAD
    0x0000041c   0x0000041c   0x00000008   Code   RO         5448    .text               c_p.l(libspace.o)
    0x00000424   0x00000424   0x0000000c   Code   RO         5505    .text               c_p.l(sys_exit.o)
    0x00000430   0x00000430   0x00000002   Code   RO         5524    .text               c_p.l(use_no_semi.o)
    0x00000432   0x00000432   0x00000000   Code   RO         5526    .text               c_p.l(indicate_semi.o)
    0x00000432   0x00000432   0x0000000e   Code   RO         5142    i.$Sub$$main        system_hc32l19x.o
    0x00000440   0x00000440   0x0000000c   Code   RO         4916    i.ADC_DAC_IRQHandler  interrupts_hc32l19x.o
    0x0000044c   0x0000044c   0x00000010   Code   RO         1375    i.Adc_ClrIrqStatus  adc.o
    0x0000045c   0x0000045c   0x00000018   Code   RO         1381    i.Adc_GetIrqStatus  adc.o
    0x00000474   0x00000474   0x0000000c   Code   RO         1383    i.Adc_GetSglResult  adc.o
    0x00000480   0x00000480   0x00000020   Code   RO         5196    i.Adc_IRQHandler    hd_adc.o
    0x000004a0   0x000004a0   0x0000000c   Code   RO         1392    i.Adc_SGL_Start     adc.o
    0x000004ac   0x000004ac   0x00000084   Code   RO         5371    i.App_LowPowerModeGpioSet  hd_deepsleep.o
    0x00000530   0x00000530   0x00000008   Code   RO         4917    i.CLKTRIM_IRQHandler  interrupts_hc32l19x.o
    0x00000538   0x00000538   0x00000008   Code   RO         4918    i.DMAC_IRQHandler   interrupts_hc32l19x.o
    0x00000540   0x00000540   0x00000088   Code   RO         4919    i.EnableNvic        interrupts_hc32l19x.o
    0x000005c8   0x000005c8   0x0000000c   Code   RO         4920    i.FLASH_RAM_IRQHandler  interrupts_hc32l19x.o
    0x000005d4   0x000005d4   0x00000034   Code   RO         2784    i.Flash_WaitCycle   flash.o
    0x00000608   0x00000608   0x0000000c   Code   RO         2522    i.GetBit            ddl.o
    0x00000614   0x00000614   0x0000001c   Code   RO         2876    i.Gpio_ClrIO        gpio.o
    0x00000630   0x00000630   0x0000009c   Code   RO         2883    i.Gpio_Init         gpio.o
    0x000006cc   0x000006cc   0x0000001c   Code   RO         2889    i.Gpio_SetIO        gpio.o
    0x000006e8   0x000006e8   0x00000064   Code   RO          894    i.HC32F19x_freertos_sleep  port.o
    0x0000074c   0x0000074c   0x00000038   Code   RO          895    i.HC32F19x_freertos_wakeup  port.o
    0x00000784   0x00000784   0x00000010   Code   RO         4921    i.HardFault_Handler  interrupts_hc32l19x.o
    0x00000794   0x00000794   0x00000008   Code   RO         4922    i.I2C0_IRQHandler   interrupts_hc32l19x.o
    0x0000079c   0x0000079c   0x00000008   Code   RO         4923    i.I2C1_IRQHandler   interrupts_hc32l19x.o
    0x000007a4   0x000007a4   0x00000008   Code   RO         4924    i.LCD_IRQHandler    interrupts_hc32l19x.o
    0x000007ac   0x000007ac   0x0000000c   Code   RO         4925    i.LPTIM0_1_IRQHandler  interrupts_hc32l19x.o
    0x000007b8   0x000007b8   0x00000008   Code   RO         4926    i.LPUART0_IRQHandler  interrupts_hc32l19x.o
    0x000007c0   0x000007c0   0x00000008   Code   RO         4927    i.LPUART1_IRQHandler  interrupts_hc32l19x.o
    0x000007c8   0x000007c8   0x00000008   Code   RO         4928    i.LVD_IRQHandler    interrupts_hc32l19x.o
    0x000007d0   0x000007d0   0x00000020   Code   RO         5345    i.LpTim0_IRQHandler  hd_lptimer.o
    0x000007f0   0x000007f0   0x00000024   Code   RO         3187    i.Lpm_GotoDeepSleep  lpm.o
    0x00000814   0x00000814   0x00000012   Code   RO         3213    i.Lptim_ClrItStatus  lptim.o
    0x00000826   0x00000826   0x00000014   Code   RO         3214    i.Lptim_Cmd         lptim.o
    0x0000083a   0x0000083a   0x00000014   Code   RO         3215    i.Lptim_ConfIt      lptim.o
    0x0000084e   0x0000084e   0x00000010   Code   RO         3216    i.Lptim_GetItStatus  lptim.o
    0x0000085e   0x0000085e   0x000000c0   Code   RO         3217    i.Lptim_Init        lptim.o
    0x0000091e   0x0000091e   0x00000008   Code   RO         4929    i.PCA_IRQHandler    interrupts_hc32l19x.o
    0x00000926   0x00000926   0x00000008   Code   RO         4930    i.PCNT_IRQHandler   interrupts_hc32l19x.o
    0x0000092e   0x0000092e   0x00000008   Code   RO         4931    i.PORTA_IRQHandler  interrupts_hc32l19x.o
    0x00000936   0x00000936   0x00000008   Code   RO         4932    i.PORTB_IRQHandler  interrupts_hc32l19x.o
    0x0000093e   0x0000093e   0x0000000c   Code   RO         4933    i.PORTC_E_IRQHandler  interrupts_hc32l19x.o
    0x0000094a   0x0000094a   0x0000000c   Code   RO         4934    i.PORTD_F_IRQHandler  interrupts_hc32l19x.o
    0x00000956   0x00000956   0x00000008   Code   RO         4935    i.RTC_IRQHandler    interrupts_hc32l19x.o
    0x0000095e   0x0000095e   0x00000008   Code   RO         4936    i.SPI0_IRQHandler   interrupts_hc32l19x.o
    0x00000966   0x00000966   0x00000008   Code   RO         4937    i.SPI1_IRQHandler   interrupts_hc32l19x.o
    0x0000096e   0x0000096e   0x00000002   Code   RO          896    i.SVC_Handler       port.o
    0x00000970   0x00000970   0x0000001e   Code   RO         2524    i.SetBit            ddl.o
    0x0000098e   0x0000098e   0x00000002   PAD
    0x00000990   0x00000990   0x0000004c   Code   RO          897    i.SetSleepTime      port.o
    0x000009dc   0x000009dc   0x00000024   Code   RO          898    i.SysTick_Handler   port.o
    0x00000a00   0x00000a00   0x0000006a   Code   RO         4072    i.Sysctrl_ClkInit   sysctrl.o
    0x00000a6a   0x00000a6a   0x00000002   PAD
    0x00000a6c   0x00000a6c   0x0000011c   Code   RO         4073    i.Sysctrl_ClkSourceEnable  sysctrl.o
    0x00000b88   0x00000b88   0x00000174   Code   RO         4074    i.Sysctrl_GetHClkFreq  sysctrl.o
    0x00000cfc   0x00000cfc   0x00000028   Code   RO         4078    i.Sysctrl_SetHCLKDiv  sysctrl.o
    0x00000d24   0x00000d24   0x00000028   Code   RO         4079    i.Sysctrl_SetPCLKDiv  sysctrl.o
    0x00000d4c   0x00000d4c   0x00000114   Code   RO         4080    i.Sysctrl_SetPLLFreq  sysctrl.o
    0x00000e60   0x00000e60   0x00000024   Code   RO         4081    i.Sysctrl_SetPLLStableTime  sysctrl.o
    0x00000e84   0x00000e84   0x00000050   Code   RO         4082    i.Sysctrl_SetPeripheralGate  sysctrl.o
    0x00000ed4   0x00000ed4   0x00000028   Code   RO         4083    i.Sysctrl_SetRCHTrim  sysctrl.o
    0x00000efc   0x00000efc   0x00000024   Code   RO         4084    i.Sysctrl_SetRCLStableTime  sysctrl.o
    0x00000f20   0x00000f20   0x00000028   Code   RO         4085    i.Sysctrl_SetRCLTrim  sysctrl.o
    0x00000f48   0x00000f48   0x00000020   Code   RO         4088    i.Sysctrl_SetXTHStableTime  sysctrl.o
    0x00000f68   0x00000f68   0x00000020   Code   RO         4089    i.Sysctrl_SetXTLStableTime  sysctrl.o
    0x00000f88   0x00000f88   0x0000002c   Code   RO         4090    i.Sysctrl_SysClkSwitch  sysctrl.o
    0x00000fb4   0x00000fb4   0x0000001c   Code   RO         4091    i.Sysctrl_XTHDriverCfg  sysctrl.o
    0x00000fd0   0x00000fd0   0x00000034   Code   RO         4092    i.Sysctrl_XTLDriverCfg  sysctrl.o
    0x00001004   0x00001004   0x00000010   Code   RO         5143    i.SystemCoreClockUpdate  system_hc32l19x.o
    0x00001014   0x00001014   0x0000003c   Code   RO         5144    i.SystemInit        system_hc32l19x.o
    0x00001050   0x00001050   0x00000056   Code   RO         5372    i.System_EnterDeepsleep  hd_deepsleep.o
    0x000010a6   0x000010a6   0x00000008   Code   RO         4938    i.TIM0_IRQHandler   interrupts_hc32l19x.o
    0x000010ae   0x000010ae   0x00000008   Code   RO         4939    i.TIM1_IRQHandler   interrupts_hc32l19x.o
    0x000010b6   0x000010b6   0x00000008   Code   RO         4940    i.TIM2_IRQHandler   interrupts_hc32l19x.o
    0x000010be   0x000010be   0x00000008   Code   RO         4941    i.TIM3_IRQHandler   interrupts_hc32l19x.o
    0x000010c6   0x000010c6   0x00000008   Code   RO         4942    i.TIM4_IRQHandler   interrupts_hc32l19x.o
    0x000010ce   0x000010ce   0x00000008   Code   RO         4943    i.TIM5_IRQHandler   interrupts_hc32l19x.o
    0x000010d6   0x000010d6   0x00000008   Code   RO         4944    i.TIM6_IRQHandler   interrupts_hc32l19x.o
    0x000010de   0x000010de   0x0000002c   Code   RO            3    i.Task_Test         app_task.o
    0x0000110a   0x0000110a   0x00000002   PAD
    0x0000110c   0x0000110c   0x00000014   Code   RO         4226    i.Tim3_ClearIntFlag  timer3.o
    0x00001120   0x00001120   0x00000018   Code   RO         4227    i.Tim3_GetIntFlag   timer3.o
    0x00001138   0x00001138   0x00000038   Code   RO         5260    i.Tim3_IRQHandler   hd_gpt_timer.o
    0x00001170   0x00001170   0x0000000c   Code   RO         4945    i.UART0_2_IRQHandler  interrupts_hc32l19x.o
    0x0000117c   0x0000117c   0x0000000c   Code   RO         4946    i.UART1_3_IRQHandler  interrupts_hc32l19x.o
    0x00001188   0x00001188   0x00000040   Code   RO         5314    i.Uart1_IRQHandler  hd_uart1.o
    0x000011c8   0x000011c8   0x00000016   Code   RO         4667    i.Uart_ClrStatus    uart.o
    0x000011de   0x000011de   0x00000018   Code   RO         4674    i.Uart_GetStatus    uart.o
    0x000011f6   0x000011f6   0x00000008   Code   RO         4678    i.Uart_ReceiveData  uart.o
    0x000011fe   0x000011fe   0x00000008   Code   RO         4947    i.VC0_IRQHandler    interrupts_hc32l19x.o
    0x00001206   0x00001206   0x0000000c   Code   RO         4948    i.VC1_2_IRQHandler  interrupts_hc32l19x.o
    0x00001212   0x00001212   0x00000008   Code   RO         4949    i.WDT_IRQHandler    interrupts_hc32l19x.o
    0x0000121a   0x0000121a   0x00000002   PAD
    0x0000121c   0x0000121c   0x00000018   Code   RO         4093    i._SysctrlUnlock    sysctrl.o
    0x00001234   0x00001234   0x0000001c   Code   RO          812    i.__ARM_common_switch8  tasks.o
    0x00001250   0x00001250   0x00000078   Code   RO          142    i.__NVIC_SetPriority  main.o
    0x000012c8   0x000012c8   0x00000078   Code   RO          899    i.__NVIC_SetPriority  port.o
    0x00001340   0x00001340   0x00000078   Code   RO         4950    i.__NVIC_SetPriority  interrupts_hc32l19x.o
    0x000013b8   0x000013b8   0x00000020   Code   RO         2525    i.ddl_memclr        ddl.o
    0x000013d8   0x000013d8   0x00000058   Code   RO         2528    i.delay1ms          ddl.o
    0x00001430   0x00001430   0x00000040   Code   RO          509    i.eTaskConfirmSleepModeStatus  tasks.o
    0x00001470   0x00001470   0x00000060   Code   RO         5346    i.lptim_init        hd_lptimer.o
    0x000014d0   0x000014d0   0x000000d8   Code   RO          143    i.main              main.o
    0x000015a8   0x000015a8   0x00000010   Code   RO         1045    i.osSystickHandler  cmsis_os.o
    0x000015b8   0x000015b8   0x00000030   Code   RO            4    i.os_task_init      app_task.o
    0x000015e8   0x000015e8   0x0000007c   Code   RO          511    i.prvAddCurrentTaskToDelayedList  tasks.o
    0x00001664   0x00001664   0x000000a4   Code   RO          512    i.prvAddNewTaskToReadyList  tasks.o
    0x00001708   0x00001708   0x00000068   Code   RO          513    i.prvCheckTasksWaitingTermination  tasks.o
    0x00001770   0x00001770   0x00000012   Code   RO          514    i.prvDeleteTCB      tasks.o
    0x00001782   0x00001782   0x00000002   PAD
    0x00001784   0x00001784   0x00000050   Code   RO          515    i.prvGetExpectedIdleTime  tasks.o
    0x000017d4   0x000017d4   0x0000007c   Code   RO          836    i.prvHeapInit       heap_4.o
    0x00001850   0x00001850   0x00000060   Code   RO          516    i.prvIdleTask       tasks.o
    0x000018b0   0x000018b0   0x000000a4   Code   RO          517    i.prvInitialiseNewTask  tasks.o
    0x00001954   0x00001954   0x00000064   Code   RO          518    i.prvInitialiseTaskLists  tasks.o
    0x000019b8   0x000019b8   0x00000068   Code   RO          837    i.prvInsertBlockIntoFreeList  heap_4.o
    0x00001a20   0x00001a20   0x00000038   Code   RO          519    i.prvResetNextTaskUnblockTime  tasks.o
    0x00001a58   0x00001a58   0x00000024   Code   RO          900    i.prvTaskExitError  port.o
    0x00001a7c   0x00001a7c   0x0000011c   Code   RO          838    i.pvPortMalloc      heap_4.o
    0x00001b98   0x00001b98   0x00000020   Code   RO          901    i.pxPortInitialiseStack  port.o
    0x00001bb8   0x00001bb8   0x00000028   Code   RO          305    i.uxListRemove      list.o
    0x00001be0   0x00001be0   0x0000001a   Code   RO          306    i.vListInitialise   list.o
    0x00001bfa   0x00001bfa   0x00000006   Code   RO          307    i.vListInitialiseItem  list.o
    0x00001c00   0x00001c00   0x00000036   Code   RO          308    i.vListInsert       list.o
    0x00001c36   0x00001c36   0x00000018   Code   RO          309    i.vListInsertEnd    list.o
    0x00001c4e   0x00001c4e   0x00000002   PAD
    0x00001c50   0x00001c50   0x0000001c   Code   RO          903    i.vPortEnterCritical  port.o
    0x00001c6c   0x00001c6c   0x00000028   Code   RO          904    i.vPortExitCritical  port.o
    0x00001c94   0x00001c94   0x00000080   Code   RO          839    i.vPortFree         heap_4.o
    0x00001d14   0x00001d14   0x00000068   Code   RO          905    i.vPortSetupTimerInterrupt  port.o
    0x00001d7c   0x00001d7c   0x00000140   Code   RO          906    i.vPortSuppressTicksAndSleep  port.o
    0x00001ebc   0x00001ebc   0x00000018   Code   RO          907    i.vPortYield        port.o
    0x00001ed4   0x00001ed4   0x00000044   Code   RO          527    i.vTaskDelay        tasks.o
    0x00001f18   0x00001f18   0x0000006c   Code   RO          538    i.vTaskStartScheduler  tasks.o
    0x00001f84   0x00001f84   0x00000034   Code   RO          539    i.vTaskStepTick     tasks.o
    0x00001fb8   0x00001fb8   0x00000010   Code   RO          541    i.vTaskSuspendAll   tasks.o
    0x00001fc8   0x00001fc8   0x00000080   Code   RO          542    i.vTaskSwitchContext  tasks.o
    0x00002048   0x00002048   0x00000038   Code   RO          908    i.xPortStartScheduler  port.o
    0x00002080   0x00002080   0x0000005c   Code   RO          544    i.xTaskCreate       tasks.o
    0x000020dc   0x000020dc   0x00000024   Code   RO          548    i.xTaskGetSchedulerState  tasks.o
    0x00002100   0x00002100   0x0000013c   Code   RO          551    i.xTaskIncrementTick  tasks.o
    0x0000223c   0x0000223c   0x000000f0   Code   RO          557    i.xTaskResumeAll    tasks.o
    0x0000232c   0x0000232c   0x00000018   Data   RO         4094    .constdata          sysctrl.o
    0x00002344   0x00002344   0x00000020   Data   RO         5576    Region$$Table       anon$$obj.o


    Execution Region RW_IRAM1 (Exec base: 0x20000000, Load base: 0x00002364, Size: 0x000011d0, Max: 0x00008000, ABSOLUTE)

    Exec Addr    Load Addr    Size         Type   Attr      Idx    E Section Name        Object

    0x20000000   0x00002364   0x00000004   Data   RW            5    .data               app_task.o
    0x20000004   0x00002368   0x00000004   Data   RW          144    .data               main.o
    0x20000008   0x0000236c   0x0000003c   Data   RW          560    .data               tasks.o
    0x20000044   0x000023a8   0x00000018   Data   RW          844    .data               heap_4.o
    0x2000005c   0x000023c0   0x00000014   Data   RW          909    .data               port.o
    0x20000070   0x000023d4   0x00000001   Data   RW         4095    .data               sysctrl.o
    0x20000071   0x000023d5   0x00000003   PAD
    0x20000074   0x000023d8   0x00000004   Data   RW         5145    .data               system_hc32l19x.o
    0x20000078   0x000023dc   0x00000002   Data   RW         5198    .data               hd_adc.o
    0x2000007a   0x000023de   0x00000001   Data   RW         5262    .data               hd_gpt_timer.o
    0x2000007b   0x000023df   0x00000001   Data   RW         5315    .data               hd_uart1.o
    0x2000007c        -       0x000000f0   Zero   RW          559    .bss                tasks.o
    0x2000016c        -       0x00000c00   Zero   RW          843    .bss                heap_4.o
    0x20000d6c        -       0x00000060   Zero   RW         5449    .bss                c_p.l(libspace.o)
    0x20000dcc   0x000023e0   0x00000004   PAD
    0x20000dd0        -       0x00000200   Zero   RW         5188    HEAP                startup_hc32l19x.o
    0x20000fd0        -       0x00000200   Zero   RW         5187    STACK               startup_hc32l19x.o


==============================================================================

Image component sizes


      Code (inc. data)   RO Data    RW Data    ZI Data      Debug   Object Name

        64         18          0          0          0       5565   adc.o
        92         20          0          4          0     195562   app_task.o
        16          0          0          0          0        487   cmsis_os.o
       162         12          0          0          0       2406   ddl.o
         0          0          0          0          0       1472   event_groups.o
        52         14          0          0          0        542   flash.o
       212         24          0          0          0       2006   gpio.o
        32          6          0          2          0        650   hd_adc.o
       218         16          0          0          0       1030   hd_deepsleep.o
        56          6          0          1          0        474   hd_gpt_timer.o
       128         10          0          0          0        937   hd_lptimer.o
        64         10          0          1          0        666   hd_uart1.o
       640         60          0         24       3072       4207   heap_4.o
       560         18          0          0          0      24635   interrupts_hc32l19x.o
       150          0          0          0          0       3066   list.o
        36          6          0          0          0        448   lpm.o
       266          0          0          0          0       3912   lptim.o
       336         30          0          4          0       9974   main.o
      1150        138          0         20          0      18799   port.o
        88         40        192          0       1024        636   startup_hc32l19x.o
      1562        146         24          1          0      11072   sysctrl.o
        90         12          0          4          0       1616   system_hc32l19x.o
      2054        314          0         60        240      15964   tasks.o
        44         10          0          0          0       7550   timer3.o
        54          0          0          0          0       3197   uart.o

    ----------------------------------------------------------------------
      8138        910        248        124       4336     316873   Object Totals
         0          0         32          0          0          0   (incl. Generated)
        12          0          0          3          0          0   (incl. Padding)

    ----------------------------------------------------------------------

      Code (inc. data)   RO Data    RW Data    ZI Data      Debug   Library Member Name

         8          0          0          0          0         68   __main.o
         0          0          0          0          0          0   __rtentry.o
        12          0          0          0          0          0   __rtentry2.o
         6          0          0          0          0          0   __rtentry4.o
        60          8          0          0          0          0   __scatter.o
        26          0          0          0          0          0   __scatter_copy.o
        28          0          0          0          0          0   __scatter_zi.o
       346          0          0          0          0         92   aeabi_sdiv.o
        16          0          0          0          0         68   exit.o
         6          0          0          0          0        136   heapauxi.o
         0          0          0          0          0          0   indicate_semi.o
         2          0          0          0          0          0   libinit.o
         2          0          0          0          0          0   libinit2.o
         2          0          0          0          0          0   libshutdown.o
         2          0          0          0          0          0   libshutdown2.o
         8          4          0          0         96         68   libspace.o
        56          0          0          0          0         68   rt_memcpy.o
         2          0          0          0          0          0   rtexit.o
        10          0          0          0          0          0   rtexit2.o
        12          4          0          0          0         60   sys_exit.o
        62          0          0          0          0         80   sys_stackheap_outer.o
         2          0          0          0          0         68   use_no_semi.o

    ----------------------------------------------------------------------
       674         16          0          0        100        708   Library Totals
         6          0          0          0          4          0   (incl. Padding)

    ----------------------------------------------------------------------

      Code (inc. data)   RO Data    RW Data    ZI Data      Debug   Library Name

       668         16          0          0         96        708   c_p.l

    ----------------------------------------------------------------------
       674         16          0          0        100        708   Library Totals

    ----------------------------------------------------------------------

==============================================================================


      Code (inc. data)   RO Data    RW Data    ZI Data      Debug   

      8812        926        248        124       4436     311701   Grand Totals
      8812        926        248        124       4436     311701   ELF Image Totals
      8812        926        248        124          0          0   ROM Totals

==============================================================================

    Total RO  Size (Code + RO Data)                 9060 (   8.85kB)
    Total RW  Size (RW Data + ZI Data)              4560 (   4.45kB)
    Total ROM Size (Code + RO Data + RW Data)       9184 (   8.97kB)

==============================================================================

