Component: ARM Compiler 5.06 update 6 (build 750) Tool: armlink [4d35ed]

==============================================================================

Section Cross References

    main.o(i.main) refers to sysctrl.o(i.Sysctrl_SetRCLTrim) for Sysctrl_SetRCLTrim
    main.o(i.main) refers to sysctrl.o(i.Sysctrl_ClkSourceEnable) for Sysctrl_ClkSourceEnable
    main.o(i.main) refers to sysctrl.o(i.Sysctrl_SysClkSwitch) for Sysctrl_SysClkSwitch
    main.o(i.main) refers to sysctrl.o(i.Sysctrl_SetPeripheralGate) for Sysctrl_SetPeripheralGate
    main.o(i.main) refers to flash.o(i.Flash_WaitCycle) for Flash_WaitCycle
    main.o(i.main) refers to sysctrl.o(i.Sysctrl_SetRCHTrim) for Sysctrl_SetRCHTrim
    main.o(i.main) refers to sysctrl.o(i.Sysctrl_SetPLLFreq) for Sysctrl_SetPLLFreq
    main.o(i.main) refers to sysctrl.o(i.Sysctrl_ClkInit) for Sysctrl_ClkInit
    main.o(i.main) refers to sysctrl.o(i.Sysctrl_GetHClkFreq) for Sysctrl_GetHClkFreq
    main.o(i.main) refers to system_hc32f072.o(i.SystemCoreClockUpdate) for SystemCoreClockUpdate
    main.o(i.main) refers to aeabi_sdiv.o(.text) for __aeabi_uidivmod
    main.o(i.main) refers to main.o(i.__NVIC_SetPriority) for __NVIC_SetPriority
    main.o(i.main) refers to app_task.o(i.os_task_init) for os_task_init
    main.o(i.main) refers to main.o(.data) for clk_data
    app_task.o(i.Task_Test) refers to hd_gpio.o(i.Port_init) for Port_init
    app_task.o(i.Task_Test) refers to gpio.o(i.Gpio_SetIO) for Gpio_SetIO
    app_task.o(i.Task_Test) refers to tasks.o(i.vTaskDelay) for vTaskDelay
    app_task.o(i.Task_Test) refers to gpio.o(i.Gpio_ClrIO) for Gpio_ClrIO
    app_task.o(i.os_task_init) refers to tasks.o(i.xTaskCreate) for xTaskCreate
    app_task.o(i.os_task_init) refers to tasks.o(i.vTaskStartScheduler) for vTaskStartScheduler
    app_task.o(i.os_task_init) refers to app_task.o(.data) for Hd_Test_Task
    app_task.o(i.os_task_init) refers to app_task.o(i.Task_Test) for Task_Test
    event_groups.o(i.vEventGroupClearBitsCallback) refers to event_groups.o(i.xEventGroupClearBits) for xEventGroupClearBits
    event_groups.o(i.vEventGroupDelete) refers to tasks.o(i.vTaskSuspendAll) for vTaskSuspendAll
    event_groups.o(i.vEventGroupDelete) refers to tasks.o(i.xTaskRemoveFromUnorderedEventList) for xTaskRemoveFromUnorderedEventList
    event_groups.o(i.vEventGroupDelete) refers to heap_4.o(i.vPortFree) for vPortFree
    event_groups.o(i.vEventGroupDelete) refers to tasks.o(i.xTaskResumeAll) for xTaskResumeAll
    event_groups.o(i.vEventGroupSetBitsCallback) refers to event_groups.o(i.xEventGroupSetBits) for xEventGroupSetBits
    event_groups.o(i.xEventGroupClearBits) refers to port.o(i.vPortEnterCritical) for vPortEnterCritical
    event_groups.o(i.xEventGroupClearBits) refers to port.o(i.vPortExitCritical) for vPortExitCritical
    event_groups.o(i.xEventGroupCreate) refers to heap_4.o(i.pvPortMalloc) for pvPortMalloc
    event_groups.o(i.xEventGroupCreate) refers to list.o(i.vListInitialise) for vListInitialise
    event_groups.o(i.xEventGroupGetBitsFromISR) refers to port.o(.emb_text) for ulSetInterruptMaskFromISR
    event_groups.o(i.xEventGroupSetBits) refers to tasks.o(i.vTaskSuspendAll) for vTaskSuspendAll
    event_groups.o(i.xEventGroupSetBits) refers to tasks.o(i.xTaskRemoveFromUnorderedEventList) for xTaskRemoveFromUnorderedEventList
    event_groups.o(i.xEventGroupSetBits) refers to tasks.o(i.xTaskResumeAll) for xTaskResumeAll
    event_groups.o(i.xEventGroupSync) refers to tasks.o(i.xTaskGetSchedulerState) for xTaskGetSchedulerState
    event_groups.o(i.xEventGroupSync) refers to tasks.o(i.vTaskSuspendAll) for vTaskSuspendAll
    event_groups.o(i.xEventGroupSync) refers to event_groups.o(i.xEventGroupSetBits) for xEventGroupSetBits
    event_groups.o(i.xEventGroupSync) refers to tasks.o(i.vTaskPlaceOnUnorderedEventList) for vTaskPlaceOnUnorderedEventList
    event_groups.o(i.xEventGroupSync) refers to tasks.o(i.xTaskResumeAll) for xTaskResumeAll
    event_groups.o(i.xEventGroupSync) refers to port.o(i.vPortYield) for vPortYield
    event_groups.o(i.xEventGroupSync) refers to tasks.o(i.uxTaskResetEventItemValue) for uxTaskResetEventItemValue
    event_groups.o(i.xEventGroupSync) refers to port.o(i.vPortEnterCritical) for vPortEnterCritical
    event_groups.o(i.xEventGroupSync) refers to port.o(i.vPortExitCritical) for vPortExitCritical
    event_groups.o(i.xEventGroupWaitBits) refers to tasks.o(i.xTaskGetSchedulerState) for xTaskGetSchedulerState
    event_groups.o(i.xEventGroupWaitBits) refers to tasks.o(i.vTaskSuspendAll) for vTaskSuspendAll
    event_groups.o(i.xEventGroupWaitBits) refers to event_groups.o(i.prvTestWaitCondition) for prvTestWaitCondition
    event_groups.o(i.xEventGroupWaitBits) refers to tasks.o(i.vTaskPlaceOnUnorderedEventList) for vTaskPlaceOnUnorderedEventList
    event_groups.o(i.xEventGroupWaitBits) refers to tasks.o(i.xTaskResumeAll) for xTaskResumeAll
[...]
    Removing timer3.o(i.Tim3_M23_Run), (24 bytes).
    Removing timer3.o(i.Tim3_M23_SetValidPeriod), (28 bytes).
    Removing timer3.o(i.Tim3_M23_Stop), (20 bytes).
    Removing timer3.o(i.Tim3_M23_TrigADC_Config), (188 bytes).
    Removing timer3.o(i.Tim3_Mode0_DisableIrq), (24 bytes).
    Removing timer3.o(i.Tim3_Mode0_EnableIrq), (24 bytes).
    Removing timer3.o(i.Tim3_Mode0_Init), (172 bytes).
    Removing timer3.o(i.Tim3_Mode1_DisableIrq), (60 bytes).
    Removing timer3.o(i.Tim3_Mode1_EnableIrq), (64 bytes).
    Removing timer3.o(i.Tim3_Mode1_Init), (104 bytes).
    Removing timer3.o(i.Tim3_Mode23_DisableIrq), (188 bytes).
    Removing timer3.o(i.Tim3_Mode23_EnableIrq), (204 bytes).
    Removing timer3.o(i.Tim3_Mode23_Init), (192 bytes).
    Removing trim.o(.rev16_text), (4 bytes).
    Removing trim.o(.revsh_text), (4 bytes).
    Removing trim.o(i.Trim_CalCntGet), (12 bytes).
    Removing trim.o(i.Trim_ClearIntFlag), (20 bytes).
    Removing trim.o(i.Trim_DisableIrq), (20 bytes).
    Removing trim.o(i.Trim_EnableIrq), (20 bytes).
    Removing trim.o(i.Trim_GetIntFlag), (24 bytes).
    Removing trim.o(i.Trim_Init), (40 bytes).
    Removing trim.o(i.Trim_RefCntGet), (12 bytes).
    Removing trim.o(i.Trim_Run), (20 bytes).
    Removing trim.o(i.Trim_Stop), (20 bytes).
    Removing trng.o(.rev16_text), (4 bytes).
    Removing trng.o(.revsh_text), (4 bytes).
    Removing trng.o(i.Trng_Generate), (168 bytes).
    Removing trng.o(i.Trng_GetData0), (12 bytes).
    Removing trng.o(i.Trng_GetData1), (12 bytes).
    Removing trng.o(i.Trng_Init), (168 bytes).
    Removing uart.o(.rev16_text), (4 bytes).
    Removing uart.o(.revsh_text), (4 bytes).
    Removing uart.o(i.Uart_ClrIsr), (8 bytes).
    Removing uart.o(i.Uart_DisableFunc), (20 bytes).
    Removing uart.o(i.Uart_DisableIrq), (20 bytes).
    Removing uart.o(i.Uart_EnableFunc), (20 bytes).
    Removing uart.o(i.Uart_EnableIrq), (20 bytes).
    Removing uart.o(i.Uart_GetIsr), (8 bytes).
    Removing uart.o(i.Uart_GetRb8), (10 bytes).
    Removing uart.o(i.Uart_HdModeDisable), (12 bytes).
    Removing uart.o(i.Uart_HdModeEnable), (14 bytes).
    Removing uart.o(i.Uart_Init), (108 bytes).
    Removing uart.o(i.Uart_SendDataIt), (18 bytes).
    Removing uart.o(i.Uart_SendDataPoll), (52 bytes).
    Removing uart.o(i.Uart_SetMultiMode), (34 bytes).
    Removing uart.o(i.Uart_SetSaddr), (8 bytes).
    Removing uart.o(i.Uart_SetTb8), (20 bytes).
    Removing uart.o(.constdata), (8 bytes).
    Removing vc.o(.rev16_text), (4 bytes).
    Removing vc.o(.revsh_text), (4 bytes).
    Removing vc.o(i.Vc_ClearItStatus), (20 bytes).
    Removing vc.o(i.Vc_Cmd), (72 bytes).
    Removing vc.o(i.Vc_ConfigItType), (140 bytes).
    Removing vc.o(i.Vc_DacInit), (96 bytes).
    Removing vc.o(i.Vc_GetItStatus), (24 bytes).
    Removing vc.o(i.Vc_Init), (484 bytes).
    Removing vc.o(i.Vc_ItConfig), (72 bytes).
    Removing wdt.o(.rev16_text), (4 bytes).
    Removing wdt.o(.revsh_text), (4 bytes).
    Removing wdt.o(i.Wdt_Feed), (16 bytes).
    Removing wdt.o(i.Wdt_GetIrqStatus), (24 bytes).
    Removing wdt.o(i.Wdt_Init), (44 bytes).
    Removing wdt.o(i.Wdt_IrqClr), (16 bytes).
    Removing wdt.o(i.Wdt_ReadWdtValue), (16 bytes).
    Removing wdt.o(i.Wdt_ReadwdtStatus), (24 bytes).
    Removing wdt.o(i.Wdt_Start), (16 bytes).
    Removing wdt.o(i.Wdt_WriteWdtLoad), (24 bytes).
    Removing interrupts_hc32f072.o(.rev16_text), (4 bytes).
    Removing interrupts_hc32f072.o(.revsh_text), (4 bytes).
    Removing interrupts_hc32f072.o(i.EnableNvic), (136 bytes).
    Removing interrupts_hc32f072.o(i.__NVIC_SetPriority), (120 bytes).
    Removing system_hc32f072.o(.rev16_text), (4 bytes).
    Removing system_hc32f072.o(.revsh_text), (4 bytes).
    Removing hd_gpt_timer.o(.rev16_text), (4 bytes).
    Removing hd_gpt_timer.o(.revsh_text), (4 bytes).
    Removing hd_gpt_timer.o(i.Timer3_config), (116 bytes).
    Removing hd_gpio.o(.rev16_text), (4 bytes).
    Removing hd_gpio.o(.revsh_text), (4 bytes).
    Removing hd_pca.o(.rev16_text), (4 bytes).
    Removing hd_pca.o(.revsh_text), (4 bytes).
    Removing hd_pca.o(i.pca_init), (224 bytes).
    Removing hd_uart1.o(.rev16_text), (4 bytes).
    Removing hd_uart1.o(.revsh_text), (4 bytes).
    Removing hd_uart1.o(i.Hd_uart1_init), (192 bytes).
    Removing hd_adc.o(.rev16_text), (4 bytes).
    Removing hd_adc.o(.revsh_text), (4 bytes).
    Removing hd_adc.o(i.Hd_ADC_init), (88 bytes).

672 unused section(s) (total 35280 bytes) removed from the image.

==============================================================================

Image Symbol Table

    Local Symbols

    Symbol Name                              Value     Ov Type        Size  Object(Section)

    RESET                                    0x00000000   Section      192  startup_hc32f072.o(RESET)
    ../clib/angel/boardlib.s                 0x00000000   Number         0  boardinit1.o ABSOLUTE
    ../clib/angel/boardlib.s                 0x00000000   Number         0  boardinit2.o ABSOLUTE
    ../clib/angel/boardlib.s                 0x00000000   Number         0  boardinit3.o ABSOLUTE
    ../clib/angel/boardlib.s                 0x00000000   Number         0  boardshut.o ABSOLUTE
    ../clib/angel/handlers.s                 0x00000000   Number         0  __scatter_copy.o ABSOLUTE
    ../clib/angel/handlers.s                 0x00000000   Number         0  __scatter_zi.o ABSOLUTE
    ../clib/angel/kernel.s                   0x00000000   Number         0  __rtentry4.o ABSOLUTE
    ../clib/angel/kernel.s                   0x00000000   Number         0  __rtentry.o ABSOLUTE
    ../clib/angel/kernel.s                   0x00000000   Number         0  rtexit.o ABSOLUTE
    ../clib/angel/kernel.s                   0x00000000   Number         0  __rtentry2.o ABSOLUTE
    ../clib/angel/kernel.s                   0x00000000   Number         0  rtexit2.o ABSOLUTE
    ../clib/angel/rt.s                       0x00000000   Number         0  rt_raise.o ABSOLUTE
    ../clib/angel/rt.s                       0x00000000   Number         0  rt_div0.o ABSOLUTE
    ../clib/angel/rt.s                       0x00000000   Number         0  aeabi_idiv0_sigfpe.o ABSOLUTE
    ../clib/angel/rt.s                       0x00000000   Number         0  aeabi_idiv0.o ABSOLUTE
    ../clib/angel/scatterp.s                 0x00000000   Number         0  __scatter.o ABSOLUTE
    ../clib/angel/startup.s                  0x00000000   Number         0  __main.o ABSOLUTE
    ../clib/angel/sys.s                      0x00000000   Number         0  use_no_semi_2.o ABSOLUTE
    ../clib/angel/sys.s                      0x00000000   Number         0  libspace.o ABSOLUTE
    ../clib/angel/sys.s                      0x00000000   Number         0  sys_stackheap_outer.o ABSOLUTE
    ../clib/angel/sys.s                      0x00000000   Number         0  use_no_semi.o ABSOLUTE
    ../clib/angel/sys.s                      0x00000000   Number         0  tempstk.o ABSOLUTE
    ../clib/angel/sys.s                      0x00000000   Number         0  indicate_semi.o ABSOLUTE
    ../clib/angel/sysapp.c                   0x00000000   Number         0  sys_command.o ABSOLUTE
    ../clib/armsys.c                         0x00000000   Number         0  argv_veneer.o ABSOLUTE
    ../clib/armsys.c                         0x00000000   Number         0  _get_argv_nomalloc.o ABSOLUTE
    ../clib/armsys.c                         0x00000000   Number         0  no_argv.o ABSOLUTE
    ../clib/division.s                       0x00000000   Number         0  aeabi_sdiv.o ABSOLUTE
    ../clib/division.s                       0x00000000   Number         0  aeabi_sdiv_div0.o ABSOLUTE
    ../clib/heapalloc.c                      0x00000000   Number         0  hrguard.o ABSOLUTE
    ../clib/heapaux.c                        0x00000000   Number         0  heapauxi.o ABSOLUTE
    ../clib/libinit.s                        0x00000000   Number         0  libshutdown2.o ABSOLUTE
    ../clib/libinit.s                        0x00000000   Number         0  libshutdown.o ABSOLUTE
    ../clib/libinit.s                        0x00000000   Number         0  libinit.o ABSOLUTE
    ../clib/libinit.s                        0x00000000   Number         0  libinit2.o ABSOLUTE
    ../clib/memcpset.c                       0x00000000   Number         0  rt_memcpy.o ABSOLUTE
    ../clib/memcpset.c                       0x00000000   Number         0  rt_memclr.o ABSOLUTE
    ../clib/memcpset.c                       0x00000000   Number         0  rt_memcpy.o ABSOLUTE
    ../clib/signal.c                         0x00000000   Number         0  defsig_other.o ABSOLUTE
    ../clib/signal.c                         0x00000000   Number         0  defsig_segv_inner.o ABSOLUTE
    ../clib/signal.c                         0x00000000   Number         0  defsig_cppl_inner.o ABSOLUTE
    ../clib/signal.c                         0x00000000   Number         0  defsig_pvfn_inner.o ABSOLUTE
    ../clib/signal.c                         0x00000000   Number         0  defsig_stak_inner.o ABSOLUTE
    ../clib/signal.c                         0x00000000   Number         0  defsig_rtmem_formal.o ABSOLUTE
    ../clib/signal.c                         0x00000000   Number         0  __raise.o ABSOLUTE
    ../clib/signal.c                         0x00000000   Number         0  defsig_rtmem_inner.o ABSOLUTE
    ../clib/signal.c                         0x00000000   Number         0  defsig_rtred_inner.o ABSOLUTE
    ../clib/signal.c                         0x00000000   Number         0  defsig_general.o ABSOLUTE
    ../clib/signal.c                         0x00000000   Number         0  defsig_exit.o ABSOLUTE
    ../clib/signal.c                         0x00000000   Number         0  defsig_rtmem_outer.o ABSOLUTE
    ../clib/signal.c                         0x00000000   Number         0  defsig_abrt_inner.o ABSOLUTE
    ../clib/signal.c                         0x00000000   Number         0  defsig_fpe_outer.o ABSOLUTE
    ../clib/signal.c                         0x00000000   Number         0  defsig_fpe_formal.o ABSOLUTE
    ../clib/signal.c                         0x00000000   Number         0  defsig_fpe_inner.o ABSOLUTE
    ../clib/signal.s                         0x00000000   Number         0  defsig.o ABSOLUTE
    ../clib/stdlib.c                         0x00000000   Number         0  exit.o ABSOLUTE
    ../fplib/cfplib/fpinit.c                 0x00000000   Number         0  fpinit.o ABSOLUTE
    App\\app_task.c                          0x00000000   Number         0  app_task.o ABSOLUTE
    App\\main.c                              0x00000000   Number         0  main.o ABSOLUTE
    App\app_task.c                           0x00000000   Number         0  app_task.o ABSOLUTE
    App\main.c                               0x00000000   Number         0  main.o ABSOLUTE
    dc.s                                     0x00000000   Number         0  dc.o ABSOLUTE
    driver\\src\\adc.c                       0x00000000   Number         0  adc.o ABSOLUTE
    driver\\src\\adt.c                       0x00000000   Number         0  adt.o ABSOLUTE
    driver\\src\\aes.c                       0x00000000   Number         0  aes.o ABSOLUTE
    driver\\src\\bgr.c                       0x00000000   Number         0  bgr.o ABSOLUTE
    driver\\src\\bt.c                        0x00000000   Number         0  bt.o ABSOLUTE
    driver\\src\\can.c                       0x00000000   Number         0  can.o ABSOLUTE
    driver\\src\\crc.c                       0x00000000   Number         0  crc.o ABSOLUTE
    driver\\src\\dac.c                       0x00000000   Number         0  dac.o ABSOLUTE
    driver\\src\\ddl.c                       0x00000000   Number         0  ddl.o ABSOLUTE
    driver\\src\\debug.c                     0x00000000   Number         0  debug.o ABSOLUTE
    driver\\src\\dmac.c                      0x00000000   Number         0  dmac.o ABSOLUTE
    driver\\src\\flash.c                     0x00000000   Number         0  flash.o ABSOLUTE
    driver\\src\\gpio.c                      0x00000000   Number         0  gpio.o ABSOLUTE
    driver\\src\\hdiv.c                      0x00000000   Number         0  hdiv.o ABSOLUTE
    driver\\src\\i2c.c                       0x00000000   Number         0  i2c.o ABSOLUTE
    driver\\src\\i2s.c                       0x00000000   Number         0  i2s.o ABSOLUTE
    driver\\src\\lpm.c                       0x00000000   Number         0  lpm.o ABSOLUTE
    driver\\src\\lpuart.c                    0x00000000   Number         0  lpuart.o ABSOLUTE
    driver\\src\\lvd.c                       0x00000000   Number         0  lvd.o ABSOLUTE
    driver\\src\\opa.c                       0x00000000   Number         0  opa.o ABSOLUTE
    driver\\src\\pca.c                       0x00000000   Number         0  pca.o ABSOLUTE
    driver\\src\\ram.c                       0x00000000   Number         0  ram.o ABSOLUTE
    driver\\src\\reset.c                     0x00000000   Number         0  reset.o ABSOLUTE
    driver\\src\\spi.c                       0x00000000   Number         0  spi.o ABSOLUTE
    driver\\src\\sysctrl.c                   0x00000000   Number         0  sysctrl.o ABSOLUTE
    driver\\src\\timer3.c                    0x00000000   Number         0  timer3.o ABSOLUTE
    driver\\src\\trim.c                      0x00000000   Number         0  trim.o ABSOLUTE
    driver\\src\\trng.c                      0x00000000   Number         0  trng.o ABSOLUTE
    driver\\src\\uart.c                      0x00000000   Number         0  uart.o ABSOLUTE
    driver\\src\\vc.c                        0x00000000   Number         0  vc.o ABSOLUTE
    driver\\src\\wdt.c                       0x00000000   Number         0  wdt.o ABSOLUTE
    driver\src\adc.c                         0x00000000   Number         0  adc.o ABSOLUTE
    driver\src\adt.c                         0x00000000   Number         0  adt.o ABSOLUTE
    driver\src\aes.c                         0x00000000   Number         0  aes.o ABSOLUTE
    driver\src\bgr.c                         0x00000000   Number         0  bgr.o ABSOLUTE
    driver\src\bt.c                          0x00000000   Number         0  bt.o ABSOLUTE
    driver\src\can.c                         0x00000000   Number         0  can.o ABSOLUTE
    driver\src\crc.c                         0x00000000   Number         0  crc.o ABSOLUTE
    driver\src\dac.c                         0x00000000   Number         0  dac.o ABSOLUTE
    driver\src\ddl.c                         0x00000000   Number         0  ddl.o ABSOLUTE
    driver\src\debug.c                       0x00000000   Number         0  debug.o ABSOLUTE
    driver\src\dmac.c                        0x00000000   Number         0  dmac.o ABSOLUTE
    driver\src\flash.c                       0x00000000   Number         0  flash.o ABSOLUTE
    driver\src\gpio.c                        0x00000000   Number         0  gpio.o ABSOLUTE
    driver\src\hdiv.c                        0x00000000   Number         0  hdiv.o ABSOLUTE
    driver\src\i2c.c                         0x00000000   Number         0  i2c.o ABSOLUTE
    driver\src\i2s.c                         0x00000000   Number         0  i2s.o ABSOLUTE
    driver\src\lpm.c                         0x00000000   Number         0  lpm.o ABSOLUTE
    driver\src\lpuart.c                      0x00000000   Number         0  lpuart.o ABSOLUTE
    driver\src\lvd.c                         0x00000000   Number         0  lvd.o ABSOLUTE
    driver\src\opa.c                         0x00000000   Number         0  opa.o ABSOLUTE
    driver\src\pca.c                         0x00000000   Number         0  pca.o ABSOLUTE
    driver\src\ram.c                         0x00000000   Number         0  ram.o ABSOLUTE
    driver\src\reset.c                       0x00000000   Number         0  reset.o ABSOLUTE
    driver\src\spi.c                         0x00000000   Number         0  spi.o ABSOLUTE
    driver\src\sysctrl.c                     0x00000000   Number         0  sysctrl.o ABSOLUTE
    driver\src\timer3.c                      0x00000000   Number         0  timer3.o ABSOLUTE
    driver\src\trim.c                        0x00000000   Number         0  trim.o ABSOLUTE
    driver\src\trng.c                        0x00000000   Number         0  trng.o ABSOLUTE
    driver\src\uart.c                        0x00000000   Number         0  uart.o ABSOLUTE
    driver\src\vc.c                          0x00000000   Number         0  vc.o ABSOLUTE
    driver\src\wdt.c                         0x00000000   Number         0  wdt.o ABSOLUTE
    freertos-7.4.2\Source\CMSIS_RTOS\cmsis_os.c 0x00000000   Number         0  cmsis_os.o ABSOLUTE
    freertos-7.4.2\Source\croutine.c         0x00000000   Number         0  croutine.o ABSOLUTE
    freertos-7.4.2\Source\event_groups.c     0x00000000   Number         0  event_groups.o ABSOLUTE
    freertos-7.4.2\Source\list.c             0x00000000   Number         0  list.o ABSOLUTE
    freertos-7.4.2\Source\portable\MemMang\heap_4.c 0x00000000   Number         0  heap_4.o ABSOLUTE
    freertos-7.4.2\Source\portable\RVDS\ARM_CM0\MDK\port.c 0x00000000   Number         0  port.o ABSOLUTE
    freertos-7.4.2\Source\queue.c            0x00000000   Number         0  queue.o ABSOLUTE
    freertos-7.4.2\Source\tasks.c            0x00000000   Number         0  tasks.o ABSOLUTE
    freertos-7.4.2\Source\timers.c           0x00000000   Number         0  timers.o ABSOLUTE
    freertos-7.4.2\\Source\\CMSIS_RTOS\\cmsis_os.c 0x00000000   Number         0  cmsis_os.o ABSOLUTE
    freertos-7.4.2\\Source\\portable\\RVDS\\ARM_CM0\\MDK\\port.c 0x00000000   Number         0  port.o ABSOLUTE
    hardware\\hd_adc.c                       0x00000000   Number         0  hd_adc.o ABSOLUTE
    hardware\\hd_gpio.c                      0x00000000   Number         0  hd_gpio.o ABSOLUTE
    hardware\\hd_gpt_timer.c                 0x00000000   Number         0  hd_gpt_timer.o ABSOLUTE
    hardware\\hd_pca.c                       0x00000000   Number         0  hd_pca.o ABSOLUTE
    hardware\\hd_uart1.c                     0x00000000   Number         0  hd_uart1.o ABSOLUTE
    hardware\hd_adc.c                        0x00000000   Number         0  hd_adc.o ABSOLUTE
    hardware\hd_can.c                        0x00000000   Number         0  hd_can.o ABSOLUTE
    hardware\hd_gpio.c                       0x00000000   Number         0  hd_gpio.o ABSOLUTE
    hardware\hd_gpt_timer.c                  0x00000000   Number         0  hd_gpt_timer.o ABSOLUTE
    hardware\hd_pca.c                        0x00000000   Number         0  hd_pca.o ABSOLUTE
    hardware\hd_uart1.c                      0x00000000   Number         0  hd_uart1.o ABSOLUTE
    mcu\MDK\startup_hc32f072.s               0x00000000   Number         0  startup_hc32f072.o ABSOLUTE
    mcu\\common\\interrupts_hc32f072.c       0x00000000   Number         0  interrupts_hc32f072.o ABSOLUTE
    mcu\\common\\system_hc32f072.c           0x00000000   Number         0  system_hc32f072.o ABSOLUTE
    mcu\common\interrupts_hc32f072.c         0x00000000   Number         0  interrupts_hc32f072.o ABSOLUTE
    mcu\common\system_hc32f072.c             0x00000000   Number         0  system_hc32f072.o ABSOLUTE
    !!!main                                  0x000000c0   Section        8  __main.o(!!!main)
    !!!scatter                               0x000000c8   Section       60  __scatter.o(!!!scatter)
    !!handler_copy                           0x00000104   Section       26  __scatter_copy.o(!!handler_copy)
    !!handler_zi                             0x00000120   Section       28  __scatter_zi.o(!!handler_zi)
    .ARM.Collect$$libinit$$00000000          0x0000013c   Section        2  libinit.o(.ARM.Collect$$libinit$$00000000)
    .ARM.Collect$$libinit$$00000002          0x0000013e   Section        0  libinit2.o(.ARM.Collect$$libinit$$00000002)
    .ARM.Collect$$libinit$$00000004          0x0000013e   Section        0  libinit2.o(.ARM.Collect$$libinit$$00000004)
    .ARM.Collect$$libinit$$0000000A          0x0000013e   Section        0  libinit2.o(.ARM.Collect$$libinit$$0000000A)
    .ARM.Collect$$libinit$$0000000C          0x0000013e   Section        0  libinit2.o(.ARM.Collect$$libinit$$0000000C)
    .ARM.Collect$$libinit$$0000000E          0x0000013e   Section        0  libinit2.o(.ARM.Collect$$libinit$$0000000E)
    .ARM.Collect$$libinit$$00000011          0x0000013e   Section        0  libinit2.o(.ARM.Collect$$libinit$$00000011)
    .ARM.Collect$$libinit$$00000013          0x0000013e   Section        0  libinit2.o(.ARM.Collect$$libinit$$00000013)
    .ARM.Collect$$libinit$$00000015          0x0000013e   Section        0  libinit2.o(.ARM.Collect$$libinit$$00000015)
    .ARM.Collect$$libinit$$00000017          0x0000013e   Section        0  libinit2.o(.ARM.Collect$$libinit$$00000017)
    .ARM.Collect$$libinit$$00000019          0x0000013e   Section        0  libinit2.o(.ARM.Collect$$libinit$$00000019)
    .ARM.Collect$$libinit$$0000001B          0x0000013e   Section        0  libinit2.o(.ARM.Collect$$libinit$$0000001B)
    .ARM.Collect$$libinit$$0000001D          0x0000013e   Section        0  libinit2.o(.ARM.Collect$$libinit$$0000001D)
    .ARM.Collect$$libinit$$0000001F          0x0000013e   Section        0  libinit2.o(.ARM.Collect$$libinit$$0000001F)
    .ARM.Collect$$libinit$$00000021          0x0000013e   Section        0  libinit2.o(.ARM.Collect$$libinit$$00000021)
    .ARM.Collect$$libinit$$00000023          0x0000013e   Section        0  libinit2.o(.ARM.Collect$$libinit$$00000023)
    .ARM.Collect$$libinit$$00000025          0x0000013e   Section        0  libinit2.o(.ARM.Collect$$libinit$$00000025)
    .ARM.Collect$$libinit$$0000002C          0x0000013e   Section        0  libinit2.o(.ARM.Collect$$libinit$$0000002C)
    .ARM.Collect$$libinit$$0000002E          0x0000013e   Section        0  libinit2.o(.ARM.Collect$$libinit$$0000002E)
    .ARM.Collect$$libinit$$00000030          0x0000013e   Section        0  libinit2.o(.ARM.Collect$$libinit$$00000030)
    .ARM.Collect$$libinit$$00000032          0x0000013e   Section        0  libinit2.o(.ARM.Collect$$libinit$$00000032)
    .ARM.Collect$$libinit$$00000033          0x0000013e   Section        2  libinit2.o(.ARM.Collect$$libinit$$00000033)
    .ARM.Collect$$libshutdown$$00000000      0x00000140   Section        2  libshutdown.o(.ARM.Collect$$libshutdown$$00000000)
    .ARM.Collect$$libshutdown$$00000002      0x00000142   Section        0  libshutdown2.o(.ARM.Collect$$libshutdown$$00000002)
    .ARM.Collect$$libshutdown$$00000004      0x00000142   Section        0  libshutdown2.o(.ARM.Collect$$libshutdown$$00000004)
    .ARM.Collect$$libshutdown$$00000007      0x00000142   Section        0  libshutdown2.o(.ARM.Collect$$libshutdown$$00000007)
    .ARM.Collect$$libshutdown$$0000000A      0x00000142   Section        0  libshutdown2.o(.ARM.Collect$$libshutdown$$0000000A)
    .ARM.Collect$$libshutdown$$0000000C      0x00000142   Section        0  libshutdown2.o(.ARM.Collect$$libshutdown$$0000000C)
    .ARM.Collect$$libshutdown$$0000000F      0x00000142   Section        0  libshutdown2.o(.ARM.Collect$$libshutdown$$0000000F)
    .ARM.Collect$$libshutdown$$00000010      0x00000142   Section        2  libshutdown2.o(.ARM.Collect$$libshutdown$$00000010)
    .ARM.Collect$$rtentry$$00000000          0x00000144   Section        0  __rtentry.o(.ARM.Collect$$rtentry$$00000000)
    .ARM.Collect$$rtentry$$00000002          0x00000144   Section        0  __rtentry2.o(.ARM.Collect$$rtentry$$00000002)
    .ARM.Collect$$rtentry$$00000004          0x00000144   Section        6  __rtentry4.o(.ARM.Collect$$rtentry$$00000004)
    .ARM.Collect$$rtentry$$00000009          0x0000014a   Section        0  __rtentry2.o(.ARM.Collect$$rtentry$$00000009)
    .ARM.Collect$$rtentry$$0000000A          0x0000014a   Section        4  __rtentry2.o(.ARM.Collect$$rtentry$$0000000A)
    .ARM.Collect$$rtentry$$0000000C          0x0000014e   Section        0  __rtentry2.o(.ARM.Collect$$rtentry$$0000000C)
    .ARM.Collect$$rtentry$$0000000D          0x0000014e   Section        8  __rtentry2.o(.ARM.Collect$$rtentry$$0000000D)
    .ARM.Collect$$rtexit$$00000000           0x00000156   Section        2  rtexit.o(.ARM.Collect$$rtexit$$00000000)
    .ARM.Collect$$rtexit$$00000002           0x00000158   Section        0  rtexit2.o(.ARM.Collect$$rtexit$$00000002)
    .ARM.Collect$$rtexit$$00000003           0x00000158   Section        4  rtexit2.o(.ARM.Collect$$rtexit$$00000003)
    .ARM.Collect$$rtexit$$00000004           0x0000015c   Section        6  rtexit2.o(.ARM.Collect$$rtexit$$00000004)
    .emb_text                                0x00000164   Section      120  port.o(.emb_text)
    .emb_text                                0x000001dc   Section       56  rt_memcpy.o(.emb_text)
    .text                                    0x00000214   Section       88  startup_hc32f072.o(.text)
    .text                                    0x0000026c   Section        2  use_no_semi_2.o(.text)
    .text                                    0x0000026e   Section      346  aeabi_sdiv.o(.text)
    .text                                    0x000003c8   Section        0  heapauxi.o(.text)
    .text                                    0x000003ce   Section        2  use_no_semi.o(.text)
    .text                                    0x000003d0   Section       62  sys_stackheap_outer.o(.text)
    .text                                    0x0000040e   Section        0  exit.o(.text)
    .text                                    0x00000420   Section        8  libspace.o(.text)
    i.ADC_DAC_IRQHandler                     0x00000428   Section        0  interrupts_hc32f072.o(i.ADC_DAC_IRQHandler)
    i.Adc_ClrIrqStatus                       0x00000434   Section        0  adc.o(i.Adc_ClrIrqStatus)
    i.Adc_GetIrqStatus                       0x00000444   Section        0  adc.o(i.Adc_GetIrqStatus)
    i.Adc_GetSglResult                       0x0000045c   Section        0  adc.o(i.Adc_GetSglResult)
    i.Adc_IRQHandler                         0x00000468   Section        0  hd_adc.o(i.Adc_IRQHandler)
    i.Adc_SGL_Start                          0x00000488   Section        0  adc.o(i.Adc_SGL_Start)
    i.CAN_IRQHandler                         0x00000494   Section        0  interrupts_hc32f072.o(i.CAN_IRQHandler)
    i.CLKTRIM_CTS_IRQHandler                 0x0000049c   Section        0  interrupts_hc32f072.o(i.CLKTRIM_CTS_IRQHandler)
    i.DMAC_IRQHandler                        0x000004a8   Section        0  interrupts_hc32f072.o(i.DMAC_IRQHandler)
    i.FLASH_RAM_IRQHandler                   0x000004b0   Section        0  interrupts_hc32f072.o(i.FLASH_RAM_IRQHandler)
    i.Flash_WaitCycle                        0x000004bc   Section        0  flash.o(i.Flash_WaitCycle)
    i.GetBit                                 0x000004f0   Section        0  ddl.o(i.GetBit)
    i.Gpio_ClrIO                             0x000004fc   Section        0  gpio.o(i.Gpio_ClrIO)
    i.Gpio_Init                              0x00000518   Section        0  gpio.o(i.Gpio_Init)
    i.Gpio_SetAfMode                         0x000005a8   Section        0  gpio.o(i.Gpio_SetAfMode)
    i.Gpio_SetIO                             0x000005bc   Section        0  gpio.o(i.Gpio_SetIO)
    i.Gpio_SfHClkOutputConfig                0x000005d8   Section        0  gpio.o(i.Gpio_SfHClkOutputConfig)
    i.HardFault_Handler                      0x00000614   Section        0  interrupts_hc32f072.o(i.HardFault_Handler)
    i.I2C0_IRQHandler                        0x00000624   Section        0  interrupts_hc32f072.o(i.I2C0_IRQHandler)
    i.I2C1_IRQHandler                        0x0000062c   Section        0  interrupts_hc32f072.o(i.I2C1_IRQHandler)
    i.LPUART0_IRQHandler                     0x00000634   Section        0  interrupts_hc32f072.o(i.LPUART0_IRQHandler)
    i.LPUART1_IRQHandler                     0x0000063c   Section        0  interrupts_hc32f072.o(i.LPUART1_IRQHandler)
    i.PCA_IRQHandler                         0x00000644   Section        0  interrupts_hc32f072.o(i.PCA_IRQHandler)
    i.PORTA_IRQHandler                       0x0000064c   Section        0  interrupts_hc32f072.o(i.PORTA_IRQHandler)
    i.PORTB_IRQHandler                       0x00000654   Section        0  interrupts_hc32f072.o(i.PORTB_IRQHandler)
    i.PORTC_E_IRQHandler                     0x0000065c   Section        0  interrupts_hc32f072.o(i.PORTC_E_IRQHandler)
    i.PORTD_F_IRQHandler                     0x00000668   Section        0  interrupts_hc32f072.o(i.PORTD_F_IRQHandler)
    i.Port_init                              0x00000674   Section        0  hd_gpio.o(i.Port_init)
    i.SPI0_I2S0_IRQHandler                   0x000006ea   Section        0  interrupts_hc32f072.o(i.SPI0_I2S0_IRQHandler)
    i.SPI1_I2S1_IRQHandler                   0x000006f6   Section        0  interrupts_hc32f072.o(i.SPI1_I2S1_IRQHandler)
    i.SVC_Handler                            0x00000702   Section        0  port.o(i.SVC_Handler)
    i.SetBit                                 0x00000704   Section        0  ddl.o(i.SetBit)
    i.SysTick_Handler                        0x00000724   Section        0  port.o(i.SysTick_Handler)
    i.Sysctrl_ClkInit                        0x00000748   Section        0  sysctrl.o(i.Sysctrl_ClkInit)
    i.Sysctrl_ClkSourceEnable                0x000007b4   Section        0  sysctrl.o(i.Sysctrl_ClkSourceEnable)
    i.Sysctrl_GetHClkFreq                    0x000008d0   Section        0  sysctrl.o(i.Sysctrl_GetHClkFreq)
    i.Sysctrl_SetHCLKDiv                     0x00000a44   Section        0  sysctrl.o(i.Sysctrl_SetHCLKDiv)
    i.Sysctrl_SetPCLKDiv                     0x00000a6c   Section        0  sysctrl.o(i.Sysctrl_SetPCLKDiv)
    i.Sysctrl_SetPLLFreq                     0x00000a94   Section        0  sysctrl.o(i.Sysctrl_SetPLLFreq)
    i.Sysctrl_SetPLLStableTime               0x00000ba8   Section        0  sysctrl.o(i.Sysctrl_SetPLLStableTime)
    i.Sysctrl_SetPeripheralGate              0x00000bcc   Section        0  sysctrl.o(i.Sysctrl_SetPeripheralGate)
    i.Sysctrl_SetRCHTrim                     0x00000c04   Section        0  sysctrl.o(i.Sysctrl_SetRCHTrim)
    i.Sysctrl_SetRCLStableTime               0x00000c2c   Section        0  sysctrl.o(i.Sysctrl_SetRCLStableTime)
    i.Sysctrl_SetRCLTrim                     0x00000c50   Section        0  sysctrl.o(i.Sysctrl_SetRCLTrim)
    i.Sysctrl_SetXTHStableTime               0x00000c78   Section        0  sysctrl.o(i.Sysctrl_SetXTHStableTime)
    i.Sysctrl_SetXTLStableTime               0x00000c98   Section        0  sysctrl.o(i.Sysctrl_SetXTLStableTime)
    i.Sysctrl_SysClkSwitch                   0x00000cb8   Section        0  sysctrl.o(i.Sysctrl_SysClkSwitch)
    i.Sysctrl_XTHDriverConfig                0x00000ce4   Section        0  sysctrl.o(i.Sysctrl_XTHDriverConfig)
    i.Sysctrl_XTLDriverConfig                0x00000d00   Section        0  sysctrl.o(i.Sysctrl_XTLDriverConfig)
    i.SystemCoreClockUpdate                  0x00000d34   Section        0  system_hc32f072.o(i.SystemCoreClockUpdate)
    i.SystemInit                             0x00000d44   Section        0  system_hc32f072.o(i.SystemInit)
    i.TIM0_IRQHandler                        0x00000d4c   Section        0  interrupts_hc32f072.o(i.TIM0_IRQHandler)
    i.TIM1_IRQHandler                        0x00000d54   Section        0  interrupts_hc32f072.o(i.TIM1_IRQHandler)
    i.TIM2_IRQHandler                        0x00000d5c   Section        0  interrupts_hc32f072.o(i.TIM2_IRQHandler)
    i.TIM3_IRQHandler                        0x00000d64   Section        0  interrupts_hc32f072.o(i.TIM3_IRQHandler)
    i.TIM4_IRQHandler                        0x00000d6c   Section        0  interrupts_hc32f072.o(i.TIM4_IRQHandler)
    i.TIM5_IRQHandler                        0x00000d74   Section        0  interrupts_hc32f072.o(i.TIM5_IRQHandler)
    i.TIM6_IRQHandler                        0x00000d7c   Section        0  interrupts_hc32f072.o(i.TIM6_IRQHandler)
    i.Task_Test                              0x00000d84   Section        0  app_task.o(i.Task_Test)
    i.Tim3_ClearIntFlag                      0x00000dc8   Section        0  timer3.o(i.Tim3_ClearIntFlag)
    i.Tim3_GetIntFlag                        0x00000ddc   Section        0  timer3.o(i.Tim3_GetIntFlag)
    i.Tim3_IRQHandler                        0x00000df4   Section        0  hd_gpt_timer.o(i.Tim3_IRQHandler)
    i.UART0_2_IRQHandler                     0x00000e40   Section        0  interrupts_hc32f072.o(i.UART0_2_IRQHandler)
    i.UART1_3_IRQHandler                     0x00000e4c   Section        0  interrupts_hc32f072.o(i.UART1_3_IRQHandler)
    i.USBFS_IRQHandler                       0x00000e58   Section        0  interrupts_hc32f072.o(i.USBFS_IRQHandler)
    i.Uart1_IRQHandler                       0x00000e60   Section        0  hd_uart1.o(i.Uart1_IRQHandler)
    i.Uart_ClrStatus                         0x00000ea0   Section        0  uart.o(i.Uart_ClrStatus)
    i.Uart_GetStatus                         0x00000eb6   Section        0  uart.o(i.Uart_GetStatus)
    i.Uart_ReceiveData                       0x00000ece   Section        0  uart.o(i.Uart_ReceiveData)
    i.VC0_1_2_LVD_IRQHandler                 0x00000ed6   Section        0  interrupts_hc32f072.o(i.VC0_1_2_LVD_IRQHandler)
    i.WDT_IRQHandler                         0x00000eea   Section        0  interrupts_hc32f072.o(i.WDT_IRQHandler)
    i._SysctrlUnlock                         0x00000ef4   Section        0  sysctrl.o(i._SysctrlUnlock)
    _SysctrlUnlock                           0x00000ef5   Thumb Code    12  sysctrl.o(i._SysctrlUnlock)
    i.__ARM_common_switch8                   0x00000f0c   Section        0  tasks.o(i.__ARM_common_switch8)
    i.__NVIC_SetPriority                     0x00000f28   Section        0  main.o(i.__NVIC_SetPriority)
    __NVIC_SetPriority                       0x00000f29   Thumb Code   110  main.o(i.__NVIC_SetPriority)
    i._sys_exit                              0x00000fa0   Section        0  ddl.o(i._sys_exit)
    i.main                                   0x00000fa4   Section        0  main.o(i.main)
    i.osSystickHandler                       0x0000106c   Section        0  cmsis_os.o(i.osSystickHandler)
    i.os_task_init                           0x0000107c   Section        0  app_task.o(i.os_task_init)
    i.prvAddCurrentTaskToDelayedList         0x000010ac   Section        0  tasks.o(i.prvAddCurrentTaskToDelayedList)
    prvAddCurrentTaskToDelayedList           0x000010ad   Thumb Code   100  tasks.o(i.prvAddCurrentTaskToDelayedList)
    i.prvAddNewTaskToReadyList               0x00001128   Section        0  tasks.o(i.prvAddNewTaskToReadyList)
    prvAddNewTaskToReadyList                 0x00001129   Thumb Code   140  tasks.o(i.prvAddNewTaskToReadyList)
    i.prvCheckTasksWaitingTermination        0x000011cc   Section        0  tasks.o(i.prvCheckTasksWaitingTermination)
    prvCheckTasksWaitingTermination          0x000011cd   Thumb Code    90  tasks.o(i.prvCheckTasksWaitingTermination)
    i.prvDeleteTCB                           0x00001234   Section        0  tasks.o(i.prvDeleteTCB)
    prvDeleteTCB                             0x00001235   Thumb Code    18  tasks.o(i.prvDeleteTCB)
    i.prvHeapInit                            0x00001248   Section        0  heap_4.o(i.prvHeapInit)
    prvHeapInit                              0x00001249   Thumb Code   100  heap_4.o(i.prvHeapInit)
    i.prvIdleTask                            0x000012c4   Section        0  tasks.o(i.prvIdleTask)
    prvIdleTask                              0x000012c5   Thumb Code    20  tasks.o(i.prvIdleTask)
    i.prvInitialiseNewTask                   0x000012dc   Section        0  tasks.o(i.prvInitialiseNewTask)
    prvInitialiseNewTask                     0x000012dd   Thumb Code   164  tasks.o(i.prvInitialiseNewTask)
    i.prvInitialiseTaskLists                 0x00001380   Section        0  tasks.o(i.prvInitialiseTaskLists)
    prvInitialiseTaskLists                   0x00001381   Thumb Code    68  tasks.o(i.prvInitialiseTaskLists)
    i.prvInsertBlockIntoFreeList             0x000013e4   Section        0  heap_4.o(i.prvInsertBlockIntoFreeList)
    prvInsertBlockIntoFreeList               0x000013e5   Thumb Code    96  heap_4.o(i.prvInsertBlockIntoFreeList)
    i.prvResetNextTaskUnblockTime            0x0000144c   Section        0  tasks.o(i.prvResetNextTaskUnblockTime)
    prvResetNextTaskUnblockTime              0x0000144d   Thumb Code    46  tasks.o(i.prvResetNextTaskUnblockTime)
    i.prvTaskExitError                       0x00001484   Section        0  port.o(i.prvTaskExitError)
    prvTaskExitError                         0x00001485   Thumb Code    32  port.o(i.prvTaskExitError)
    i.pvPortMalloc                           0x000014a8   Section        0  heap_4.o(i.pvPortMalloc)
    i.pxPortInitialiseStack                  0x000015c4   Section        0  port.o(i.pxPortInitialiseStack)
    i.uxListRemove                           0x000015e4   Section        0  list.o(i.uxListRemove)
    i.vListInitialise                        0x0000160c   Section        0  list.o(i.vListInitialise)
    i.vListInitialiseItem                    0x00001626   Section        0  list.o(i.vListInitialiseItem)
    i.vListInsert                            0x0000162c   Section        0  list.o(i.vListInsert)
    i.vListInsertEnd                         0x00001662   Section        0  list.o(i.vListInsertEnd)
    i.vPortEnterCritical                     0x0000167c   Section        0  port.o(i.vPortEnterCritical)
    i.vPortExitCritical                      0x00001698   Section        0  port.o(i.vPortExitCritical)
    i.vPortFree                              0x000016c0   Section        0  heap_4.o(i.vPortFree)
    i.vPortSetupTimerInterrupt               0x00001740   Section        0  port.o(i.vPortSetupTimerInterrupt)
    i.vPortYield                             0x00001764   Section        0  port.o(i.vPortYield)
    i.vTaskDelay                             0x0000177c   Section        0  tasks.o(i.vTaskDelay)
    i.vTaskStartScheduler                    0x000017c0   Section        0  tasks.o(i.vTaskStartScheduler)
    i.vTaskSuspendAll                        0x0000182c   Section        0  tasks.o(i.vTaskSuspendAll)
    i.vTaskSwitchContext                     0x0000183c   Section        0  tasks.o(i.vTaskSwitchContext)
    i.xPortStartScheduler                    0x000018bc   Section        0  port.o(i.xPortStartScheduler)
    i.xTaskCreate                            0x000018f4   Section        0  tasks.o(i.xTaskCreate)
    i.xTaskGetSchedulerState                 0x00001950   Section        0  tasks.o(i.xTaskGetSchedulerState)
    i.xTaskIncrementTick                     0x00001974   Section        0  tasks.o(i.xTaskIncrementTick)
    i.xTaskResumeAll                         0x00001ab0   Section        0  tasks.o(i.xTaskResumeAll)
    .constdata                               0x00001ba0   Section       24  sysctrl.o(.constdata)
    .data                                    0x20000000   Section        4  main.o(.data)
    .data                                    0x20000004   Section        4  app_task.o(.data)
    .data                                    0x20000008   Section       60  tasks.o(.data)
    pxDelayedTaskList                        0x2000000c   Data           4  tasks.o(.data)
    pxOverflowDelayedTaskList                0x20000010   Data           4  tasks.o(.data)
    uxDeletedTasksWaitingCleanUp             0x20000014   Data           4  tasks.o(.data)
    uxCurrentNumberOfTasks                   0x20000018   Data           4  tasks.o(.data)
    xTickCount                               0x2000001c   Data           4  tasks.o(.data)
    uxTopReadyPriority                       0x20000020   Data           4  tasks.o(.data)
    xSchedulerRunning                        0x20000024   Data           4  tasks.o(.data)
    uxPendedTicks                            0x20000028   Data           4  tasks.o(.data)
    xYieldPending                            0x2000002c   Data           4  tasks.o(.data)
    xNumOfOverflows                          0x20000030   Data           4  tasks.o(.data)
    uxTaskNumber                             0x20000034   Data           4  tasks.o(.data)
    xNextTaskUnblockTime                     0x20000038   Data           4  tasks.o(.data)
    xIdleTaskHandle                          0x2000003c   Data           4  tasks.o(.data)
    uxSchedulerSuspended                     0x20000040   Data           4  tasks.o(.data)
    .data                                    0x20000044   Section        8  port.o(.data)
    uxCriticalNesting                        0x20000048   Data           4  port.o(.data)
    .data                                    0x2000004c   Section       24  heap_4.o(.data)
    xStart                                   0x2000004c   Data           8  heap_4.o(.data)
    pxEnd                                    0x20000054   Data           4  heap_4.o(.data)
    xFreeBytesRemaining                      0x20000058   Data           4  heap_4.o(.data)
    xMinimumEverFreeBytesRemaining           0x2000005c   Data           4  heap_4.o(.data)
    xBlockAllocatedBit                       0x20000060   Data           4  heap_4.o(.data)
    .data                                    0x20000064   Section        4  system_hc32f072.o(.data)
    .data                                    0x20000068   Section        1  hd_gpt_timer.o(.data)
    i                                        0x20000068   Data           1  hd_gpt_timer.o(.data)
    .data                                    0x20000069   Section        1  hd_uart1.o(.data)
    .data                                    0x2000006a   Section        2  hd_adc.o(.data)
    .bss                                     0x2000006c   Section      240  tasks.o(.bss)
    pxReadyTasksLists                        0x2000006c   Data         140  tasks.o(.bss)
    xDelayedTaskList1                        0x200000f8   Data          20  tasks.o(.bss)
    xDelayedTaskList2                        0x2000010c   Data          20  tasks.o(.bss)
    xPendingReadyList                        0x20000120   Data          20  tasks.o(.bss)
    xTasksWaitingTermination                 0x20000134   Data          20  tasks.o(.bss)
    xSuspendedTaskList                       0x20000148   Data          20  tasks.o(.bss)
    .bss                                     0x2000015c   Section     3072  heap_4.o(.bss)
    ucHeap                                   0x2000015c   Data        3072  heap_4.o(.bss)
    .bss                                     0x20000d5c   Section       96  libspace.o(.bss)
    HEAP                                     0x20000dc0   Section      512  startup_hc32f072.o(HEAP)
    Heap_Mem                                 0x20000dc0   Data         512  startup_hc32f072.o(HEAP)
    STACK                                    0x20000fc0   Section      512  startup_hc32f072.o(STACK)
    Stack_Mem                                0x20000fc0   Data         512  startup_hc32f072.o(STACK)
    __initial_sp                             0x200011c0   Data           0  startup_hc32f072.o(STACK)

    Global Symbols

    Symbol Name                              Value     Ov Type        Size  Object(Section)

    BuildAttributes$$THM_ISAv3M$S$PE$A:L22$X:L11$S22$IEEE1$IW$USESV6$~STKCKD$USESV7$~SHL$OSPACE$ROPI$EBA8$UX$STANDARDLIB$REQ8$PRES8$EABIv2 0x00000000   Number         0  anon$$obj.o ABSOLUTE
    __ARM_use_no_argv                        0x00000000   Number         0  main.o ABSOLUTE
    __Vectors                                0x00000000   Data           0  startup_hc32f072.o(RESET)
    Can_IRQHandler                            - Undefined Weak Reference
    ClkTrim_IRQHandler                        - Undefined Weak Reference
    Cts_IRQHandler                            - Undefined Weak Reference
    Dac_IRQHandler                            - Undefined Weak Reference
    Dmac_IRQHandler                           - Undefined Weak Reference
    Flash_IRQHandler                          - Undefined Weak Reference
    I2c0_IRQHandler                           - Undefined Weak Reference
    I2c1_IRQHandler                           - Undefined Weak Reference
    I2s0_IRQHandler                           - Undefined Weak Reference
    I2s1_IRQHandler                           - Undefined Weak Reference
    LpUart0_IRQHandler                        - Undefined Weak Reference
    LpUart1_IRQHandler                        - Undefined Weak Reference
    Lvd_IRQHandler                            - Undefined Weak Reference
    Pca_IRQHandler                            - Undefined Weak Reference
    PortA_IRQHandler                          - Undefined Weak Reference
    PortB_IRQHandler                          - Undefined Weak Reference
    PortC_IRQHandler                          - Undefined Weak Reference
    PortD_IRQHandler                          - Undefined Weak Reference
    PortE_IRQHandler                          - Undefined Weak Reference
    PortF_IRQHandler                          - Undefined Weak Reference
    Ram_IRQHandler                            - Undefined Weak Reference
    Spi0_IRQHandler                           - Undefined Weak Reference
    Spi1_IRQHandler                           - Undefined Weak Reference
    Tim0_IRQHandler                           - Undefined Weak Reference
    Tim1_IRQHandler                           - Undefined Weak Reference
    Tim2_IRQHandler                           - Undefined Weak Reference
    Tim4_IRQHandler                           - Undefined Weak Reference
    Tim5_IRQHandler                           - Undefined Weak Reference
    Tim6_IRQHandler                           - Undefined Weak Reference
    Uart0_IRQHandler                          - Undefined Weak Reference
    Uart2_IRQHandler                          - Undefined Weak Reference
    Uart3_IRQHandler                          - Undefined Weak Reference
    Usbfs_IRQHandler                          - Undefined Weak Reference
    Vc0_IRQHandler                            - Undefined Weak Reference
    Vc1_IRQHandler                            - Undefined Weak Reference
    Vc2_IRQHandler                            - Undefined Weak Reference
    Wdt_IRQHandler                            - Undefined Weak Reference
    __ARM_exceptions_init                     - Undefined Weak Reference
    __alloca_initialize                       - Undefined Weak Reference
    __arm_preinit_                            - Undefined Weak Reference
    __cpp_initialize__aeabi_                  - Undefined Weak Reference
    __cxa_finalize                            - Undefined Weak Reference
    __rt_locale                               - Undefined Weak Reference
    __sigvec_lookup                           - Undefined Weak Reference
    _atexit_init                              - Undefined Weak Reference
    _call_atexit_fns                          - Undefined Weak Reference
    _clock_init                               - Undefined Weak Reference
    _fp_trap_init                             - Undefined Weak Reference
    _fp_trap_shutdown                         - Undefined Weak Reference
    _get_lc_collate                           - Undefined Weak Reference
    _get_lc_ctype                             - Undefined Weak Reference
    _get_lc_monetary                          - Undefined Weak Reference
    _get_lc_numeric                           - Undefined Weak Reference
    _get_lc_time                              - Undefined Weak Reference
    _getenv_init                              - Undefined Weak Reference
    _handle_redirection                       - Undefined Weak Reference
    _init_alloc                               - Undefined Weak Reference
    _init_user_alloc                          - Undefined Weak Reference
    _initio                                   - Undefined Weak Reference
    _rand_init                                - Undefined Weak Reference
    _signal_finish                            - Undefined Weak Reference
    _signal_init                              - Undefined Weak Reference
    _terminate_alloc                          - Undefined Weak Reference
    _terminate_user_alloc                     - Undefined Weak Reference
    _terminateio                              - Undefined Weak Reference
    __Vectors_End                            0x000000c0   Data           0  startup_hc32f072.o(RESET)
    __Vectors_Size                           0x000000c0   Number         0  startup_hc32f072.o ABSOLUTE
    __main                                   0x000000c1   Thumb Code     8  __main.o(!!!main)
    __scatterload                            0x000000c9   Thumb Code     0  __scatter.o(!!!scatter)
    __scatterload_rt2                        0x000000c9   Thumb Code    52  __scatter.o(!!!scatter)
    __scatterload_rt2_thumb_only             0x000000c9   Thumb Code     0  __scatter.o(!!!scatter)
    __scatterload_null                       0x000000d9   Thumb Code     0  __scatter.o(!!!scatter)
    __scatterload_copy                       0x00000105   Thumb Code    26  __scatter_copy.o(!!handler_copy)
    __scatterload_zeroinit                   0x00000121   Thumb Code    28  __scatter_zi.o(!!handler_zi)
    __rt_lib_init                            0x0000013d   Thumb Code     0  libinit.o(.ARM.Collect$$libinit$$00000000)
    __rt_lib_init_alloca_1                   0x0000013f   Thumb Code     0  libinit2.o(.ARM.Collect$$libinit$$0000002E)
    __rt_lib_init_argv_1                     0x0000013f   Thumb Code     0  libinit2.o(.ARM.Collect$$libinit$$0000002C)
    __rt_lib_init_atexit_1                   0x0000013f   Thumb Code     0  libinit2.o(.ARM.Collect$$libinit$$0000001B)
    __rt_lib_init_clock_1                    0x0000013f   Thumb Code     0  libinit2.o(.ARM.Collect$$libinit$$00000021)
    __rt_lib_init_cpp_1                      0x0000013f   Thumb Code     0  libinit2.o(.ARM.Collect$$libinit$$00000032)
    __rt_lib_init_exceptions_1               0x0000013f   Thumb Code     0  libinit2.o(.ARM.Collect$$libinit$$00000030)
    __rt_lib_init_fp_1                       0x0000013f   Thumb Code     0  libinit2.o(.ARM.Collect$$libinit$$00000002)
    __rt_lib_init_fp_trap_1                  0x0000013f   Thumb Code     0  libinit2.o(.ARM.Collect$$libinit$$0000001F)
    __rt_lib_init_getenv_1                   0x0000013f   Thumb Code     0  libinit2.o(.ARM.Collect$$libinit$$00000023)
    __rt_lib_init_heap_1                     0x0000013f   Thumb Code     0  libinit2.o(.ARM.Collect$$libinit$$0000000A)
    __rt_lib_init_lc_collate_1               0x0000013f   Thumb Code     0  libinit2.o(.ARM.Collect$$libinit$$00000011)
    __rt_lib_init_lc_ctype_1                 0x0000013f   Thumb Code     0  libinit2.o(.ARM.Collect$$libinit$$00000013)
    __rt_lib_init_lc_monetary_1              0x0000013f   Thumb Code     0  libinit2.o(.ARM.Collect$$libinit$$00000015)
    __rt_lib_init_lc_numeric_1               0x0000013f   Thumb Code     0  libinit2.o(.ARM.Collect$$libinit$$00000017)
    __rt_lib_init_lc_time_1                  0x0000013f   Thumb Code     0  libinit2.o(.ARM.Collect$$libinit$$00000019)
    __rt_lib_init_preinit_1                  0x0000013f   Thumb Code     0  libinit2.o(.ARM.Collect$$libinit$$00000004)
    __rt_lib_init_rand_1                     0x0000013f   Thumb Code     0  libinit2.o(.ARM.Collect$$libinit$$0000000E)
    __rt_lib_init_return                     0x0000013f   Thumb Code     0  libinit2.o(.ARM.Collect$$libinit$$00000033)
    __rt_lib_init_signal_1                   0x0000013f   Thumb Code     0  libinit2.o(.ARM.Collect$$libinit$$0000001D)
    __rt_lib_init_stdio_1                    0x0000013f   Thumb Code     0  libinit2.o(.ARM.Collect$$libinit$$00000025)
    __rt_lib_init_user_alloc_1               0x0000013f   Thumb Code     0  libinit2.o(.ARM.Collect$$libinit$$0000000C)
    __rt_lib_shutdown                        0x00000141   Thumb Code     0  libshutdown.o(.ARM.Collect$$libshutdown$$00000000)
    __rt_lib_shutdown_cpp_1                  0x00000143   Thumb Code     0  libshutdown2.o(.ARM.Collect$$libshutdown$$00000002)
    __rt_lib_shutdown_fp_trap_1              0x00000143   Thumb Code     0  libshutdown2.o(.ARM.Collect$$libshutdown$$00000007)
    __rt_lib_shutdown_heap_1                 0x00000143   Thumb Code     0  libshutdown2.o(.ARM.Collect$$libshutdown$$0000000F)
    __rt_lib_shutdown_return                 0x00000143   Thumb Code     0  libshutdown2.o(.ARM.Collect$$libshutdown$$00000010)
    __rt_lib_shutdown_signal_1               0x00000143   Thumb Code     0  libshutdown2.o(.ARM.Collect$$libshutdown$$0000000A)
    __rt_lib_shutdown_stdio_1                0x00000143   Thumb Code     0  libshutdown2.o(.ARM.Collect$$libshutdown$$00000004)
    __rt_lib_shutdown_user_alloc_1           0x00000143   Thumb Code     0  libshutdown2.o(.ARM.Collect$$libshutdown$$0000000C)
    __rt_entry                               0x00000145   Thumb Code     0  __rtentry.o(.ARM.Collect$$rtentry$$00000000)
    __rt_entry_presh_1                       0x00000145   Thumb Code     0  __rtentry2.o(.ARM.Collect$$rtentry$$00000002)
    __rt_entry_sh                            0x00000145   Thumb Code     0  __rtentry4.o(.ARM.Collect$$rtentry$$00000004)
    __rt_entry_li                            0x0000014b   Thumb Code     0  __rtentry2.o(.ARM.Collect$$rtentry$$0000000A)
    __rt_entry_postsh_1                      0x0000014b   Thumb Code     0  __rtentry2.o(.ARM.Collect$$rtentry$$00000009)
    __rt_entry_main                          0x0000014f   Thumb Code     0  __rtentry2.o(.ARM.Collect$$rtentry$$0000000D)
    __rt_entry_postli_1                      0x0000014f   Thumb Code     0  __rtentry2.o(.ARM.Collect$$rtentry$$0000000C)
    __rt_exit                                0x00000157   Thumb Code     0  rtexit.o(.ARM.Collect$$rtexit$$00000000)
    __rt_exit_ls                             0x00000159   Thumb Code     0  rtexit2.o(.ARM.Collect$$rtexit$$00000003)
    __rt_exit_prels_1                        0x00000159   Thumb Code     0  rtexit2.o(.ARM.Collect$$rtexit$$00000002)
    __rt_exit_exit                           0x0000015d   Thumb Code     0  rtexit2.o(.ARM.Collect$$rtexit$$00000004)
    __asm___6_port_c_39a90d8d__prvPortStartFirstTask 0x00000165   Thumb Code    36  port.o(.emb_text)
    ulSetInterruptMaskFromISR                0x0000018d   Thumb Code     8  port.o(.emb_text)
    vClearInterruptMaskFromISR               0x00000195   Thumb Code     6  port.o(.emb_text)
    PendSV_Handler                           0x0000019b   Thumb Code    62  port.o(.emb_text)
    __aeabi_memcpy4                          0x000001dd   Thumb Code    56  rt_memcpy.o(.emb_text)
    __aeabi_memcpy8                          0x000001dd   Thumb Code     0  rt_memcpy.o(.emb_text)
    Reset_Handler                            0x00000215   Thumb Code    26  startup_hc32f072.o(.text)
    NMI_Handler                              0x0000022f   Thumb Code     2  startup_hc32f072.o(.text)
    Dummy_Handler                            0x00000239   Thumb Code     0  startup_hc32f072.o(.text)
    __user_initial_stackheap                 0x0000023d   Thumb Code     0  startup_hc32f072.o(.text)
    __use_no_semihosting                     0x0000026d   Thumb Code     2  use_no_semi_2.o(.text)
    __aeabi_uidiv                            0x0000026f   Thumb Code     0  aeabi_sdiv.o(.text)
    __aeabi_uidivmod                         0x0000026f   Thumb Code    20  aeabi_sdiv.o(.text)
    __aeabi_idiv                             0x00000283   Thumb Code     0  aeabi_sdiv.o(.text)
    __aeabi_idivmod                          0x00000283   Thumb Code   326  aeabi_sdiv.o(.text)
    __use_two_region_memory                  0x000003c9   Thumb Code     2  heapauxi.o(.text)
    __rt_heap_escrow$2region                 0x000003cb   Thumb Code     2  heapauxi.o(.text)
    __rt_heap_expand$2region                 0x000003cd   Thumb Code     2  heapauxi.o(.text)
    __I$use$semihosting                      0x000003cf   Thumb Code     0  use_no_semi.o(.text)
    __use_no_semihosting_swi                 0x000003cf   Thumb Code     2  use_no_semi.o(.text)
    __user_setup_stackheap                   0x000003d1   Thumb Code    62  sys_stackheap_outer.o(.text)
    exit                                     0x0000040f   Thumb Code    16  exit.o(.text)
    __user_libspace                          0x00000421   Thumb Code     8  libspace.o(.text)
    __user_perproc_libspace                  0x00000421   Thumb Code     0  libspace.o(.text)
    __user_perthread_libspace                0x00000421   Thumb Code     0  libspace.o(.text)
    ADC_DAC_IRQHandler                       0x00000429   Thumb Code    12  interrupts_hc32f072.o(i.ADC_DAC_IRQHandler)
    Adc_ClrIrqStatus                         0x00000435   Thumb Code    12  adc.o(i.Adc_ClrIrqStatus)
    Adc_GetIrqStatus                         0x00000445   Thumb Code    20  adc.o(i.Adc_GetIrqStatus)
    Adc_GetSglResult                         0x0000045d   Thumb Code     6  adc.o(i.Adc_GetSglResult)
    Adc_IRQHandler                           0x00000469   Thumb Code    26  hd_adc.o(i.Adc_IRQHandler)
    Adc_SGL_Start                            0x00000489   Thumb Code     8  adc.o(i.Adc_SGL_Start)
    CAN_IRQHandler                           0x00000495   Thumb Code     8  interrupts_hc32f072.o(i.CAN_IRQHandler)
    CLKTRIM_CTS_IRQHandler                   0x0000049d   Thumb Code    12  interrupts_hc32f072.o(i.CLKTRIM_CTS_IRQHandler)
    DMAC_IRQHandler                          0x000004a9   Thumb Code     8  interrupts_hc32f072.o(i.DMAC_IRQHandler)
    FLASH_RAM_IRQHandler                     0x000004b1   Thumb Code    12  interrupts_hc32f072.o(i.FLASH_RAM_IRQHandler)
    Flash_WaitCycle                          0x000004bd   Thumb Code    38  flash.o(i.Flash_WaitCycle)
    GetBit                                   0x000004f1   Thumb Code    12  ddl.o(i.GetBit)
    Gpio_ClrIO                               0x000004fd   Thumb Code    22  gpio.o(i.Gpio_ClrIO)
    Gpio_Init                                0x00000519   Thumb Code   130  gpio.o(i.Gpio_Init)
    Gpio_SetAfMode                           0x000005a9   Thumb Code    16  gpio.o(i.Gpio_SetAfMode)
    Gpio_SetIO                               0x000005bd   Thumb Code    22  gpio.o(i.Gpio_SetIO)
    Gpio_SfHClkOutputConfig                  0x000005d9   Thumb Code    56  gpio.o(i.Gpio_SfHClkOutputConfig)
    HardFault_Handler                        0x00000615   Thumb Code    16  interrupts_hc32f072.o(i.HardFault_Handler)
    I2C0_IRQHandler                          0x00000625   Thumb Code     8  interrupts_hc32f072.o(i.I2C0_IRQHandler)
    I2C1_IRQHandler                          0x0000062d   Thumb Code     8  interrupts_hc32f072.o(i.I2C1_IRQHandler)
    LPUART0_IRQHandler                       0x00000635   Thumb Code     8  interrupts_hc32f072.o(i.LPUART0_IRQHandler)
    LPUART1_IRQHandler                       0x0000063d   Thumb Code     8  interrupts_hc32f072.o(i.LPUART1_IRQHandler)
    PCA_IRQHandler                           0x00000645   Thumb Code     8  interrupts_hc32f072.o(i.PCA_IRQHandler)
    PORTA_IRQHandler                         0x0000064d   Thumb Code     8  interrupts_hc32f072.o(i.PORTA_IRQHandler)
    PORTB_IRQHandler                         0x00000655   Thumb Code     8  interrupts_hc32f072.o(i.PORTB_IRQHandler)
    PORTC_E_IRQHandler                       0x0000065d   Thumb Code    12  interrupts_hc32f072.o(i.PORTC_E_IRQHandler)
    PORTD_F_IRQHandler                       0x00000669   Thumb Code    12  interrupts_hc32f072.o(i.PORTD_F_IRQHandler)
    Port_init                                0x00000675   Thumb Code   118  hd_gpio.o(i.Port_init)
    SPI0_I2S0_IRQHandler                     0x000006eb   Thumb Code    12  interrupts_hc32f072.o(i.SPI0_I2S0_IRQHandler)
    SPI1_I2S1_IRQHandler                     0x000006f7   Thumb Code    12  interrupts_hc32f072.o(i.SPI1_I2S1_IRQHandler)
    SVC_Handler                              0x00000703   Thumb Code     2  port.o(i.SVC_Handler)
    SetBit                                   0x00000705   Thumb Code    30  ddl.o(i.SetBit)
    SysTick_Handler                          0x00000725   Thumb Code    32  port.o(i.SysTick_Handler)
    Sysctrl_ClkInit                          0x00000749   Thumb Code   106  sysctrl.o(i.Sysctrl_ClkInit)
    Sysctrl_ClkSourceEnable                  0x000007b5   Thumb Code   272  sysctrl.o(i.Sysctrl_ClkSourceEnable)
    Sysctrl_GetHClkFreq                      0x000008d1   Thumb Code   354  sysctrl.o(i.Sysctrl_GetHClkFreq)
    Sysctrl_SetHCLKDiv                       0x00000a45   Thumb Code    36  sysctrl.o(i.Sysctrl_SetHCLKDiv)
    Sysctrl_SetPCLKDiv                       0x00000a6d   Thumb Code    36  sysctrl.o(i.Sysctrl_SetPCLKDiv)
    Sysctrl_SetPLLFreq                       0x00000a95   Thumb Code   258  sysctrl.o(i.Sysctrl_SetPLLFreq)
    Sysctrl_SetPLLStableTime                 0x00000ba9   Thumb Code    32  sysctrl.o(i.Sysctrl_SetPLLStableTime)
    Sysctrl_SetPeripheralGate                0x00000bcd   Thumb Code    50  sysctrl.o(i.Sysctrl_SetPeripheralGate)
    Sysctrl_SetRCHTrim                       0x00000c05   Thumb Code    32  sysctrl.o(i.Sysctrl_SetRCHTrim)
    Sysctrl_SetRCLStableTime                 0x00000c2d   Thumb Code    32  sysctrl.o(i.Sysctrl_SetRCLStableTime)
    Sysctrl_SetRCLTrim                       0x00000c51   Thumb Code    32  sysctrl.o(i.Sysctrl_SetRCLTrim)
    Sysctrl_SetXTHStableTime                 0x00000c79   Thumb Code    28  sysctrl.o(i.Sysctrl_SetXTHStableTime)
    Sysctrl_SetXTLStableTime                 0x00000c99   Thumb Code    28  sysctrl.o(i.Sysctrl_SetXTLStableTime)
    Sysctrl_SysClkSwitch                     0x00000cb9   Thumb Code    40  sysctrl.o(i.Sysctrl_SysClkSwitch)
    Sysctrl_XTHDriverConfig                  0x00000ce5   Thumb Code    24  sysctrl.o(i.Sysctrl_XTHDriverConfig)
    Sysctrl_XTLDriverConfig                  0x00000d01   Thumb Code    46  sysctrl.o(i.Sysctrl_XTLDriverConfig)
    SystemCoreClockUpdate                    0x00000d35   Thumb Code    12  system_hc32f072.o(i.SystemCoreClockUpdate)
    SystemInit                               0x00000d45   Thumb Code     8  system_hc32f072.o(i.SystemInit)
    TIM0_IRQHandler                          0x00000d4d   Thumb Code     8  interrupts_hc32f072.o(i.TIM0_IRQHandler)
    TIM1_IRQHandler                          0x00000d55   Thumb Code     8  interrupts_hc32f072.o(i.TIM1_IRQHandler)
    TIM2_IRQHandler                          0x00000d5d   Thumb Code     8  interrupts_hc32f072.o(i.TIM2_IRQHandler)
    TIM3_IRQHandler                          0x00000d65   Thumb Code     8  interrupts_hc32f072.o(i.TIM3_IRQHandler)
    TIM4_IRQHandler                          0x00000d6d   Thumb Code     8  interrupts_hc32f072.o(i.TIM4_IRQHandler)
    TIM5_IRQHandler                          0x00000d75   Thumb Code     8  interrupts_hc32f072.o(i.TIM5_IRQHandler)
    TIM6_IRQHandler                          0x00000d7d   Thumb Code     8  interrupts_hc32f072.o(i.TIM6_IRQHandler)
    Task_Test                                0x00000d85   Thumb Code    66  app_task.o(i.Task_Test)
    Tim3_ClearIntFlag                        0x00000dc9   Thumb Code    16  timer3.o(i.Tim3_ClearIntFlag)
    Tim3_GetIntFlag                          0x00000ddd   Thumb Code    18  timer3.o(i.Tim3_GetIntFlag)
    Tim3_IRQHandler                          0x00000df5   Thumb Code    70  hd_gpt_timer.o(i.Tim3_IRQHandler)
    UART0_2_IRQHandler                       0x00000e41   Thumb Code    12  interrupts_hc32f072.o(i.UART0_2_IRQHandler)
    UART1_3_IRQHandler                       0x00000e4d   Thumb Code    12  interrupts_hc32f072.o(i.UART1_3_IRQHandler)
    USBFS_IRQHandler                         0x00000e59   Thumb Code     8  interrupts_hc32f072.o(i.USBFS_IRQHandler)
    Uart1_IRQHandler                         0x00000e61   Thumb Code    54  hd_uart1.o(i.Uart1_IRQHandler)
    Uart_ClrStatus                           0x00000ea1   Thumb Code    22  uart.o(i.Uart_ClrStatus)
    Uart_GetStatus                           0x00000eb7   Thumb Code    24  uart.o(i.Uart_GetStatus)
    Uart_ReceiveData                         0x00000ecf   Thumb Code     8  uart.o(i.Uart_ReceiveData)
    VC0_1_2_LVD_IRQHandler                   0x00000ed7   Thumb Code    20  interrupts_hc32f072.o(i.VC0_1_2_LVD_IRQHandler)
    WDT_IRQHandler                           0x00000eeb   Thumb Code     8  interrupts_hc32f072.o(i.WDT_IRQHandler)
    __ARM_common_switch8                     0x00000f0d   Thumb Code    28  tasks.o(i.__ARM_common_switch8)
    _sys_exit                                0x00000fa1   Thumb Code     4  ddl.o(i._sys_exit)
    main                                     0x00000fa5   Thumb Code   182  main.o(i.main)
    osSystickHandler                         0x0000106d   Thumb Code    16  cmsis_os.o(i.osSystickHandler)
    os_task_init                             0x0000107d   Thumb Code    28  app_task.o(i.os_task_init)
    pvPortMalloc                             0x000014a9   Thumb Code   264  heap_4.o(i.pvPortMalloc)
    pxPortInitialiseStack                    0x000015c5   Thumb Code    26  port.o(i.pxPortInitialiseStack)
    uxListRemove                             0x000015e5   Thumb Code    40  list.o(i.uxListRemove)
    vListInitialise                          0x0000160d   Thumb Code    26  list.o(i.vListInitialise)
    vListInitialiseItem                      0x00001627   Thumb Code     6  list.o(i.vListInitialiseItem)
    vListInsert                              0x0000162d   Thumb Code    54  list.o(i.vListInsert)
    vListInsertEnd                           0x00001663   Thumb Code    24  list.o(i.vListInsertEnd)
    vPortEnterCritical                       0x0000167d   Thumb Code    22  port.o(i.vPortEnterCritical)
    vPortExitCritical                        0x00001699   Thumb Code    36  port.o(i.vPortExitCritical)
    vPortFree                                0x000016c1   Thumb Code   120  heap_4.o(i.vPortFree)
    vPortSetupTimerInterrupt                 0x00001741   Thumb Code    26  port.o(i.vPortSetupTimerInterrupt)
    vPortYield                               0x00001765   Thumb Code    18  port.o(i.vPortYield)
    vTaskDelay                               0x0000177d   Thumb Code    62  tasks.o(i.vTaskDelay)
    vTaskStartScheduler                      0x000017c1   Thumb Code    80  tasks.o(i.vTaskStartScheduler)
    vTaskSuspendAll                          0x0000182d   Thumb Code    12  tasks.o(i.vTaskSuspendAll)
    vTaskSwitchContext                       0x0000183d   Thumb Code   108  tasks.o(i.vTaskSwitchContext)
    xPortStartScheduler                      0x000018bd   Thumb Code    48  port.o(i.xPortStartScheduler)
    xTaskCreate                              0x000018f5   Thumb Code    92  tasks.o(i.xTaskCreate)
    xTaskGetSchedulerState                   0x00001951   Thumb Code    28  tasks.o(i.xTaskGetSchedulerState)
    xTaskIncrementTick                       0x00001975   Thumb Code   270  tasks.o(i.xTaskIncrementTick)
    xTaskResumeAll                           0x00001ab1   Thumb Code   206  tasks.o(i.xTaskResumeAll)
    Region$$Table$$Base                      0x00001bb8   Number         0  anon$$obj.o(Region$$Table)
    Region$$Table$$Limit                     0x00001bd8   Number         0  anon$$obj.o(Region$$Table)
    clk_data                                 0x20000000   Data           4  main.o(.data)
    Hd_Test_Task                             0x20000004   Data           4  app_task.o(.data)
    pxCurrentTCB                             0x20000008   Data           4  tasks.o(.data)
    Timer0_value                             0x20000044   Data           2  port.o(.data)
    Division                                 0x20000046   Data           1  port.o(.data)
    Flag_Sleep                               0x20000047   Data           1  port.o(.data)
    SystemCoreClock                          0x20000064   Data           4  system_hc32f072.o(.data)
    u8RxData                                 0x20000069   Data           1  hd_uart1.o(.data)
    Adc_result                               0x2000006a   Data           2  hd_adc.o(.data)
    __libspace_start                         0x20000d5c   Data          96  libspace.o(.bss)
    __temporary_stack_top$libspace           0x20000dbc   Data           0  libspace.o(.bss)



==============================================================================

Memory Map of the image

  Image Entry point : 0x000000c1

  Load Region LR_IROM1 (Base: 0x00000000, Size: 0x00001c44, Max: 0x00020000, ABSOLUTE)

    Execution Region ER_IROM1 (Exec base: 0x00000000, Load base: 0x00000000, Size: 0x00001bd8, Max: 0x00020000, ABSOLUTE)

    Exec Addr    Load Addr    Size         Type   Attr      Idx    E Section Name        Object

    0x00000000   0x00000000   0x000000c0   Data   RO         4965    RESET               startup_hc32f072.o
    0x000000c0   0x000000c0   0x00000008   Code   RO         5135  * !!!main             c_p.l(__main.o)
    0x000000c8   0x000000c8   0x0000003c   Code   RO         5300    !!!scatter          c_p.l(__scatter.o)
    0x00000104   0x00000104   0x0000001a   Code   RO         5302    !!handler_copy      c_p.l(__scatter_copy.o)
    0x0000011e   0x0000011e   0x00000002   PAD
    0x00000120   0x00000120   0x0000001c   Code   RO         5304    !!handler_zi        c_p.l(__scatter_zi.o)
    0x0000013c   0x0000013c   0x00000002   Code   RO         5175    .ARM.Collect$$libinit$$00000000  c_p.l(libinit.o)
    0x0000013e   0x0000013e   0x00000000   Code   RO         5189    .ARM.Collect$$libinit$$00000002  c_p.l(libinit2.o)
    0x0000013e   0x0000013e   0x00000000   Code   RO         5191    .ARM.Collect$$libinit$$00000004  c_p.l(libinit2.o)
    0x0000013e   0x0000013e   0x00000000   Code   RO         5194    .ARM.Collect$$libinit$$0000000A  c_p.l(libinit2.o)
    0x0000013e   0x0000013e   0x00000000   Code   RO         5196    .ARM.Collect$$libinit$$0000000C  c_p.l(libinit2.o)
    0x0000013e   0x0000013e   0x00000000   Code   RO         5198    .ARM.Collect$$libinit$$0000000E  c_p.l(libinit2.o)
    0x0000013e   0x0000013e   0x00000000   Code   RO         5201    .ARM.Collect$$libinit$$00000011  c_p.l(libinit2.o)
    0x0000013e   0x0000013e   0x00000000   Code   RO         5203    .ARM.Collect$$libinit$$00000013  c_p.l(libinit2.o)
    0x0000013e   0x0000013e   0x00000000   Code   RO         5205    .ARM.Collect$$libinit$$00000015  c_p.l(libinit2.o)
    0x0000013e   0x0000013e   0x00000000   Code   RO         5207    .ARM.Collect$$libinit$$00000017  c_p.l(libinit2.o)
    0x0000013e   0x0000013e   0x00000000   Code   RO         5209    .ARM.Collect$$libinit$$00000019  c_p.l(libinit2.o)
    0x0000013e   0x0000013e   0x00000000   Code   RO         5211    .ARM.Collect$$libinit$$0000001B  c_p.l(libinit2.o)
    0x0000013e   0x0000013e   0x00000000   Code   RO         5213    .ARM.Collect$$libinit$$0000001D  c_p.l(libinit2.o)
    0x0000013e   0x0000013e   0x00000000   Code   RO         5215    .ARM.Collect$$libinit$$0000001F  c_p.l(libinit2.o)
    0x0000013e   0x0000013e   0x00000000   Code   RO         5217    .ARM.Collect$$libinit$$00000021  c_p.l(libinit2.o)
    0x0000013e   0x0000013e   0x00000000   Code   RO         5219    .ARM.Collect$$libinit$$00000023  c_p.l(libinit2.o)
    0x0000013e   0x0000013e   0x00000000   Code   RO         5221    .ARM.Collect$$libinit$$00000025  c_p.l(libinit2.o)
    0x0000013e   0x0000013e   0x00000000   Code   RO         5225    .ARM.Collect$$libinit$$0000002C  c_p.l(libinit2.o)
    0x0000013e   0x0000013e   0x00000000   Code   RO         5227    .ARM.Collect$$libinit$$0000002E  c_p.l(libinit2.o)
    0x0000013e   0x0000013e   0x00000000   Code   RO         5229    .ARM.Collect$$libinit$$00000030  c_p.l(libinit2.o)
    0x0000013e   0x0000013e   0x00000000   Code   RO         5231    .ARM.Collect$$libinit$$00000032  c_p.l(libinit2.o)
    0x0000013e   0x0000013e   0x00000002   Code   RO         5232    .ARM.Collect$$libinit$$00000033  c_p.l(libinit2.o)
    0x00000140   0x00000140   0x00000002   Code   RO         5256    .ARM.Collect$$libshutdown$$00000000  c_p.l(libshutdown.o)
    0x00000142   0x00000142   0x00000000   Code   RO         5282    .ARM.Collect$$libshutdown$$00000002  c_p.l(libshutdown2.o)
    0x00000142   0x00000142   0x00000000   Code   RO         5284    .ARM.Collect$$libshutdown$$00000004  c_p.l(libshutdown2.o)
    0x00000142   0x00000142   0x00000000   Code   RO         5287    .ARM.Collect$$libshutdown$$00000007  c_p.l(libshutdown2.o)
    0x00000142   0x00000142   0x00000000   Code   RO         5290    .ARM.Collect$$libshutdown$$0000000A  c_p.l(libshutdown2.o)
    0x00000142   0x00000142   0x00000000   Code   RO         5292    .ARM.Collect$$libshutdown$$0000000C  c_p.l(libshutdown2.o)
    0x00000142   0x00000142   0x00000000   Code   RO         5295    .ARM.Collect$$libshutdown$$0000000F  c_p.l(libshutdown2.o)
    0x00000142   0x00000142   0x00000002   Code   RO         5296    .ARM.Collect$$libshutdown$$00000010  c_p.l(libshutdown2.o)
    0x00000144   0x00000144   0x00000000   Code   RO         5139    .ARM.Collect$$rtentry$$00000000  c_p.l(__rtentry.o)
    0x00000144   0x00000144   0x00000000   Code   RO         5145    .ARM.Collect$$rtentry$$00000002  c_p.l(__rtentry2.o)
    0x00000144   0x00000144   0x00000006   Code   RO         5157    .ARM.Collect$$rtentry$$00000004  c_p.l(__rtentry4.o)
    0x0000014a   0x0000014a   0x00000000   Code   RO         5147    .ARM.Collect$$rtentry$$00000009  c_p.l(__rtentry2.o)
    0x0000014a   0x0000014a   0x00000004   Code   RO         5148    .ARM.Collect$$rtentry$$0000000A  c_p.l(__rtentry2.o)
    0x0000014e   0x0000014e   0x00000000   Code   RO         5150    .ARM.Collect$$rtentry$$0000000C  c_p.l(__rtentry2.o)
    0x0000014e   0x0000014e   0x00000008   Code   RO         5151    .ARM.Collect$$rtentry$$0000000D  c_p.l(__rtentry2.o)
    0x00000156   0x00000156   0x00000002   Code   RO         5180    .ARM.Collect$$rtexit$$00000000  c_p.l(rtexit.o)
    0x00000158   0x00000158   0x00000000   Code   RO         5234    .ARM.Collect$$rtexit$$00000002  c_p.l(rtexit2.o)
    0x00000158   0x00000158   0x00000004   Code   RO         5235    .ARM.Collect$$rtexit$$00000003  c_p.l(rtexit2.o)
    0x0000015c   0x0000015c   0x00000006   Code   RO         5236    .ARM.Collect$$rtexit$$00000004  c_p.l(rtexit2.o)
    0x00000162   0x00000162   0x00000002   PAD
    0x00000164   0x00000164   0x00000078   Code   RO          795    .emb_text           port.o
    0x000001dc   0x000001dc   0x00000038   Code   RO         5123    .emb_text           c_p.l(rt_memcpy.o)
    0x00000214   0x00000214   0x00000058   Code   RO         4966    .text               startup_hc32f072.o
    0x0000026c   0x0000026c   0x00000002   Code   RO         5121    .text               c_p.l(use_no_semi_2.o)
    0x0000026e   0x0000026e   0x0000015a   Code   RO         5129    .text               c_p.l(aeabi_sdiv.o)
    0x000003c8   0x000003c8   0x00000006   Code   RO         5133    .text               c_p.l(heapauxi.o)
    0x000003ce   0x000003ce   0x00000002   Code   RO         5137    .text               c_p.l(use_no_semi.o)
    0x000003d0   0x000003d0   0x0000003e   Code   RO         5161    .text               c_p.l(sys_stackheap_outer.o)
    0x0000040e   0x0000040e   0x00000010   Code   RO         5164    .text               c_p.l(exit.o)
    0x0000041e   0x0000041e   0x00000002   PAD
    0x00000420   0x00000420   0x00000008   Code   RO         5176    .text               c_p.l(libspace.o)
    0x00000428   0x00000428   0x0000000c   Code   RO         4722    i.ADC_DAC_IRQHandler  interrupts_hc32f072.o
    0x00000434   0x00000434   0x00000010   Code   RO         1281    i.Adc_ClrIrqStatus  adc.o
    0x00000444   0x00000444   0x00000018   Code   RO         1290    i.Adc_GetIrqStatus  adc.o
    0x0000045c   0x0000045c   0x0000000c   Code   RO         1292    i.Adc_GetSglResult  adc.o
    0x00000468   0x00000468   0x00000020   Code   RO         5092    i.Adc_IRQHandler    hd_adc.o
    0x00000488   0x00000488   0x0000000c   Code   RO         1301    i.Adc_SGL_Start     adc.o
    0x00000494   0x00000494   0x00000008   Code   RO         4723    i.CAN_IRQHandler    interrupts_hc32f072.o
    0x0000049c   0x0000049c   0x0000000c   Code   RO         4724    i.CLKTRIM_CTS_IRQHandler  interrupts_hc32f072.o
    0x000004a8   0x000004a8   0x00000008   Code   RO         4725    i.DMAC_IRQHandler   interrupts_hc32f072.o
    0x000004b0   0x000004b0   0x0000000c   Code   RO         4727    i.FLASH_RAM_IRQHandler  interrupts_hc32f072.o
    0x000004bc   0x000004bc   0x00000034   Code   RO         2825    i.Flash_WaitCycle   flash.o
    0x000004f0   0x000004f0   0x0000000c   Code   RO         2529    i.GetBit            ddl.o
    0x000004fc   0x000004fc   0x0000001c   Code   RO         2917    i.Gpio_ClrIO        gpio.o
    0x00000518   0x00000518   0x00000090   Code   RO         2924    i.Gpio_Init         gpio.o
    0x000005a8   0x000005a8   0x00000014   Code   RO         2926    i.Gpio_SetAfMode    gpio.o
    0x000005bc   0x000005bc   0x0000001c   Code   RO         2929    i.Gpio_SetIO        gpio.o
    0x000005d8   0x000005d8   0x0000003c   Code   RO         2932    i.Gpio_SfHClkOutputConfig  gpio.o
    0x00000614   0x00000614   0x00000010   Code   RO         4728    i.HardFault_Handler  interrupts_hc32f072.o
    0x00000624   0x00000624   0x00000008   Code   RO         4729    i.I2C0_IRQHandler   interrupts_hc32f072.o
    0x0000062c   0x0000062c   0x00000008   Code   RO         4730    i.I2C1_IRQHandler   interrupts_hc32f072.o
    0x00000634   0x00000634   0x00000008   Code   RO         4731    i.LPUART0_IRQHandler  interrupts_hc32f072.o
    0x0000063c   0x0000063c   0x00000008   Code   RO         4732    i.LPUART1_IRQHandler  interrupts_hc32f072.o
    0x00000644   0x00000644   0x00000008   Code   RO         4733    i.PCA_IRQHandler    interrupts_hc32f072.o
    0x0000064c   0x0000064c   0x00000008   Code   RO         4734    i.PORTA_IRQHandler  interrupts_hc32f072.o
    0x00000654   0x00000654   0x00000008   Code   RO         4735    i.PORTB_IRQHandler  interrupts_hc32f072.o
    0x0000065c   0x0000065c   0x0000000c   Code   RO         4736    i.PORTC_E_IRQHandler  interrupts_hc32f072.o
    0x00000668   0x00000668   0x0000000c   Code   RO         4737    i.PORTD_F_IRQHandler  interrupts_hc32f072.o
    0x00000674   0x00000674   0x00000076   Code   RO         5005    i.Port_init         hd_gpio.o
    0x000006ea   0x000006ea   0x0000000c   Code   RO         4738    i.SPI0_I2S0_IRQHandler  interrupts_hc32f072.o
    0x000006f6   0x000006f6   0x0000000c   Code   RO         4739    i.SPI1_I2S1_IRQHandler  interrupts_hc32f072.o
    0x00000702   0x00000702   0x00000002   Code   RO          796    i.SVC_Handler       port.o
    0x00000704   0x00000704   0x0000001e   Code   RO         2531    i.SetBit            ddl.o
    0x00000722   0x00000722   0x00000002   PAD
    0x00000724   0x00000724   0x00000024   Code   RO          797    i.SysTick_Handler   port.o
    0x00000748   0x00000748   0x0000006a   Code   RO         3898    i.Sysctrl_ClkInit   sysctrl.o
    0x000007b2   0x000007b2   0x00000002   PAD
    0x000007b4   0x000007b4   0x0000011c   Code   RO         3899    i.Sysctrl_ClkSourceEnable  sysctrl.o
    0x000008d0   0x000008d0   0x00000174   Code   RO         3900    i.Sysctrl_GetHClkFreq  sysctrl.o
    0x00000a44   0x00000a44   0x00000028   Code   RO         3904    i.Sysctrl_SetHCLKDiv  sysctrl.o
    0x00000a6c   0x00000a6c   0x00000028   Code   RO         3905    i.Sysctrl_SetPCLKDiv  sysctrl.o
    0x00000a94   0x00000a94   0x00000114   Code   RO         3906    i.Sysctrl_SetPLLFreq  sysctrl.o
    0x00000ba8   0x00000ba8   0x00000024   Code   RO         3907    i.Sysctrl_SetPLLStableTime  sysctrl.o
    0x00000bcc   0x00000bcc   0x00000038   Code   RO         3908    i.Sysctrl_SetPeripheralGate  sysctrl.o
    0x00000c04   0x00000c04   0x00000028   Code   RO         3909    i.Sysctrl_SetRCHTrim  sysctrl.o
    0x00000c2c   0x00000c2c   0x00000024   Code   RO         3910    i.Sysctrl_SetRCLStableTime  sysctrl.o
    0x00000c50   0x00000c50   0x00000028   Code   RO         3911    i.Sysctrl_SetRCLTrim  sysctrl.o
    0x00000c78   0x00000c78   0x00000020   Code   RO         3913    i.Sysctrl_SetXTHStableTime  sysctrl.o
    0x00000c98   0x00000c98   0x00000020   Code   RO         3914    i.Sysctrl_SetXTLStableTime  sysctrl.o
    0x00000cb8   0x00000cb8   0x0000002c   Code   RO         3915    i.Sysctrl_SysClkSwitch  sysctrl.o
    0x00000ce4   0x00000ce4   0x0000001c   Code   RO         3916    i.Sysctrl_XTHDriverConfig  sysctrl.o
    0x00000d00   0x00000d00   0x00000034   Code   RO         3917    i.Sysctrl_XTLDriverConfig  sysctrl.o
    0x00000d34   0x00000d34   0x00000010   Code   RO         4924    i.SystemCoreClockUpdate  system_hc32f072.o
    0x00000d44   0x00000d44   0x00000008   Code   RO         4925    i.SystemInit        system_hc32f072.o
    0x00000d4c   0x00000d4c   0x00000008   Code   RO         4740    i.TIM0_IRQHandler   interrupts_hc32f072.o
    0x00000d54   0x00000d54   0x00000008   Code   RO         4741    i.TIM1_IRQHandler   interrupts_hc32f072.o
    0x00000d5c   0x00000d5c   0x00000008   Code   RO         4742    i.TIM2_IRQHandler   interrupts_hc32f072.o
    0x00000d64   0x00000d64   0x00000008   Code   RO         4743    i.TIM3_IRQHandler   interrupts_hc32f072.o
    0x00000d6c   0x00000d6c   0x00000008   Code   RO         4744    i.TIM4_IRQHandler   interrupts_hc32f072.o
    0x00000d74   0x00000d74   0x00000008   Code   RO         4745    i.TIM5_IRQHandler   interrupts_hc32f072.o
    0x00000d7c   0x00000d7c   0x00000008   Code   RO         4746    i.TIM6_IRQHandler   interrupts_hc32f072.o
    0x00000d84   0x00000d84   0x00000042   Code   RO          177    i.Task_Test         app_task.o
    0x00000dc6   0x00000dc6   0x00000002   PAD
    0x00000dc8   0x00000dc8   0x00000014   Code   RO         4044    i.Tim3_ClearIntFlag  timer3.o
    0x00000ddc   0x00000ddc   0x00000018   Code   RO         4045    i.Tim3_GetIntFlag   timer3.o
    0x00000df4   0x00000df4   0x0000004c   Code   RO         4972    i.Tim3_IRQHandler   hd_gpt_timer.o
    0x00000e40   0x00000e40   0x0000000c   Code   RO         4747    i.UART0_2_IRQHandler  interrupts_hc32f072.o
    0x00000e4c   0x00000e4c   0x0000000c   Code   RO         4748    i.UART1_3_IRQHandler  interrupts_hc32f072.o
    0x00000e58   0x00000e58   0x00000008   Code   RO         4749    i.USBFS_IRQHandler  interrupts_hc32f072.o
    0x00000e60   0x00000e60   0x00000040   Code   RO         5052    i.Uart1_IRQHandler  hd_uart1.o
    0x00000ea0   0x00000ea0   0x00000016   Code   RO         4476    i.Uart_ClrStatus    uart.o
    0x00000eb6   0x00000eb6   0x00000018   Code   RO         4483    i.Uart_GetStatus    uart.o
    0x00000ece   0x00000ece   0x00000008   Code   RO         4487    i.Uart_ReceiveData  uart.o
    0x00000ed6   0x00000ed6   0x00000014   Code   RO         4750    i.VC0_1_2_LVD_IRQHandler  interrupts_hc32f072.o
    0x00000eea   0x00000eea   0x00000008   Code   RO         4751    i.WDT_IRQHandler    interrupts_hc32f072.o
    0x00000ef2   0x00000ef2   0x00000002   PAD
    0x00000ef4   0x00000ef4   0x00000018   Code   RO         3918    i._SysctrlUnlock    sysctrl.o
    0x00000f0c   0x00000f0c   0x0000001c   Code   RO          781    i.__ARM_common_switch8  tasks.o
    0x00000f28   0x00000f28   0x00000078   Code   RO            4    i.__NVIC_SetPriority  main.o
    0x00000fa0   0x00000fa0   0x00000004   Code   RO         2533    i._sys_exit         ddl.o
    0x00000fa4   0x00000fa4   0x000000c8   Code   RO            5    i.main              main.o
    0x0000106c   0x0000106c   0x00000010   Code   RO          909    i.osSystickHandler  cmsis_os.o
    0x0000107c   0x0000107c   0x00000030   Code   RO          178    i.os_task_init      app_task.o
    0x000010ac   0x000010ac   0x0000007c   Code   RO          502    i.prvAddCurrentTaskToDelayedList  tasks.o
    0x00001128   0x00001128   0x000000a4   Code   RO          503    i.prvAddNewTaskToReadyList  tasks.o
    0x000011cc   0x000011cc   0x00000068   Code   RO          504    i.prvCheckTasksWaitingTermination  tasks.o
    0x00001234   0x00001234   0x00000012   Code   RO          505    i.prvDeleteTCB      tasks.o
    0x00001246   0x00001246   0x00000002   PAD
    0x00001248   0x00001248   0x0000007c   Code   RO         1229    i.prvHeapInit       heap_4.o
    0x000012c4   0x000012c4   0x00000018   Code   RO          506    i.prvIdleTask       tasks.o
    0x000012dc   0x000012dc   0x000000a4   Code   RO          507    i.prvInitialiseNewTask  tasks.o
    0x00001380   0x00001380   0x00000064   Code   RO          508    i.prvInitialiseTaskLists  tasks.o
    0x000013e4   0x000013e4   0x00000068   Code   RO         1230    i.prvInsertBlockIntoFreeList  heap_4.o
    0x0000144c   0x0000144c   0x00000038   Code   RO          509    i.prvResetNextTaskUnblockTime  tasks.o
    0x00001484   0x00001484   0x00000024   Code   RO          798    i.prvTaskExitError  port.o
    0x000014a8   0x000014a8   0x0000011c   Code   RO         1231    i.pvPortMalloc      heap_4.o
    0x000015c4   0x000015c4   0x00000020   Code   RO          799    i.pxPortInitialiseStack  port.o
    0x000015e4   0x000015e4   0x00000028   Code   RO          310    i.uxListRemove      list.o
    0x0000160c   0x0000160c   0x0000001a   Code   RO          311    i.vListInitialise   list.o
    0x00001626   0x00001626   0x00000006   Code   RO          312    i.vListInitialiseItem  list.o
    0x0000162c   0x0000162c   0x00000036   Code   RO          313    i.vListInsert       list.o
    0x00001662   0x00001662   0x00000018   Code   RO          314    i.vListInsertEnd    list.o
    0x0000167a   0x0000167a   0x00000002   PAD
    0x0000167c   0x0000167c   0x0000001c   Code   RO          801    i.vPortEnterCritical  port.o
    0x00001698   0x00001698   0x00000028   Code   RO          802    i.vPortExitCritical  port.o
    0x000016c0   0x000016c0   0x00000080   Code   RO         1232    i.vPortFree         heap_4.o
    0x00001740   0x00001740   0x00000024   Code   RO          803    i.vPortSetupTimerInterrupt  port.o
    0x00001764   0x00001764   0x00000018   Code   RO          804    i.vPortYield        port.o
    0x0000177c   0x0000177c   0x00000044   Code   RO          517    i.vTaskDelay        tasks.o
    0x000017c0   0x000017c0   0x0000006c   Code   RO          528    i.vTaskStartScheduler  tasks.o
    0x0000182c   0x0000182c   0x00000010   Code   RO          530    i.vTaskSuspendAll   tasks.o
    0x0000183c   0x0000183c   0x00000080   Code   RO          531    i.vTaskSwitchContext  tasks.o
    0x000018bc   0x000018bc   0x00000038   Code   RO          805    i.xPortStartScheduler  port.o
    0x000018f4   0x000018f4   0x0000005c   Code   RO          533    i.xTaskCreate       tasks.o
    0x00001950   0x00001950   0x00000024   Code   RO          537    i.xTaskGetSchedulerState  tasks.o
    0x00001974   0x00001974   0x0000013c   Code   RO          540    i.xTaskIncrementTick  tasks.o
    0x00001ab0   0x00001ab0   0x000000f0   Code   RO          546    i.xTaskResumeAll    tasks.o
    0x00001ba0   0x00001ba0   0x00000018   Data   RO         3919    .constdata          sysctrl.o
    0x00001bb8   0x00001bb8   0x00000020   Data   RO         5298    Region$$Table       anon$$obj.o


    Execution Region RW_IRAM1 (Exec base: 0x20000000, Load base: 0x00001bd8, Size: 0x000011c0, Max: 0x00004000, ABSOLUTE)

    Exec Addr    Load Addr    Size         Type   Attr      Idx    E Section Name        Object

    0x20000000   0x00001bd8   0x00000004   Data   RW            6    .data               main.o
    0x20000004   0x00001bdc   0x00000004   Data   RW          179    .data               app_task.o
    0x20000008   0x00001be0   0x0000003c   Data   RW          549    .data               tasks.o
    0x20000044   0x00001c1c   0x00000008   Data   RW          806    .data               port.o
    0x2000004c   0x00001c24   0x00000018   Data   RW         1237    .data               heap_4.o
    0x20000064   0x00001c3c   0x00000004   Data   RW         4926    .data               system_hc32f072.o
    0x20000068   0x00001c40   0x00000001   Data   RW         4974    .data               hd_gpt_timer.o
    0x20000069   0x00001c41   0x00000001   Data   RW         5053    .data               hd_uart1.o
    0x2000006a   0x00001c42   0x00000002   Data   RW         5094    .data               hd_adc.o
    0x2000006c        -       0x000000f0   Zero   RW          548    .bss                tasks.o
    0x2000015c        -       0x00000c00   Zero   RW         1236    .bss                heap_4.o
    0x20000d5c        -       0x00000060   Zero   RW         5177    .bss                c_p.l(libspace.o)
    0x20000dbc   0x00001c44   0x00000004   PAD
    0x20000dc0        -       0x00000200   Zero   RW         4964    HEAP                startup_hc32f072.o
    0x20000fc0        -       0x00000200   Zero   RW         4963    STACK               startup_hc32f072.o


==============================================================================

Image component sizes


      Code (inc. data)   RO Data    RW Data    ZI Data      Debug   Object Name

        64         18          0          0          0       1785   adc.o
       114         20          0          4          0       1106   app_task.o
        16          0          0          0          0        487   cmsis_os.o
        46          0          0          0          0       1446   ddl.o
         0          0          0          0          0       1472   event_groups.o
        52         14          0          0          0        542   flash.o
       280         34          0          0          0       3133   gpio.o
        32          6          0          2          0        650   hd_adc.o
       118          0          0          0          0        488   hd_gpio.o
        76          6          0          1          0        482   hd_gpt_timer.o
        64         10          0          1          0        666   hd_uart1.o
       640         60          0         24       3072       4183   heap_4.o
       288          0          0          0          0      13470   interrupts_hc32f072.o
       150          0          0          0          0       3066   list.o
       320         28          0          4          0     185910   main.o
       410         58          0          8          0       6914   port.o
        88         40        192          0       1024        636   startup_hc32f072.o
      1538        144         24          0          0      10854   sysctrl.o
        24          4          0          4          0       1139   system_hc32f072.o
      1786        254          0         60        240      14218   tasks.o
        44         10          0          0          0       1038   timer3.o
        54          0          0          0          0       1889   uart.o

    ----------------------------------------------------------------------
      6216        706        248        108       4336     255574   Object Totals
         0          0         32          0          0          0   (incl. Generated)
        12          0          0          0          0          0   (incl. Padding)

    ----------------------------------------------------------------------

      Code (inc. data)   RO Data    RW Data    ZI Data      Debug   Library Member Name

         8          0          0          0          0         68   __main.o
         0          0          0          0          0          0   __rtentry.o
        12          0          0          0          0          0   __rtentry2.o
         6          0          0          0          0          0   __rtentry4.o
        60          8          0          0          0          0   __scatter.o
        26          0          0          0          0          0   __scatter_copy.o
        28          0          0          0          0          0   __scatter_zi.o
       346          0          0          0          0         92   aeabi_sdiv.o
        16          0          0          0          0         68   exit.o
         6          0          0          0          0        136   heapauxi.o
         2          0          0          0          0          0   libinit.o
         2          0          0          0          0          0   libinit2.o
         2          0          0          0          0          0   libshutdown.o
         2          0          0          0          0          0   libshutdown2.o
         8          4          0          0         96         68   libspace.o
        56          0          0          0          0         68   rt_memcpy.o
         2          0          0          0          0          0   rtexit.o
        10          0          0          0          0          0   rtexit2.o
        62          0          0          0          0         80   sys_stackheap_outer.o
         2          0          0          0          0         68   use_no_semi.o
         2          0          0          0          0         68   use_no_semi_2.o

    ----------------------------------------------------------------------
       664         12          0          0        100        716   Library Totals
         6          0          0          0          4          0   (incl. Padding)

    ----------------------------------------------------------------------

      Code (inc. data)   RO Data    RW Data    ZI Data      Debug   Library Name

       658         12          0          0         96        716   c_p.l

    ----------------------------------------------------------------------
       664         12          0          0        100        716   Library Totals

    ----------------------------------------------------------------------

==============================================================================


      Code (inc. data)   RO Data    RW Data    ZI Data      Debug   

      6880        718        248        108       4436     251414   Grand Totals
      6880        718        248        108       4436     251414   ELF Image Totals
      6880        718        248        108          0          0   ROM Totals

==============================================================================

    Total RO  Size (Code + RO Data)                 7128 (   6.96kB)
    Total RW  Size (RW Data + ZI Data)              4544 (   4.44kB)
    Total ROM Size (Code + RO Data + RW Data)       7236 (   7.07kB)

==============================================================================

