Component: ARM Compiler 5.06 update 6 (build 750) Tool: armlink [4d35ed]

==============================================================================

Section Cross References

    app_task.o(i.Task_Test) refers to tasks.o(i.vTaskDelay) for vTaskDelay
    app_task.o(i.os_task_init) refers to tasks.o(i.xTaskCreate) for xTaskCreate
    app_task.o(i.os_task_init) refers to tasks.o(i.vTaskStartScheduler) for vTaskStartScheduler
    app_task.o(i.os_task_init) refers to app_task.o(.data) for Hd_Test_Task
    app_task.o(i.os_task_init) refers to app_task.o(i.Task_Test) for Task_Test
    main.o(i.main) refers to sysctrl.o(i.Sysctrl_SetRCLTrim) for Sysctrl_SetRCLTrim
    main.o(i.main) refers to sysctrl.o(i.Sysctrl_ClkSourceEnable) for Sysctrl_ClkSourceEnable
    main.o(i.main) refers to sysctrl.o(i.Sysctrl_SysClkSwitch) for Sysctrl_SysClkSwitch
    main.o(i.main) refers to sysctrl.o(i.Sysctrl_SetPeripheralGate) for Sysctrl_SetPeripheralGate
    main.o(i.main) refers to flash.o(i.Flash_WaitCycle) for Flash_WaitCycle
    main.o(i.main) refers to sysctrl.o(i.Sysctrl_SetRCHTrim) for Sysctrl_SetRCHTrim
    main.o(i.main) refers to sysctrl.o(i.Sysctrl_SetPLLFreq) for Sysctrl_SetPLLFreq
    main.o(i.main) refers to sysctrl.o(i.Sysctrl_ClkInit) for Sysctrl_ClkInit
    main.o(i.main) refers to sysctrl.o(i.Sysctrl_GetHClkFreq) for Sysctrl_GetHClkFreq
    main.o(i.main) refers to system_hc32l19x.o(i.SystemCoreClockUpdate) for SystemCoreClockUpdate
    main.o(i.main) refers to aeabi_sdiv.o(.text) for __aeabi_uidivmod
    main.o(i.main) refers to main.o(i.__NVIC_SetPriority) for __NVIC_SetPriority
    main.o(i.main) refers to app_task.o(i.os_task_init) for os_task_init
    main.o(i.main) refers to main.o(.data) for clk_data
    event_groups.o(i.vEventGroupClearBitsCallback) refers to event_groups.o(i.xEventGroupClearBits) for xEventGroupClearBits
    event_groups.o(i.vEventGroupDelete) refers to tasks.o(i.vTaskSuspendAll) for vTaskSuspendAll
    event_groups.o(i.vEventGroupDelete) refers to tasks.o(i.xTaskRemoveFromUnorderedEventList) for xTaskRemoveFromUnorderedEventList
    event_groups.o(i.vEventGroupDelete) refers to heap_4.o(i.vPortFree) for vPortFree
    event_groups.o(i.vEventGroupDelete) refers to tasks.o(i.xTaskResumeAll) for xTaskResumeAll
    event_groups.o(i.vEventGroupSetBitsCallback) refers to event_groups.o(i.xEventGroupSetBits) for xEventGroupSetBits
    event_groups.o(i.xEventGroupClearBits) refers to port.o(i.vPortEnterCritical) for vPortEnterCritical
    event_groups.o(i.xEventGroupClearBits) refers to port.o(i.vPortExitCritical) for vPortExitCritical
    event_groups.o(i.xEventGroupCreate) refers to heap_4.o(i.pvPortMalloc) for pvPortMalloc
    event_groups.o(i.xEventGroupCreate) refers to list.o(i.vListInitialise) for vListInitialise
    event_groups.o(i.xEventGroupGetBitsFromISR) refers to port.o(.emb_text) for ulSetInterruptMaskFromISR
    event_groups.o(i.xEventGroupSetBits) refers to tasks.o(i.vTaskSuspendAll) for vTaskSuspendAll
    event_groups.o(i.xEventGroupSetBits) refers to tasks.o(i.xTaskRemoveFromUnorderedEventList) for xTaskRemoveFromUnorderedEventList
    event_groups.o(i.xEventGroupSetBits) refers to tasks.o(i.xTaskResumeAll) for xTaskResumeAll
    event_groups.o(i.xEventGroupSync) refers to tasks.o(i.xTaskGetSchedulerState) for xTaskGetSchedulerState
    event_groups.o(i.xEventGroupSync) refers to tasks.o(i.vTaskSuspendAll) for vTaskSuspendAll
    event_groups.o(i.xEventGroupSync) refers to event_groups.o(i.xEventGroupSetBits) for xEventGroupSetBits
    event_groups.o(i.xEventGroupSync) refers to tasks.o(i.vTaskPlaceOnUnorderedEventList) for vTaskPlaceOnUnorderedEventList
    event_groups.o(i.xEventGroupSync) refers to tasks.o(i.xTaskResumeAll) for xTaskResumeAll
    event_groups.o(i.xEventGroupSync) refers to port.o(i.vPortYield) for vPortYield
    event_groups.o(i.xEventGroupSync) refers to tasks.o(i.uxTaskResetEventItemValue) for uxTaskResetEventItemValue
    event_groups.o(i.xEventGroupSync) refers to port.o(i.vPortEnterCritical) for vPortEnterCritical
    event_groups.o(i.xEventGroupSync) refers to port.o(i.vPortExitCritical) for vPortExitCritical
    event_groups.o(i.xEventGroupWaitBits) refers to tasks.o(i.xTaskGetSchedulerState) for xTaskGetSchedulerState
    event_groups.o(i.xEventGroupWaitBits) refers to tasks.o(i.vTaskSuspendAll) for vTaskSuspendAll
    event_groups.o(i.xEventGroupWaitBits) refers to event_groups.o(i.prvTestWaitCondition) for prvTestWaitCondition
    event_groups.o(i.xEventGroupWaitBits) refers to tasks.o(i.vTaskPlaceOnUnorderedEventList) for vTaskPlaceOnUnorderedEventList
    event_groups.o(i.xEventGroupWaitBits) refers to tasks.o(i.xTaskResumeAll) for xTaskResumeAll
    event_groups.o(i.xEventGroupWaitBits) refers to port.o(i.vPortYield) for vPortYield
    event_groups.o(i.xEventGroupWaitBits) refers to tasks.o(i.uxTaskResetEventItemValue) for uxTaskResetEventItemValue
[...]
    Removing pca.o(i.Pca_M0Init), (288 bytes).
    Removing pca.o(i.Pca_M1Init), (288 bytes).
    Removing pca.o(i.Pca_M2Init), (288 bytes).
    Removing pca.o(i.Pca_M3Init), (288 bytes).
    Removing pca.o(i.Pca_M4Init), (292 bytes).
    Removing pca.o(i.Pca_Set4Wdte), (20 bytes).
    Removing pca.o(i.Pca_SetCarr), (24 bytes).
    Removing pca.o(i.Pca_SetCcap), (116 bytes).
    Removing pca.o(i.Pca_SetCcapHL), (208 bytes).
    Removing pca.o(i.Pca_SetCidl), (20 bytes).
    Removing pca.o(i.Pca_SetCnt), (68 bytes).
    Removing pca.o(i.Pca_StartPca), (20 bytes).
    Removing pcnt.o(.rev16_text), (4 bytes).
    Removing pcnt.o(.revsh_text), (4 bytes).
    Removing pcnt.o(i.Pcnt_ClrItStatus), (20 bytes).
    Removing pcnt.o(i.Pcnt_Cmd), (28 bytes).
    Removing pcnt.o(i.Pcnt_GetBuf), (12 bytes).
    Removing pcnt.o(i.Pcnt_GetCnt), (12 bytes).
    Removing pcnt.o(i.Pcnt_GetItStatus), (20 bytes).
    Removing pcnt.o(i.Pcnt_GetTop), (12 bytes).
    Removing pcnt.o(i.Pcnt_Init), (280 bytes).
    Removing pcnt.o(i.Pcnt_ItCfg), (44 bytes).
    Removing pcnt.o(i.Pcnt_SetB2C), (68 bytes).
    Removing pcnt.o(i.Pcnt_SetB2T), (68 bytes).
    Removing pcnt.o(i.Pcnt_SetBuf), (24 bytes).
    Removing pcnt.o(i.Pcnt_SetT2C), (64 bytes).
    Removing ram.o(.rev16_text), (4 bytes).
    Removing ram.o(.revsh_text), (4 bytes).
    Removing ram.o(i.Ram_ClearIntFlag), (12 bytes).
    Removing ram.o(i.Ram_DisableIrq), (20 bytes).
    Removing ram.o(i.Ram_EnableIrq), (20 bytes).
    Removing ram.o(i.Ram_ErrAddrGet), (12 bytes).
    Removing ram.o(i.Ram_GetIntFlag), (24 bytes).
    Removing reset.o(.rev16_text), (4 bytes).
    Removing reset.o(.revsh_text), (4 bytes).
    Removing reset.o(i.Reset_ClearFlag), (16 bytes).
    Removing reset.o(i.Reset_ClearFlagAll), (12 bytes).
    Removing reset.o(i.Reset_GetFlag), (24 bytes).
    Removing reset.o(i.Reset_RstPeripheral0), (24 bytes).
    Removing reset.o(i.Reset_RstPeripheral1), (24 bytes).
    Removing reset.o(i.Reset_RstPeripheralAll), (24 bytes).
    Removing rtc.o(.rev16_text), (4 bytes).
    Removing rtc.o(.revsh_text), (4 bytes).
    Removing rtc.o(i.Check_BCD_Format), (34 bytes).
    Removing rtc.o(i.Get_Month2_Day), (26 bytes).
    Removing rtc.o(i.Rtc_AlmEnCmd), (20 bytes).
    Removing rtc.o(i.Rtc_AlmIeCmd), (40 bytes).
    Removing rtc.o(i.Rtc_CheckLeapYear), (60 bytes).
    Removing rtc.o(i.Rtc_ClearAlmfItStatus), (20 bytes).
    Removing rtc.o(i.Rtc_ClearPrdfItStatus), (20 bytes).
    Removing rtc.o(i.Rtc_Cmd), (20 bytes).
    Removing rtc.o(i.Rtc_CompCfg), (60 bytes).
    Removing rtc.o(i.Rtc_GetAlarmTime), (32 bytes).
    Removing rtc.o(i.Rtc_GetAlmfItStatus), (16 bytes).
    Removing rtc.o(i.Rtc_GetPridItStatus), (16 bytes).
    Removing rtc.o(i.Rtc_Hz1Cmd), (32 bytes).
    Removing rtc.o(i.Rtc_Init), (88 bytes).
    Removing rtc.o(i.Rtc_ReadDateTime), (180 bytes).
    Removing rtc.o(i.Rtc_SetAlarmTime), (144 bytes).
    Removing rtc.o(i.Rtc_SetCyc), (108 bytes).
    Removing rtc.o(i.Rtc_SetTime), (148 bytes).
    Removing rtc.o(i.Rtc_StartWait), (60 bytes).
    Removing rtc.o(.constdata), (36 bytes).
    Removing spi.o(.rev16_text), (4 bytes).
    Removing spi.o(.revsh_text), (4 bytes).
    Removing spi.o(i.Spi_ClearStatus), (8 bytes).
    Removing spi.o(i.Spi_FuncDisable), (12 bytes).
    Removing spi.o(i.Spi_FuncEnable), (12 bytes).
    Removing spi.o(i.Spi_GetStatus), (18 bytes).
    Removing spi.o(i.Spi_Init), (36 bytes).
    Removing spi.o(i.Spi_IrqDisable), (14 bytes).
    Removing spi.o(i.Spi_IrqEnable), (14 bytes).
    Removing spi.o(i.Spi_RWByte), (34 bytes).
    Removing spi.o(i.Spi_ReceiveBuf), (64 bytes).
    Removing spi.o(i.Spi_ReceiveData), (8 bytes).
    Removing spi.o(i.Spi_SendBuf), (76 bytes).
    Removing spi.o(i.Spi_SendData), (8 bytes).
    Removing spi.o(i.Spi_SetCS), (4 bytes).
    Removing spi.o(i.Spi_Slave_DummyWriteData), (16 bytes).
    Removing sysctrl.o(.rev16_text), (4 bytes).
    Removing sysctrl.o(.revsh_text), (4 bytes).
    Removing sysctrl.o(i.Sysctrl_ClkDeInit), (72 bytes).
    Removing sysctrl.o(i.Sysctrl_GetPClkFreq), (32 bytes).
    Removing sysctrl.o(i.Sysctrl_GetPeripheralGate), (60 bytes).
    Removing sysctrl.o(i.Sysctrl_SetFunc), (28 bytes).
    Removing sysctrl.o(i.Sysctrl_SetRTCAdjustClkFreq), (40 bytes).
    Removing sysctrl.o(i.Sysctrl_SetXTHFreq), (32 bytes).
    Removing timer3.o(.rev16_text), (4 bytes).
    Removing timer3.o(.revsh_text), (4 bytes).
    Removing timer3.o(i.Tim3_ClearAllIntFlag), (16 bytes).
    Removing timer3.o(i.Tim3_ClearIntFlag), (20 bytes).
    Removing timer3.o(i.Tim3_GetIntFlag), (24 bytes).
    Removing timer3.o(i.Tim3_M0_ARRSet), (28 bytes).
    Removing timer3.o(i.Tim3_M0_Cnt16Get), (16 bytes).
    Removing timer3.o(i.Tim3_M0_Cnt16Set), (28 bytes).
    Removing timer3.o(i.Tim3_M0_Cnt32Get), (12 bytes).
    Removing timer3.o(i.Tim3_M0_Cnt32Set), (20 bytes).
    Removing timer3.o(i.Tim3_M0_EnTOG), (32 bytes).
    Removing timer3.o(i.Tim3_M0_Enable_Output), (36 bytes).
    Removing timer3.o(i.Tim3_M0_Run), (24 bytes).
    Removing timer3.o(i.Tim3_M0_Stop), (20 bytes).
    Removing timer3.o(i.Tim3_M1_Cnt16Get), (16 bytes).
    Removing timer3.o(i.Tim3_M1_Cnt16Set), (28 bytes).
    Removing timer3.o(i.Tim3_M1_Input_Cfg), (172 bytes).
    Removing timer3.o(i.Tim3_M1_PWC_CapValueGet), (16 bytes).
    Removing timer3.o(i.Tim3_M1_PWC_Edge_Sel), (152 bytes).
    Removing timer3.o(i.Tim3_M1_Run), (24 bytes).
    Removing timer3.o(i.Tim3_M1_Stop), (20 bytes).
    Removing timer3.o(i.Tim3_M23_ARRSet), (48 bytes).
    Removing timer3.o(i.Tim3_M23_BrakeInput_Cfg), (280 bytes).
    Removing timer3.o(i.Tim3_M23_CCR_Get), (96 bytes).
    Removing timer3.o(i.Tim3_M23_CCR_Set), (168 bytes).
    Removing timer3.o(i.Tim3_M23_Cnt16Get), (16 bytes).
    Removing timer3.o(i.Tim3_M23_Cnt16Set), (28 bytes).
    Removing timer3.o(i.Tim3_M23_DT_Cfg), (56 bytes).
    Removing timer3.o(i.Tim3_M23_ETRInput_Cfg), (60 bytes).
    Removing timer3.o(i.Tim3_M23_EnDMA), (216 bytes).
    Removing timer3.o(i.Tim3_M23_EnPWM_Output), (56 bytes).
    Removing timer3.o(i.Tim3_M23_EnSwBk), (24 bytes).
    Removing timer3.o(i.Tim3_M23_EnSwTrig), (24 bytes).
    Removing timer3.o(i.Tim3_M23_EnSwTrigCapCmpA), (76 bytes).
    Removing timer3.o(i.Tim3_M23_EnSwTrigCapCmpB), (76 bytes).
    Removing timer3.o(i.Tim3_M23_EnSwUev), (24 bytes).
    Removing timer3.o(i.Tim3_M23_GateFuncSel), (84 bytes).
    Removing timer3.o(i.Tim3_M23_MasterSlave_Set), (104 bytes).
    Removing timer3.o(i.Tim3_M23_OCRefClr), (60 bytes).
    Removing timer3.o(i.Tim3_M23_PortInput_Cfg), (544 bytes).
    Removing timer3.o(i.Tim3_M23_PortOutput_Cfg), (692 bytes).
    Removing timer3.o(i.Tim3_M23_Run), (24 bytes).
    Removing timer3.o(i.Tim3_M23_SetValidPeriod), (28 bytes).
    Removing timer3.o(i.Tim3_M23_Stop), (20 bytes).
    Removing timer3.o(i.Tim3_M23_TrigADC_Cfg), (188 bytes).
    Removing timer3.o(i.Tim3_Mode0_DisableIrq), (24 bytes).
    Removing timer3.o(i.Tim3_Mode0_EnableIrq), (24 bytes).
    Removing timer3.o(i.Tim3_Mode0_Init), (172 bytes).
    Removing timer3.o(i.Tim3_Mode1_DisableIrq), (60 bytes).
    Removing timer3.o(i.Tim3_Mode1_EnableIrq), (64 bytes).
    Removing timer3.o(i.Tim3_Mode1_Init), (104 bytes).
    Removing timer3.o(i.Tim3_Mode23_DisableIrq), (188 bytes).
    Removing timer3.o(i.Tim3_Mode23_EnableIrq), (204 bytes).
    Removing timer3.o(i.Tim3_Mode23_Init), (192 bytes).
    Removing trim.o(.rev16_text), (4 bytes).
    Removing trim.o(.revsh_text), (4 bytes).
    Removing trim.o(i.Trim_CalCntGet), (12 bytes).
    Removing trim.o(i.Trim_ClearIntFlag), (20 bytes).
    Removing trim.o(i.Trim_DisableIrq), (20 bytes).
    Removing trim.o(i.Trim_EnableIrq), (20 bytes).
    Removing trim.o(i.Trim_GetIntFlag), (24 bytes).
    Removing trim.o(i.Trim_Init), (40 bytes).
    Removing trim.o(i.Trim_RefCntGet), (12 bytes).
    Removing trim.o(i.Trim_Run), (20 bytes).
    Removing trim.o(i.Trim_Stop), (20 bytes).
    Removing trng.o(.rev16_text), (4 bytes).
    Removing trng.o(.revsh_text), (4 bytes).
    Removing trng.o(i.Trng_Generate), (168 bytes).
    Removing trng.o(i.Trng_GetData0), (12 bytes).
    Removing trng.o(i.Trng_GetData1), (12 bytes).
    Removing trng.o(i.Trng_Init), (168 bytes).
    Removing uart.o(.rev16_text), (4 bytes).
    Removing uart.o(.revsh_text), (4 bytes).
    Removing uart.o(i.Uart_ClrIsr), (8 bytes).
    Removing uart.o(i.Uart_ClrStatus), (22 bytes).
    Removing uart.o(i.Uart_DisableFunc), (20 bytes).
    Removing uart.o(i.Uart_DisableIrq), (20 bytes).
    Removing uart.o(i.Uart_EnableFunc), (20 bytes).
    Removing uart.o(i.Uart_EnableIrq), (20 bytes).
    Removing uart.o(i.Uart_GetIsr), (8 bytes).
    Removing uart.o(i.Uart_GetRb8), (10 bytes).
    Removing uart.o(i.Uart_GetStatus), (24 bytes).
    Removing uart.o(i.Uart_HdModeDisable), (12 bytes).
    Removing uart.o(i.Uart_HdModeEnable), (14 bytes).
    Removing uart.o(i.Uart_Init), (108 bytes).
    Removing uart.o(i.Uart_ReceiveData), (8 bytes).
    Removing uart.o(i.Uart_SendDataIt), (18 bytes).
    Removing uart.o(i.Uart_SendDataPoll), (58 bytes).
    Removing uart.o(i.Uart_SetMultiMode), (34 bytes).
    Removing uart.o(i.Uart_SetSaddr), (8 bytes).
    Removing uart.o(i.Uart_SetTb8), (20 bytes).
    Removing uart.o(.constdata), (8 bytes).
    Removing vc.o(.rev16_text), (4 bytes).
    Removing vc.o(.revsh_text), (4 bytes).
    Removing vc.o(i.Vc_CfgItType), (140 bytes).
    Removing vc.o(i.Vc_ClearItStatus), (20 bytes).
    Removing vc.o(i.Vc_Cmd), (72 bytes).
    Removing vc.o(i.Vc_DacInit), (96 bytes).
    Removing vc.o(i.Vc_GetItStatus), (24 bytes).
    Removing vc.o(i.Vc_Init), (484 bytes).
    Removing vc.o(i.Vc_ItCfg), (72 bytes).
    Removing wdt.o(.rev16_text), (4 bytes).
    Removing wdt.o(.revsh_text), (4 bytes).
    Removing wdt.o(i.Wdt_Feed), (16 bytes).
    Removing wdt.o(i.Wdt_GetIrqStatus), (24 bytes).
    Removing wdt.o(i.Wdt_Init), (44 bytes).
    Removing wdt.o(i.Wdt_IrqClr), (16 bytes).
    Removing wdt.o(i.Wdt_ReadWdtValue), (16 bytes).
    Removing wdt.o(i.Wdt_ReadwdtStatus), (24 bytes).
    Removing wdt.o(i.Wdt_Start), (16 bytes).
    Removing wdt.o(i.Wdt_WriteWdtLoad), (24 bytes).
    Removing interrupts_hc32l19x.o(.rev16_text), (4 bytes).
    Removing interrupts_hc32l19x.o(.revsh_text), (4 bytes).
    Removing interrupts_hc32l19x.o(i.EnableNvic), (136 bytes).
    Removing interrupts_hc32l19x.o(i.__NVIC_SetPriority), (120 bytes).
    Removing system_hc32l19x.o(.rev16_text), (4 bytes).
    Removing system_hc32l19x.o(.revsh_text), (4 bytes).

687 unused section(s) (total 36710 bytes) removed from the image.

==============================================================================

Image Symbol Table

    Local Symbols

    Symbol Name                              Value     Ov Type        Size  Object(Section)

    RESET                                    0x00000000   Section      192  startup_hc32l19x.o(RESET)
    ../clib/angel/boardlib.s                 0x00000000   Number         0  boardinit3.o ABSOLUTE
    ../clib/angel/boardlib.s                 0x00000000   Number         0  boardshut.o ABSOLUTE
    ../clib/angel/boardlib.s                 0x00000000   Number         0  boardinit2.o ABSOLUTE
    ../clib/angel/boardlib.s                 0x00000000   Number         0  boardinit1.o ABSOLUTE
    ../clib/angel/handlers.s                 0x00000000   Number         0  __scatter_copy.o ABSOLUTE
    ../clib/angel/handlers.s                 0x00000000   Number         0  __scatter_zi.o ABSOLUTE
    ../clib/angel/kernel.s                   0x00000000   Number         0  __rtentry.o ABSOLUTE
    ../clib/angel/kernel.s                   0x00000000   Number         0  __rtentry2.o ABSOLUTE
    ../clib/angel/kernel.s                   0x00000000   Number         0  rtexit.o ABSOLUTE
    ../clib/angel/kernel.s                   0x00000000   Number         0  __rtentry4.o ABSOLUTE
    ../clib/angel/kernel.s                   0x00000000   Number         0  rtexit2.o ABSOLUTE
    ../clib/angel/rt.s                       0x00000000   Number         0  aeabi_idiv0.o ABSOLUTE
    ../clib/angel/rt.s                       0x00000000   Number         0  aeabi_idiv0_sigfpe.o ABSOLUTE
    ../clib/angel/rt.s                       0x00000000   Number         0  rt_div0.o ABSOLUTE
    ../clib/angel/rt.s                       0x00000000   Number         0  rt_raise.o ABSOLUTE
    ../clib/angel/scatterp.s                 0x00000000   Number         0  __scatter.o ABSOLUTE
    ../clib/angel/startup.s                  0x00000000   Number         0  __main.o ABSOLUTE
    ../clib/angel/sys.s                      0x00000000   Number         0  indicate_semi.o ABSOLUTE
    ../clib/angel/sys.s                      0x00000000   Number         0  use_no_semi.o ABSOLUTE
    ../clib/angel/sys.s                      0x00000000   Number         0  tempstk.o ABSOLUTE
    ../clib/angel/sys.s                      0x00000000   Number         0  sys_stackheap_outer.o ABSOLUTE
    ../clib/angel/sys.s                      0x00000000   Number         0  libspace.o ABSOLUTE
    ../clib/angel/sysapp.c                   0x00000000   Number         0  sys_wrch.o ABSOLUTE
    ../clib/angel/sysapp.c                   0x00000000   Number         0  sys_command.o ABSOLUTE
    ../clib/angel/sysapp.c                   0x00000000   Number         0  sys_exit.o ABSOLUTE
    ../clib/armsys.c                         0x00000000   Number         0  argv_veneer.o ABSOLUTE
    ../clib/armsys.c                         0x00000000   Number         0  _get_argv_nomalloc.o ABSOLUTE
    ../clib/armsys.c                         0x00000000   Number         0  no_argv.o ABSOLUTE
    ../clib/division.s                       0x00000000   Number         0  aeabi_sdiv.o ABSOLUTE
    ../clib/division.s                       0x00000000   Number         0  aeabi_sdiv_div0.o ABSOLUTE
    ../clib/heapalloc.c                      0x00000000   Number         0  hrguard.o ABSOLUTE
    ../clib/heapaux.c                        0x00000000   Number         0  heapauxi.o ABSOLUTE
    ../clib/libinit.s                        0x00000000   Number         0  libinit.o ABSOLUTE
    ../clib/libinit.s                        0x00000000   Number         0  libshutdown.o ABSOLUTE
    ../clib/libinit.s                        0x00000000   Number         0  libinit2.o ABSOLUTE
    ../clib/libinit.s                        0x00000000   Number         0  libshutdown2.o ABSOLUTE
    ../clib/memcpset.c                       0x00000000   Number         0  rt_memcpy.o ABSOLUTE
    ../clib/memcpset.c                       0x00000000   Number         0  rt_memclr.o ABSOLUTE
    ../clib/memcpset.c                       0x00000000   Number         0  rt_memcpy.o ABSOLUTE
    ../clib/signal.c                         0x00000000   Number         0  defsig_exit.o ABSOLUTE
    ../clib/signal.c                         0x00000000   Number         0  __raise.o ABSOLUTE
    ../clib/signal.c                         0x00000000   Number         0  defsig_rtmem_inner.o ABSOLUTE
    ../clib/signal.c                         0x00000000   Number         0  defsig_rtred_inner.o ABSOLUTE
    ../clib/signal.c                         0x00000000   Number         0  defsig_fpe_inner.o ABSOLUTE
    ../clib/signal.c                         0x00000000   Number         0  defsig_general.o ABSOLUTE
    ../clib/signal.c                         0x00000000   Number         0  defsig_fpe_formal.o ABSOLUTE
    ../clib/signal.c                         0x00000000   Number         0  defsig_rtmem_formal.o ABSOLUTE
    ../clib/signal.c                         0x00000000   Number         0  defsig_stak_inner.o ABSOLUTE
    ../clib/signal.c                         0x00000000   Number         0  defsig_pvfn_inner.o ABSOLUTE
    ../clib/signal.c                         0x00000000   Number         0  defsig_cppl_inner.o ABSOLUTE
    ../clib/signal.c                         0x00000000   Number         0  defsig_segv_inner.o ABSOLUTE
    ../clib/signal.c                         0x00000000   Number         0  defsig_other.o ABSOLUTE
    ../clib/signal.c                         0x00000000   Number         0  defsig_fpe_outer.o ABSOLUTE
    ../clib/signal.c                         0x00000000   Number         0  defsig_abrt_inner.o ABSOLUTE
    ../clib/signal.c                         0x00000000   Number         0  defsig_rtmem_outer.o ABSOLUTE
    ../clib/signal.s                         0x00000000   Number         0  defsig.o ABSOLUTE
    ../clib/stdlib.c                         0x00000000   Number         0  exit.o ABSOLUTE
    ../fplib/cfplib/fpinit.c                 0x00000000   Number         0  fpinit.o ABSOLUTE
    App\\main.c                              0x00000000   Number         0  main.o ABSOLUTE
    App\app_task.c                           0x00000000   Number         0  app_task.o ABSOLUTE
    App\main.c                               0x00000000   Number         0  main.o ABSOLUTE
    dc.s                                     0x00000000   Number         0  dc.o ABSOLUTE
    driver\\src\\adc.c                       0x00000000   Number         0  adc.o ABSOLUTE
    driver\\src\\adt.c                       0x00000000   Number         0  adt.o ABSOLUTE
    driver\\src\\aes.c                       0x00000000   Number         0  aes.o ABSOLUTE
    driver\\src\\bgr.c                       0x00000000   Number         0  bgr.o ABSOLUTE
    driver\\src\\bt.c                        0x00000000   Number         0  bt.o ABSOLUTE
    driver\\src\\crc.c                       0x00000000   Number         0  crc.o ABSOLUTE
    driver\\src\\dac.c                       0x00000000   Number         0  dac.o ABSOLUTE
    driver\\src\\ddl.c                       0x00000000   Number         0  ddl.o ABSOLUTE
    driver\\src\\debug.c                     0x00000000   Number         0  debug.o ABSOLUTE
    driver\\src\\dmac.c                      0x00000000   Number         0  dmac.o ABSOLUTE
    driver\\src\\flash.c                     0x00000000   Number         0  flash.o ABSOLUTE
    driver\\src\\gpio.c                      0x00000000   Number         0  gpio.o ABSOLUTE
    driver\\src\\i2c.c                       0x00000000   Number         0  i2c.o ABSOLUTE
    driver\\src\\lcd.c                       0x00000000   Number         0  lcd.o ABSOLUTE
    driver\\src\\lpm.c                       0x00000000   Number         0  lpm.o ABSOLUTE
    driver\\src\\lptim.c                     0x00000000   Number         0  lptim.o ABSOLUTE
    driver\\src\\lpuart.c                    0x00000000   Number         0  lpuart.o ABSOLUTE
    driver\\src\\lvd.c                       0x00000000   Number         0  lvd.o ABSOLUTE
    driver\\src\\opa.c                       0x00000000   Number         0  opa.o ABSOLUTE
    driver\\src\\pca.c                       0x00000000   Number         0  pca.o ABSOLUTE
    driver\\src\\pcnt.c                      0x00000000   Number         0  pcnt.o ABSOLUTE
    driver\\src\\ram.c                       0x00000000   Number         0  ram.o ABSOLUTE
    driver\\src\\reset.c                     0x00000000   Number         0  reset.o ABSOLUTE
    driver\\src\\rtc.c                       0x00000000   Number         0  rtc.o ABSOLUTE
    driver\\src\\spi.c                       0x00000000   Number         0  spi.o ABSOLUTE
    driver\\src\\sysctrl.c                   0x00000000   Number         0  sysctrl.o ABSOLUTE
    driver\\src\\timer3.c                    0x00000000   Number         0  timer3.o ABSOLUTE
    driver\\src\\trim.c                      0x00000000   Number         0  trim.o ABSOLUTE
    driver\\src\\trng.c                      0x00000000   Number         0  trng.o ABSOLUTE
    driver\\src\\uart.c                      0x00000000   Number         0  uart.o ABSOLUTE
    driver\\src\\vc.c                        0x00000000   Number         0  vc.o ABSOLUTE
    driver\\src\\wdt.c                       0x00000000   Number         0  wdt.o ABSOLUTE
    driver\src\adc.c                         0x00000000   Number         0  adc.o ABSOLUTE
    driver\src\adt.c                         0x00000000   Number         0  adt.o ABSOLUTE
    driver\src\aes.c                         0x00000000   Number         0  aes.o ABSOLUTE
    driver\src\bgr.c                         0x00000000   Number         0  bgr.o ABSOLUTE
    driver\src\bt.c                          0x00000000   Number         0  bt.o ABSOLUTE
    driver\src\crc.c                         0x00000000   Number         0  crc.o ABSOLUTE
    driver\src\dac.c                         0x00000000   Number         0  dac.o ABSOLUTE
    driver\src\ddl.c                         0x00000000   Number         0  ddl.o ABSOLUTE
    driver\src\debug.c                       0x00000000   Number         0  debug.o ABSOLUTE
    driver\src\dmac.c                        0x00000000   Number         0  dmac.o ABSOLUTE
    driver\src\flash.c                       0x00000000   Number         0  flash.o ABSOLUTE
    driver\src\gpio.c                        0x00000000   Number         0  gpio.o ABSOLUTE
    driver\src\i2c.c                         0x00000000   Number         0  i2c.o ABSOLUTE
    driver\src\lcd.c                         0x00000000   Number         0  lcd.o ABSOLUTE
    driver\src\lpm.c                         0x00000000   Number         0  lpm.o ABSOLUTE
    driver\src\lptim.c                       0x00000000   Number         0  lptim.o ABSOLUTE
    driver\src\lpuart.c                      0x00000000   Number         0  lpuart.o ABSOLUTE
    driver\src\lvd.c                         0x00000000   Number         0  lvd.o ABSOLUTE
    driver\src\opa.c                         0x00000000   Number         0  opa.o ABSOLUTE
    driver\src\pca.c                         0x00000000   Number         0  pca.o ABSOLUTE
    driver\src\pcnt.c                        0x00000000   Number         0  pcnt.o ABSOLUTE
    driver\src\ram.c                         0x00000000   Number         0  ram.o ABSOLUTE
    driver\src\reset.c                       0x00000000   Number         0  reset.o ABSOLUTE
    driver\src\rtc.c                         0x00000000   Number         0  rtc.o ABSOLUTE
    driver\src\spi.c                         0x00000000   Number         0  spi.o ABSOLUTE
    driver\src\sysctrl.c                     0x00000000   Number         0  sysctrl.o ABSOLUTE
    driver\src\timer3.c                      0x00000000   Number         0  timer3.o ABSOLUTE
    driver\src\trim.c                        0x00000000   Number         0  trim.o ABSOLUTE
    driver\src\trng.c                        0x00000000   Number         0  trng.o ABSOLUTE
    driver\src\uart.c                        0x00000000   Number         0  uart.o ABSOLUTE
    driver\src\vc.c                          0x00000000   Number         0  vc.o ABSOLUTE
    driver\src\wdt.c                         0x00000000   Number         0  wdt.o ABSOLUTE
    freertos-7.4.2\Source\CMSIS_RTOS\cmsis_os.c 0x00000000   Number         0  cmsis_os.o ABSOLUTE
    freertos-7.4.2\Source\croutine.c         0x00000000   Number         0  croutine.o ABSOLUTE
    freertos-7.4.2\Source\event_groups.c     0x00000000   Number         0  event_groups.o ABSOLUTE
    freertos-7.4.2\Source\list.c             0x00000000   Number         0  list.o ABSOLUTE
    freertos-7.4.2\Source\portable\MemMang\heap_4.c 0x00000000   Number         0  heap_4.o ABSOLUTE
    freertos-7.4.2\Source\portable\RVDS\ARM_CM0\MDK\port.c 0x00000000   Number         0  port.o ABSOLUTE
    freertos-7.4.2\Source\queue.c            0x00000000   Number         0  queue.o ABSOLUTE
    freertos-7.4.2\Source\tasks.c            0x00000000   Number         0  tasks.o ABSOLUTE
    freertos-7.4.2\Source\timers.c           0x00000000   Number         0  timers.o ABSOLUTE
    freertos-7.4.2\\Source\\CMSIS_RTOS\\cmsis_os.c 0x00000000   Number         0  cmsis_os.o ABSOLUTE
    freertos-7.4.2\\Source\\portable\\RVDS\\ARM_CM0\\MDK\\port.c 0x00000000   Number         0  port.o ABSOLUTE
    mcu\MDK\startup_hc32l19x.s               0x00000000   Number         0  startup_hc32l19x.o ABSOLUTE
    mcu\\common\\interrupts_hc32l19x.c       0x00000000   Number         0  interrupts_hc32l19x.o ABSOLUTE
    mcu\\common\\system_hc32l19x.c           0x00000000   Number         0  system_hc32l19x.o ABSOLUTE
    mcu\common\interrupts_hc32l19x.c         0x00000000   Number         0  interrupts_hc32l19x.o ABSOLUTE
    mcu\common\system_hc32l19x.c             0x00000000   Number         0  system_hc32l19x.o ABSOLUTE
    !!!main                                  0x000000c0   Section        8  __main.o(!!!main)
    !!!scatter                               0x000000c8   Section       60  __scatter.o(!!!scatter)
    !!handler_copy                           0x00000104   Section       26  __scatter_copy.o(!!handler_copy)
    !!handler_zi                             0x00000120   Section       28  __scatter_zi.o(!!handler_zi)
    .ARM.Collect$$libinit$$00000000          0x0000013c   Section        2  libinit.o(.ARM.Collect$$libinit$$00000000)
    .ARM.Collect$$libinit$$00000002          0x0000013e   Section        0  libinit2.o(.ARM.Collect$$libinit$$00000002)
    .ARM.Collect$$libinit$$00000004          0x0000013e   Section        0  libinit2.o(.ARM.Collect$$libinit$$00000004)
    .ARM.Collect$$libinit$$0000000A          0x0000013e   Section        0  libinit2.o(.ARM.Collect$$libinit$$0000000A)
    .ARM.Collect$$libinit$$0000000C          0x0000013e   Section        0  libinit2.o(.ARM.Collect$$libinit$$0000000C)
    .ARM.Collect$$libinit$$0000000E          0x0000013e   Section        0  libinit2.o(.ARM.Collect$$libinit$$0000000E)
    .ARM.Collect$$libinit$$00000011          0x0000013e   Section        0  libinit2.o(.ARM.Collect$$libinit$$00000011)
    .ARM.Collect$$libinit$$00000013          0x0000013e   Section        0  libinit2.o(.ARM.Collect$$libinit$$00000013)
    .ARM.Collect$$libinit$$00000015          0x0000013e   Section        0  libinit2.o(.ARM.Collect$$libinit$$00000015)
    .ARM.Collect$$libinit$$00000017          0x0000013e   Section        0  libinit2.o(.ARM.Collect$$libinit$$00000017)
    .ARM.Collect$$libinit$$00000019          0x0000013e   Section        0  libinit2.o(.ARM.Collect$$libinit$$00000019)
    .ARM.Collect$$libinit$$0000001B          0x0000013e   Section        0  libinit2.o(.ARM.Collect$$libinit$$0000001B)
    .ARM.Collect$$libinit$$0000001D          0x0000013e   Section        0  libinit2.o(.ARM.Collect$$libinit$$0000001D)
    .ARM.Collect$$libinit$$0000001F          0x0000013e   Section        0  libinit2.o(.ARM.Collect$$libinit$$0000001F)
    .ARM.Collect$$libinit$$00000021          0x0000013e   Section        0  libinit2.o(.ARM.Collect$$libinit$$00000021)
    .ARM.Collect$$libinit$$00000023          0x0000013e   Section        0  libinit2.o(.ARM.Collect$$libinit$$00000023)
    .ARM.Collect$$libinit$$00000025          0x0000013e   Section        0  libinit2.o(.ARM.Collect$$libinit$$00000025)
    .ARM.Collect$$libinit$$0000002C          0x0000013e   Section        0  libinit2.o(.ARM.Collect$$libinit$$0000002C)
    .ARM.Collect$$libinit$$0000002E          0x0000013e   Section        0  libinit2.o(.ARM.Collect$$libinit$$0000002E)
    .ARM.Collect$$libinit$$00000030          0x0000013e   Section        0  libinit2.o(.ARM.Collect$$libinit$$00000030)
    .ARM.Collect$$libinit$$00000032          0x0000013e   Section        0  libinit2.o(.ARM.Collect$$libinit$$00000032)
    .ARM.Collect$$libinit$$00000033          0x0000013e   Section        2  libinit2.o(.ARM.Collect$$libinit$$00000033)
    .ARM.Collect$$libshutdown$$00000000      0x00000140   Section        2  libshutdown.o(.ARM.Collect$$libshutdown$$00000000)
    .ARM.Collect$$libshutdown$$00000002      0x00000142   Section        0  libshutdown2.o(.ARM.Collect$$libshutdown$$00000002)
    .ARM.Collect$$libshutdown$$00000004      0x00000142   Section        0  libshutdown2.o(.ARM.Collect$$libshutdown$$00000004)
    .ARM.Collect$$libshutdown$$00000007      0x00000142   Section        0  libshutdown2.o(.ARM.Collect$$libshutdown$$00000007)
    .ARM.Collect$$libshutdown$$0000000A      0x00000142   Section        0  libshutdown2.o(.ARM.Collect$$libshutdown$$0000000A)
    .ARM.Collect$$libshutdown$$0000000C      0x00000142   Section        0  libshutdown2.o(.ARM.Collect$$libshutdown$$0000000C)
    .ARM.Collect$$libshutdown$$0000000F      0x00000142   Section        0  libshutdown2.o(.ARM.Collect$$libshutdown$$0000000F)
    .ARM.Collect$$libshutdown$$00000010      0x00000142   Section        2  libshutdown2.o(.ARM.Collect$$libshutdown$$00000010)
    .ARM.Collect$$rtentry$$00000000          0x00000144   Section        0  __rtentry.o(.ARM.Collect$$rtentry$$00000000)
    .ARM.Collect$$rtentry$$00000002          0x00000144   Section        0  __rtentry2.o(.ARM.Collect$$rtentry$$00000002)
    .ARM.Collect$$rtentry$$00000004          0x00000144   Section        6  __rtentry4.o(.ARM.Collect$$rtentry$$00000004)
    .ARM.Collect$$rtentry$$00000009          0x0000014a   Section        0  __rtentry2.o(.ARM.Collect$$rtentry$$00000009)
    .ARM.Collect$$rtentry$$0000000A          0x0000014a   Section        4  __rtentry2.o(.ARM.Collect$$rtentry$$0000000A)
    .ARM.Collect$$rtentry$$0000000C          0x0000014e   Section        0  __rtentry2.o(.ARM.Collect$$rtentry$$0000000C)
    .ARM.Collect$$rtentry$$0000000D          0x0000014e   Section        8  __rtentry2.o(.ARM.Collect$$rtentry$$0000000D)
    .ARM.Collect$$rtexit$$00000000           0x00000156   Section        2  rtexit.o(.ARM.Collect$$rtexit$$00000000)
    .ARM.Collect$$rtexit$$00000002           0x00000158   Section        0  rtexit2.o(.ARM.Collect$$rtexit$$00000002)
    .ARM.Collect$$rtexit$$00000003           0x00000158   Section        4  rtexit2.o(.ARM.Collect$$rtexit$$00000003)
    .ARM.Collect$$rtexit$$00000004           0x0000015c   Section        6  rtexit2.o(.ARM.Collect$$rtexit$$00000004)
    .emb_text                                0x00000164   Section      120  port.o(.emb_text)
    .emb_text                                0x000001dc   Section       56  rt_memcpy.o(.emb_text)
    .text                                    0x00000214   Section       88  startup_hc32l19x.o(.text)
    .text                                    0x0000026c   Section      346  aeabi_sdiv.o(.text)
    .text                                    0x000003c6   Section        0  heapauxi.o(.text)
    .text                                    0x000003cc   Section       62  sys_stackheap_outer.o(.text)
    .text                                    0x0000040a   Section        0  exit.o(.text)
    .text                                    0x0000041c   Section        8  libspace.o(.text)
    .text                                    0x00000424   Section        0  sys_exit.o(.text)
    .text                                    0x00000430   Section        2  use_no_semi.o(.text)
    .text                                    0x00000432   Section        0  indicate_semi.o(.text)
    i.$Sub$$main                             0x00000432   Section        0  system_hc32l19x.o(i.$Sub$$main)
    i.ADC_DAC_IRQHandler                     0x00000440   Section        0  interrupts_hc32l19x.o(i.ADC_DAC_IRQHandler)
    i.CLKTRIM_IRQHandler                     0x0000044c   Section        0  interrupts_hc32l19x.o(i.CLKTRIM_IRQHandler)
    i.DMAC_IRQHandler                        0x00000454   Section        0  interrupts_hc32l19x.o(i.DMAC_IRQHandler)
    i.FLASH_RAM_IRQHandler                   0x0000045c   Section        0  interrupts_hc32l19x.o(i.FLASH_RAM_IRQHandler)
    i.Flash_WaitCycle                        0x00000468   Section        0  flash.o(i.Flash_WaitCycle)
    i.HardFault_Handler                      0x0000049c   Section        0  interrupts_hc32l19x.o(i.HardFault_Handler)
    i.I2C0_IRQHandler                        0x000004ac   Section        0  interrupts_hc32l19x.o(i.I2C0_IRQHandler)
    i.I2C1_IRQHandler                        0x000004b4   Section        0  interrupts_hc32l19x.o(i.I2C1_IRQHandler)
    i.LCD_IRQHandler                         0x000004bc   Section        0  interrupts_hc32l19x.o(i.LCD_IRQHandler)
    i.LPTIM0_1_IRQHandler                    0x000004c4   Section        0  interrupts_hc32l19x.o(i.LPTIM0_1_IRQHandler)
    i.LPUART0_IRQHandler                     0x000004d0   Section        0  interrupts_hc32l19x.o(i.LPUART0_IRQHandler)
    i.LPUART1_IRQHandler                     0x000004d8   Section        0  interrupts_hc32l19x.o(i.LPUART1_IRQHandler)
    i.LVD_IRQHandler                         0x000004e0   Section        0  interrupts_hc32l19x.o(i.LVD_IRQHandler)
    i.PCA_IRQHandler                         0x000004e8   Section        0  interrupts_hc32l19x.o(i.PCA_IRQHandler)
    i.PCNT_IRQHandler                        0x000004f0   Section        0  interrupts_hc32l19x.o(i.PCNT_IRQHandler)
    i.PORTA_IRQHandler                       0x000004f8   Section        0  interrupts_hc32l19x.o(i.PORTA_IRQHandler)
    i.PORTB_IRQHandler                       0x00000500   Section        0  interrupts_hc32l19x.o(i.PORTB_IRQHandler)
    i.PORTC_E_IRQHandler                     0x00000508   Section        0  interrupts_hc32l19x.o(i.PORTC_E_IRQHandler)
    i.PORTD_F_IRQHandler                     0x00000514   Section        0  interrupts_hc32l19x.o(i.PORTD_F_IRQHandler)
    i.RTC_IRQHandler                         0x00000520   Section        0  interrupts_hc32l19x.o(i.RTC_IRQHandler)
    i.SPI0_IRQHandler                        0x00000528   Section        0  interrupts_hc32l19x.o(i.SPI0_IRQHandler)
    i.SPI1_IRQHandler                        0x00000530   Section        0  interrupts_hc32l19x.o(i.SPI1_IRQHandler)
    i.SVC_Handler                            0x00000538   Section        0  port.o(i.SVC_Handler)
    i.SetBit                                 0x0000053a   Section        0  ddl.o(i.SetBit)
    i.SysTick_Handler                        0x00000558   Section        0  port.o(i.SysTick_Handler)
    i.Sysctrl_ClkInit                        0x0000057c   Section        0  sysctrl.o(i.Sysctrl_ClkInit)
    i.Sysctrl_ClkSourceEnable                0x000005e8   Section        0  sysctrl.o(i.Sysctrl_ClkSourceEnable)
    i.Sysctrl_GetHClkFreq                    0x00000704   Section        0  sysctrl.o(i.Sysctrl_GetHClkFreq)
    i.Sysctrl_SetHCLKDiv                     0x00000878   Section        0  sysctrl.o(i.Sysctrl_SetHCLKDiv)
    i.Sysctrl_SetPCLKDiv                     0x000008a0   Section        0  sysctrl.o(i.Sysctrl_SetPCLKDiv)
    i.Sysctrl_SetPLLFreq                     0x000008c8   Section        0  sysctrl.o(i.Sysctrl_SetPLLFreq)
    i.Sysctrl_SetPLLStableTime               0x000009dc   Section        0  sysctrl.o(i.Sysctrl_SetPLLStableTime)
    i.Sysctrl_SetPeripheralGate              0x00000a00   Section        0  sysctrl.o(i.Sysctrl_SetPeripheralGate)
    i.Sysctrl_SetRCHTrim                     0x00000a50   Section        0  sysctrl.o(i.Sysctrl_SetRCHTrim)
    i.Sysctrl_SetRCLStableTime               0x00000a78   Section        0  sysctrl.o(i.Sysctrl_SetRCLStableTime)
    i.Sysctrl_SetRCLTrim                     0x00000a9c   Section        0  sysctrl.o(i.Sysctrl_SetRCLTrim)
    i.Sysctrl_SetXTHStableTime               0x00000ac4   Section        0  sysctrl.o(i.Sysctrl_SetXTHStableTime)
    i.Sysctrl_SetXTLStableTime               0x00000ae4   Section        0  sysctrl.o(i.Sysctrl_SetXTLStableTime)
    i.Sysctrl_SysClkSwitch                   0x00000b04   Section        0  sysctrl.o(i.Sysctrl_SysClkSwitch)
    i.Sysctrl_XTHDriverCfg                   0x00000b30   Section        0  sysctrl.o(i.Sysctrl_XTHDriverCfg)
    i.Sysctrl_XTLDriverCfg                   0x00000b4c   Section        0  sysctrl.o(i.Sysctrl_XTLDriverCfg)
    i.SystemCoreClockUpdate                  0x00000b80   Section        0  system_hc32l19x.o(i.SystemCoreClockUpdate)
    i.SystemInit                             0x00000b90   Section        0  system_hc32l19x.o(i.SystemInit)
    i.TIM0_IRQHandler                        0x00000bcc   Section        0  interrupts_hc32l19x.o(i.TIM0_IRQHandler)
    i.TIM1_IRQHandler                        0x00000bd4   Section        0  interrupts_hc32l19x.o(i.TIM1_IRQHandler)
    i.TIM2_IRQHandler                        0x00000bdc   Section        0  interrupts_hc32l19x.o(i.TIM2_IRQHandler)
    i.TIM3_IRQHandler                        0x00000be4   Section        0  interrupts_hc32l19x.o(i.TIM3_IRQHandler)
    i.TIM4_IRQHandler                        0x00000bec   Section        0  interrupts_hc32l19x.o(i.TIM4_IRQHandler)
    i.TIM5_IRQHandler                        0x00000bf4   Section        0  interrupts_hc32l19x.o(i.TIM5_IRQHandler)
    i.TIM6_IRQHandler                        0x00000bfc   Section        0  interrupts_hc32l19x.o(i.TIM6_IRQHandler)
    i.Task_Test                              0x00000c04   Section        0  app_task.o(i.Task_Test)
    i.UART0_2_IRQHandler                     0x00000c18   Section        0  interrupts_hc32l19x.o(i.UART0_2_IRQHandler)
    i.UART1_3_IRQHandler                     0x00000c24   Section        0  interrupts_hc32l19x.o(i.UART1_3_IRQHandler)
    i.VC0_IRQHandler                         0x00000c30   Section        0  interrupts_hc32l19x.o(i.VC0_IRQHandler)
    i.VC1_2_IRQHandler                       0x00000c38   Section        0  interrupts_hc32l19x.o(i.VC1_2_IRQHandler)
    i.WDT_IRQHandler                         0x00000c44   Section        0  interrupts_hc32l19x.o(i.WDT_IRQHandler)
    i._SysctrlUnlock                         0x00000c4c   Section        0  sysctrl.o(i._SysctrlUnlock)
    _SysctrlUnlock                           0x00000c4d   Thumb Code    12  sysctrl.o(i._SysctrlUnlock)
    i.__ARM_common_switch8                   0x00000c64   Section        0  tasks.o(i.__ARM_common_switch8)
    i.__NVIC_SetPriority                     0x00000c80   Section        0  main.o(i.__NVIC_SetPriority)
    __NVIC_SetPriority                       0x00000c81   Thumb Code   110  main.o(i.__NVIC_SetPriority)
    i.main                                   0x00000cf8   Section        0  main.o(i.main)
    i.osSystickHandler                       0x00000dc0   Section        0  cmsis_os.o(i.osSystickHandler)
    i.os_task_init                           0x00000dd0   Section        0  app_task.o(i.os_task_init)
    i.prvAddCurrentTaskToDelayedList         0x00000e00   Section        0  tasks.o(i.prvAddCurrentTaskToDelayedList)
    prvAddCurrentTaskToDelayedList           0x00000e01   Thumb Code   100  tasks.o(i.prvAddCurrentTaskToDelayedList)
    i.prvAddNewTaskToReadyList               0x00000e7c   Section        0  tasks.o(i.prvAddNewTaskToReadyList)
    prvAddNewTaskToReadyList                 0x00000e7d   Thumb Code   140  tasks.o(i.prvAddNewTaskToReadyList)
    i.prvCheckTasksWaitingTermination        0x00000f20   Section        0  tasks.o(i.prvCheckTasksWaitingTermination)
    prvCheckTasksWaitingTermination          0x00000f21   Thumb Code    90  tasks.o(i.prvCheckTasksWaitingTermination)
    i.prvDeleteTCB                           0x00000f88   Section        0  tasks.o(i.prvDeleteTCB)
    prvDeleteTCB                             0x00000f89   Thumb Code    18  tasks.o(i.prvDeleteTCB)
    i.prvHeapInit                            0x00000f9c   Section        0  heap_4.o(i.prvHeapInit)
    prvHeapInit                              0x00000f9d   Thumb Code   100  heap_4.o(i.prvHeapInit)
    i.prvIdleTask                            0x00001018   Section        0  tasks.o(i.prvIdleTask)
    prvIdleTask                              0x00001019   Thumb Code    20  tasks.o(i.prvIdleTask)
    i.prvInitialiseNewTask                   0x00001030   Section        0  tasks.o(i.prvInitialiseNewTask)
    prvInitialiseNewTask                     0x00001031   Thumb Code   164  tasks.o(i.prvInitialiseNewTask)
    i.prvInitialiseTaskLists                 0x000010d4   Section        0  tasks.o(i.prvInitialiseTaskLists)
    prvInitialiseTaskLists                   0x000010d5   Thumb Code    68  tasks.o(i.prvInitialiseTaskLists)
    i.prvInsertBlockIntoFreeList             0x00001138   Section        0  heap_4.o(i.prvInsertBlockIntoFreeList)
    prvInsertBlockIntoFreeList               0x00001139   Thumb Code    96  heap_4.o(i.prvInsertBlockIntoFreeList)
    i.prvResetNextTaskUnblockTime            0x000011a0   Section        0  tasks.o(i.prvResetNextTaskUnblockTime)
    prvResetNextTaskUnblockTime              0x000011a1   Thumb Code    46  tasks.o(i.prvResetNextTaskUnblockTime)
    i.prvTaskExitError                       0x000011d8   Section        0  port.o(i.prvTaskExitError)
    prvTaskExitError                         0x000011d9   Thumb Code    32  port.o(i.prvTaskExitError)
    i.pvPortMalloc                           0x000011fc   Section        0  heap_4.o(i.pvPortMalloc)
    i.pxPortInitialiseStack                  0x00001318   Section        0  port.o(i.pxPortInitialiseStack)
    i.uxListRemove                           0x00001338   Section        0  list.o(i.uxListRemove)
    i.vListInitialise                        0x00001360   Section        0  list.o(i.vListInitialise)
    i.vListInitialiseItem                    0x0000137a   Section        0  list.o(i.vListInitialiseItem)
    i.vListInsert                            0x00001380   Section        0  list.o(i.vListInsert)
    i.vListInsertEnd                         0x000013b6   Section        0  list.o(i.vListInsertEnd)
    i.vPortEnterCritical                     0x000013d0   Section        0  port.o(i.vPortEnterCritical)
    i.vPortExitCritical                      0x000013ec   Section        0  port.o(i.vPortExitCritical)
    i.vPortFree                              0x00001414   Section        0  heap_4.o(i.vPortFree)
    i.vPortSetupTimerInterrupt               0x00001494   Section        0  port.o(i.vPortSetupTimerInterrupt)
    i.vPortYield                             0x000014b8   Section        0  port.o(i.vPortYield)
    i.vTaskDelay                             0x000014d0   Section        0  tasks.o(i.vTaskDelay)
    i.vTaskStartScheduler                    0x00001514   Section        0  tasks.o(i.vTaskStartScheduler)
    i.vTaskSuspendAll                        0x00001580   Section        0  tasks.o(i.vTaskSuspendAll)
    i.vTaskSwitchContext                     0x00001590   Section        0  tasks.o(i.vTaskSwitchContext)
    i.xPortStartScheduler                    0x00001610   Section        0  port.o(i.xPortStartScheduler)
    i.xTaskCreate                            0x00001648   Section        0  tasks.o(i.xTaskCreate)
    i.xTaskGetSchedulerState                 0x000016a4   Section        0  tasks.o(i.xTaskGetSchedulerState)
    i.xTaskIncrementTick                     0x000016c8   Section        0  tasks.o(i.xTaskIncrementTick)
    i.xTaskResumeAll                         0x00001804   Section        0  tasks.o(i.xTaskResumeAll)
    .constdata                               0x000018f4   Section       24  sysctrl.o(.constdata)
    .data                                    0x20000000   Section        4  app_task.o(.data)
    .data                                    0x20000004   Section        4  main.o(.data)
    .data                                    0x20000008   Section       60  tasks.o(.data)
    pxDelayedTaskList                        0x2000000c   Data           4  tasks.o(.data)
    pxOverflowDelayedTaskList                0x20000010   Data           4  tasks.o(.data)
    uxDeletedTasksWaitingCleanUp             0x20000014   Data           4  tasks.o(.data)
    uxCurrentNumberOfTasks                   0x20000018   Data           4  tasks.o(.data)
    xTickCount                               0x2000001c   Data           4  tasks.o(.data)
    uxTopReadyPriority                       0x20000020   Data           4  tasks.o(.data)
    xSchedulerRunning                        0x20000024   Data           4  tasks.o(.data)
    uxPendedTicks                            0x20000028   Data           4  tasks.o(.data)
    xYieldPending                            0x2000002c   Data           4  tasks.o(.data)
    xNumOfOverflows                          0x20000030   Data           4  tasks.o(.data)
    uxTaskNumber                             0x20000034   Data           4  tasks.o(.data)
    xNextTaskUnblockTime                     0x20000038   Data           4  tasks.o(.data)
    xIdleTaskHandle                          0x2000003c   Data           4  tasks.o(.data)
    uxSchedulerSuspended                     0x20000040   Data           4  tasks.o(.data)
    .data                                    0x20000044   Section       24  heap_4.o(.data)
    xStart                                   0x20000044   Data           8  heap_4.o(.data)
    pxEnd                                    0x2000004c   Data           4  heap_4.o(.data)
    xFreeBytesRemaining                      0x20000050   Data           4  heap_4.o(.data)
    xMinimumEverFreeBytesRemaining           0x20000054   Data           4  heap_4.o(.data)
    xBlockAllocatedBit                       0x20000058   Data           4  heap_4.o(.data)
    .data                                    0x2000005c   Section        8  port.o(.data)
    uxCriticalNesting                        0x20000060   Data           4  port.o(.data)
    .data                                    0x20000064   Section        1  sysctrl.o(.data)
    bDacPeriBac                              0x20000064   Data           1  sysctrl.o(.data)
    .data                                    0x20000068   Section        4  system_hc32l19x.o(.data)
    .bss                                     0x2000006c   Section      240  tasks.o(.bss)
    pxReadyTasksLists                        0x2000006c   Data         140  tasks.o(.bss)
    xDelayedTaskList1                        0x200000f8   Data          20  tasks.o(.bss)
    xDelayedTaskList2                        0x2000010c   Data          20  tasks.o(.bss)
    xPendingReadyList                        0x20000120   Data          20  tasks.o(.bss)
    xTasksWaitingTermination                 0x20000134   Data          20  tasks.o(.bss)
    xSuspendedTaskList                       0x20000148   Data          20  tasks.o(.bss)
    .bss                                     0x2000015c   Section     3072  heap_4.o(.bss)
    ucHeap                                   0x2000015c   Data        3072  heap_4.o(.bss)
    .bss                                     0x20000d5c   Section       96  libspace.o(.bss)
    HEAP                                     0x20000dc0   Section      512  startup_hc32l19x.o(HEAP)
    Heap_Mem                                 0x20000dc0   Data         512  startup_hc32l19x.o(HEAP)
    STACK                                    0x20000fc0   Section      512  startup_hc32l19x.o(STACK)
    Stack_Mem                                0x20000fc0   Data         512  startup_hc32l19x.o(STACK)
    __initial_sp                             0x200011c0   Data           0  startup_hc32l19x.o(STACK)

    Global Symbols

    Symbol Name                              Value     Ov Type        Size  Object(Section)

    BuildAttributes$$THM_ISAv3M$S$PE$A:L22$X:L11$S22$IEEE1$IW$USESV6$~STKCKD$USESV7$~SHL$OSPACE$ROPI$EBA8$UX$STANDARDLIB$REQ8$PRES8$EABIv2 0x00000000   Number         0  anon$$obj.o ABSOLUTE
    __ARM_use_no_argv                        0x00000000   Number         0  main.o ABSOLUTE
    __Vectors                                0x00000000   Data           0  startup_hc32l19x.o(RESET)
    Adc_IRQHandler                            - Undefined Weak Reference
    ClkTrim_IRQHandler                        - Undefined Weak Reference
    Dac_IRQHandler                            - Undefined Weak Reference
    Dmac_IRQHandler                           - Undefined Weak Reference
    Flash_IRQHandler                          - Undefined Weak Reference
    I2c0_IRQHandler                           - Undefined Weak Reference
    I2c1_IRQHandler                           - Undefined Weak Reference
    Lcd_IRQHandler                            - Undefined Weak Reference
    LpTim0_IRQHandler                         - Undefined Weak Reference
    LpTim1_IRQHandler                         - Undefined Weak Reference
    LpUart0_IRQHandler                        - Undefined Weak Reference
    LpUart1_IRQHandler                        - Undefined Weak Reference
    Lvd_IRQHandler                            - Undefined Weak Reference
    Pca_IRQHandler                            - Undefined Weak Reference
    Pcnt_IRQHandler                           - Undefined Weak Reference
    PortA_IRQHandler                          - Undefined Weak Reference
    PortB_IRQHandler                          - Undefined Weak Reference
    PortC_IRQHandler                          - Undefined Weak Reference
    PortD_IRQHandler                          - Undefined Weak Reference
    PortE_IRQHandler                          - Undefined Weak Reference
    PortF_IRQHandler                          - Undefined Weak Reference
    Ram_IRQHandler                            - Undefined Weak Reference
    Rtc_IRQHandler                            - Undefined Weak Reference
    Spi0_IRQHandler                           - Undefined Weak Reference
    Spi1_IRQHandler                           - Undefined Weak Reference
    Tim0_IRQHandler                           - Undefined Weak Reference
    Tim1_IRQHandler                           - Undefined Weak Reference
    Tim2_IRQHandler                           - Undefined Weak Reference
    Tim3_IRQHandler                           - Undefined Weak Reference
    Tim4_IRQHandler                           - Undefined Weak Reference
    Tim5_IRQHandler                           - Undefined Weak Reference
    Tim6_IRQHandler                           - Undefined Weak Reference
    Uart0_IRQHandler                          - Undefined Weak Reference
    Uart1_IRQHandler                          - Undefined Weak Reference
    Uart2_IRQHandler                          - Undefined Weak Reference
    Uart3_IRQHandler                          - Undefined Weak Reference
    Vc0_IRQHandler                            - Undefined Weak Reference
    Vc1_IRQHandler                            - Undefined Weak Reference
    Vc2_IRQHandler                            - Undefined Weak Reference
    Wdt_IRQHandler                            - Undefined Weak Reference
    __ARM_exceptions_init                     - Undefined Weak Reference
    __alloca_initialize                       - Undefined Weak Reference
    __arm_preinit_                            - Undefined Weak Reference
    __cpp_initialize__aeabi_                  - Undefined Weak Reference
    __cxa_finalize                            - Undefined Weak Reference
    __rt_locale                               - Undefined Weak Reference
    __sigvec_lookup                           - Undefined Weak Reference
    _atexit_init                              - Undefined Weak Reference
    _call_atexit_fns                          - Undefined Weak Reference
    _clock_init                               - Undefined Weak Reference
    _fp_trap_init                             - Undefined Weak Reference
    _fp_trap_shutdown                         - Undefined Weak Reference
    _get_lc_collate                           - Undefined Weak Reference
    _get_lc_ctype                             - Undefined Weak Reference
    _get_lc_monetary                          - Undefined Weak Reference
    _get_lc_numeric                           - Undefined Weak Reference
    _get_lc_time                              - Undefined Weak Reference
    _getenv_init                              - Undefined Weak Reference
    _handle_redirection                       - Undefined Weak Reference
    _init_alloc                               - Undefined Weak Reference
    _init_user_alloc                          - Undefined Weak Reference
    _initio                                   - Undefined Weak Reference
    _rand_init                                - Undefined Weak Reference
    _signal_finish                            - Undefined Weak Reference
    _signal_init                              - Undefined Weak Reference
    _terminate_alloc                          - Undefined Weak Reference
    _terminate_user_alloc                     - Undefined Weak Reference
    _terminateio                              - Undefined Weak Reference
    __Vectors_End                            0x000000c0   Data           0  startup_hc32l19x.o(RESET)
    __Vectors_Size                           0x000000c0   Number         0  startup_hc32l19x.o ABSOLUTE
    __main                                   0x000000c1   Thumb Code     8  __main.o(!!!main)
    __scatterload                            0x000000c9   Thumb Code     0  __scatter.o(!!!scatter)
    __scatterload_rt2                        0x000000c9   Thumb Code    52  __scatter.o(!!!scatter)
    __scatterload_rt2_thumb_only             0x000000c9   Thumb Code     0  __scatter.o(!!!scatter)
    __scatterload_null                       0x000000d9   Thumb Code     0  __scatter.o(!!!scatter)
    __scatterload_copy                       0x00000105   Thumb Code    26  __scatter_copy.o(!!handler_copy)
    __scatterload_zeroinit                   0x00000121   Thumb Code    28  __scatter_zi.o(!!handler_zi)
    __rt_lib_init                            0x0000013d   Thumb Code     0  libinit.o(.ARM.Collect$$libinit$$00000000)
    __rt_lib_init_alloca_1                   0x0000013f   Thumb Code     0  libinit2.o(.ARM.Collect$$libinit$$0000002E)
    __rt_lib_init_argv_1                     0x0000013f   Thumb Code     0  libinit2.o(.ARM.Collect$$libinit$$0000002C)
    __rt_lib_init_atexit_1                   0x0000013f   Thumb Code     0  libinit2.o(.ARM.Collect$$libinit$$0000001B)
    __rt_lib_init_clock_1                    0x0000013f   Thumb Code     0  libinit2.o(.ARM.Collect$$libinit$$00000021)
    __rt_lib_init_cpp_1                      0x0000013f   Thumb Code     0  libinit2.o(.ARM.Collect$$libinit$$00000032)
    __rt_lib_init_exceptions_1               0x0000013f   Thumb Code     0  libinit2.o(.ARM.Collect$$libinit$$00000030)
    __rt_lib_init_fp_1                       0x0000013f   Thumb Code     0  libinit2.o(.ARM.Collect$$libinit$$00000002)
    __rt_lib_init_fp_trap_1                  0x0000013f   Thumb Code     0  libinit2.o(.ARM.Collect$$libinit$$0000001F)
    __rt_lib_init_getenv_1                   0x0000013f   Thumb Code     0  libinit2.o(.ARM.Collect$$libinit$$00000023)
    __rt_lib_init_heap_1                     0x0000013f   Thumb Code     0  libinit2.o(.ARM.Collect$$libinit$$0000000A)
    __rt_lib_init_lc_collate_1               0x0000013f   Thumb Code     0  libinit2.o(.ARM.Collect$$libinit$$00000011)
    __rt_lib_init_lc_ctype_1                 0x0000013f   Thumb Code     0  libinit2.o(.ARM.Collect$$libinit$$00000013)
    __rt_lib_init_lc_monetary_1              0x0000013f   Thumb Code     0  libinit2.o(.ARM.Collect$$libinit$$00000015)
    __rt_lib_init_lc_numeric_1               0x0000013f   Thumb Code     0  libinit2.o(.ARM.Collect$$libinit$$00000017)
    __rt_lib_init_lc_time_1                  0x0000013f   Thumb Code     0  libinit2.o(.ARM.Collect$$libinit$$00000019)
    __rt_lib_init_preinit_1                  0x0000013f   Thumb Code     0  libinit2.o(.ARM.Collect$$libinit$$00000004)
    __rt_lib_init_rand_1                     0x0000013f   Thumb Code     0  libinit2.o(.ARM.Collect$$libinit$$0000000E)
    __rt_lib_init_return                     0x0000013f   Thumb Code     0  libinit2.o(.ARM.Collect$$libinit$$00000033)
    __rt_lib_init_signal_1                   0x0000013f   Thumb Code     0  libinit2.o(.ARM.Collect$$libinit$$0000001D)
    __rt_lib_init_stdio_1                    0x0000013f   Thumb Code     0  libinit2.o(.ARM.Collect$$libinit$$00000025)
    __rt_lib_init_user_alloc_1               0x0000013f   Thumb Code     0  libinit2.o(.ARM.Collect$$libinit$$0000000C)
    __rt_lib_shutdown                        0x00000141   Thumb Code     0  libshutdown.o(.ARM.Collect$$libshutdown$$00000000)
    __rt_lib_shutdown_cpp_1                  0x00000143   Thumb Code     0  libshutdown2.o(.ARM.Collect$$libshutdown$$00000002)
    __rt_lib_shutdown_fp_trap_1              0x00000143   Thumb Code     0  libshutdown2.o(.ARM.Collect$$libshutdown$$00000007)
    __rt_lib_shutdown_heap_1                 0x00000143   Thumb Code     0  libshutdown2.o(.ARM.Collect$$libshutdown$$0000000F)
    __rt_lib_shutdown_return                 0x00000143   Thumb Code     0  libshutdown2.o(.ARM.Collect$$libshutdown$$00000010)
    __rt_lib_shutdown_signal_1               0x00000143   Thumb Code     0  libshutdown2.o(.ARM.Collect$$libshutdown$$0000000A)
    __rt_lib_shutdown_stdio_1                0x00000143   Thumb Code     0  libshutdown2.o(.ARM.Collect$$libshutdown$$00000004)
    __rt_lib_shutdown_user_alloc_1           0x00000143   Thumb Code     0  libshutdown2.o(.ARM.Collect$$libshutdown$$0000000C)
    __rt_entry                               0x00000145   Thumb Code     0  __rtentry.o(.ARM.Collect$$rtentry$$00000000)
    __rt_entry_presh_1                       0x00000145   Thumb Code     0  __rtentry2.o(.ARM.Collect$$rtentry$$00000002)
    __rt_entry_sh                            0x00000145   Thumb Code     0  __rtentry4.o(.ARM.Collect$$rtentry$$00000004)
    __rt_entry_li                            0x0000014b   Thumb Code     0  __rtentry2.o(.ARM.Collect$$rtentry$$0000000A)
    __rt_entry_postsh_1                      0x0000014b   Thumb Code     0  __rtentry2.o(.ARM.Collect$$rtentry$$00000009)
    __rt_entry_main                          0x0000014f   Thumb Code     0  __rtentry2.o(.ARM.Collect$$rtentry$$0000000D)
    __rt_entry_postli_1                      0x0000014f   Thumb Code     0  __rtentry2.o(.ARM.Collect$$rtentry$$0000000C)
    __rt_exit                                0x00000157   Thumb Code     0  rtexit.o(.ARM.Collect$$rtexit$$00000000)
    __rt_exit_ls                             0x00000159   Thumb Code     0  rtexit2.o(.ARM.Collect$$rtexit$$00000003)
    __rt_exit_prels_1                        0x00000159   Thumb Code     0  rtexit2.o(.ARM.Collect$$rtexit$$00000002)
    __rt_exit_exit                           0x0000015d   Thumb Code     0  rtexit2.o(.ARM.Collect$$rtexit$$00000004)
    __asm___6_port_c_39a90d8d__prvPortStartFirstTask 0x00000165   Thumb Code    36  port.o(.emb_text)
    ulSetInterruptMaskFromISR                0x0000018d   Thumb Code     8  port.o(.emb_text)
    vClearInterruptMaskFromISR               0x00000195   Thumb Code     6  port.o(.emb_text)
    PendSV_Handler                           0x0000019b   Thumb Code    62  port.o(.emb_text)
    __aeabi_memcpy4                          0x000001dd   Thumb Code    56  rt_memcpy.o(.emb_text)
    __aeabi_memcpy8                          0x000001dd   Thumb Code     0  rt_memcpy.o(.emb_text)
    Reset_Handler                            0x00000215   Thumb Code    26  startup_hc32l19x.o(.text)
    NMI_Handler                              0x0000022f   Thumb Code     2  startup_hc32l19x.o(.text)
    __user_initial_stackheap                 0x0000023d   Thumb Code     0  startup_hc32l19x.o(.text)
    __aeabi_uidiv                            0x0000026d   Thumb Code     0  aeabi_sdiv.o(.text)
    __aeabi_uidivmod                         0x0000026d   Thumb Code    20  aeabi_sdiv.o(.text)
    __aeabi_idiv                             0x00000281   Thumb Code     0  aeabi_sdiv.o(.text)
    __aeabi_idivmod                          0x00000281   Thumb Code   326  aeabi_sdiv.o(.text)
    __use_two_region_memory                  0x000003c7   Thumb Code     2  heapauxi.o(.text)
    __rt_heap_escrow$2region                 0x000003c9   Thumb Code     2  heapauxi.o(.text)
    __rt_heap_expand$2region                 0x000003cb   Thumb Code     2  heapauxi.o(.text)
    __user_setup_stackheap                   0x000003cd   Thumb Code    62  sys_stackheap_outer.o(.text)
    exit                                     0x0000040b   Thumb Code    16  exit.o(.text)
    __user_libspace                          0x0000041d   Thumb Code     8  libspace.o(.text)
    __user_perproc_libspace                  0x0000041d   Thumb Code     0  libspace.o(.text)
    __user_perthread_libspace                0x0000041d   Thumb Code     0  libspace.o(.text)
    _sys_exit                                0x00000425   Thumb Code     8  sys_exit.o(.text)
    __I$use$semihosting                      0x00000431   Thumb Code     0  use_no_semi.o(.text)
    __use_no_semihosting_swi                 0x00000431   Thumb Code     2  use_no_semi.o(.text)
    __semihosting_library_function           0x00000433   Thumb Code     0  indicate_semi.o(.text)
    main                                     0x00000433   Thumb Code    14  system_hc32l19x.o(i.$Sub$$main)
    ADC_DAC_IRQHandler                       0x00000441   Thumb Code    12  interrupts_hc32l19x.o(i.ADC_DAC_IRQHandler)
    CLKTRIM_IRQHandler                       0x0000044d   Thumb Code     8  interrupts_hc32l19x.o(i.CLKTRIM_IRQHandler)
    DMAC_IRQHandler                          0x00000455   Thumb Code     8  interrupts_hc32l19x.o(i.DMAC_IRQHandler)
    FLASH_RAM_IRQHandler                     0x0000045d   Thumb Code    12  interrupts_hc32l19x.o(i.FLASH_RAM_IRQHandler)
    Flash_WaitCycle                          0x00000469   Thumb Code    38  flash.o(i.Flash_WaitCycle)
    HardFault_Handler                        0x0000049d   Thumb Code    16  interrupts_hc32l19x.o(i.HardFault_Handler)
    I2C0_IRQHandler                          0x000004ad   Thumb Code     8  interrupts_hc32l19x.o(i.I2C0_IRQHandler)
    I2C1_IRQHandler                          0x000004b5   Thumb Code     8  interrupts_hc32l19x.o(i.I2C1_IRQHandler)
    LCD_IRQHandler                           0x000004bd   Thumb Code     8  interrupts_hc32l19x.o(i.LCD_IRQHandler)
    LPTIM0_1_IRQHandler                      0x000004c5   Thumb Code    12  interrupts_hc32l19x.o(i.LPTIM0_1_IRQHandler)
    LPUART0_IRQHandler                       0x000004d1   Thumb Code     8  interrupts_hc32l19x.o(i.LPUART0_IRQHandler)
    LPUART1_IRQHandler                       0x000004d9   Thumb Code     8  interrupts_hc32l19x.o(i.LPUART1_IRQHandler)
    LVD_IRQHandler                           0x000004e1   Thumb Code     8  interrupts_hc32l19x.o(i.LVD_IRQHandler)
    PCA_IRQHandler                           0x000004e9   Thumb Code     8  interrupts_hc32l19x.o(i.PCA_IRQHandler)
    PCNT_IRQHandler                          0x000004f1   Thumb Code     8  interrupts_hc32l19x.o(i.PCNT_IRQHandler)
    PORTA_IRQHandler                         0x000004f9   Thumb Code     8  interrupts_hc32l19x.o(i.PORTA_IRQHandler)
    PORTB_IRQHandler                         0x00000501   Thumb Code     8  interrupts_hc32l19x.o(i.PORTB_IRQHandler)
    PORTC_E_IRQHandler                       0x00000509   Thumb Code    12  interrupts_hc32l19x.o(i.PORTC_E_IRQHandler)
    PORTD_F_IRQHandler                       0x00000515   Thumb Code    12  interrupts_hc32l19x.o(i.PORTD_F_IRQHandler)
    RTC_IRQHandler                           0x00000521   Thumb Code     8  interrupts_hc32l19x.o(i.RTC_IRQHandler)
    SPI0_IRQHandler                          0x00000529   Thumb Code     8  interrupts_hc32l19x.o(i.SPI0_IRQHandler)
    SPI1_IRQHandler                          0x00000531   Thumb Code     8  interrupts_hc32l19x.o(i.SPI1_IRQHandler)
    SVC_Handler                              0x00000539   Thumb Code     2  port.o(i.SVC_Handler)
    SetBit                                   0x0000053b   Thumb Code    30  ddl.o(i.SetBit)
    SysTick_Handler                          0x00000559   Thumb Code    32  port.o(i.SysTick_Handler)
    Sysctrl_ClkInit                          0x0000057d   Thumb Code   106  sysctrl.o(i.Sysctrl_ClkInit)
    Sysctrl_ClkSourceEnable                  0x000005e9   Thumb Code   272  sysctrl.o(i.Sysctrl_ClkSourceEnable)
    Sysctrl_GetHClkFreq                      0x00000705   Thumb Code   354  sysctrl.o(i.Sysctrl_GetHClkFreq)
    Sysctrl_SetHCLKDiv                       0x00000879   Thumb Code    36  sysctrl.o(i.Sysctrl_SetHCLKDiv)
    Sysctrl_SetPCLKDiv                       0x000008a1   Thumb Code    36  sysctrl.o(i.Sysctrl_SetPCLKDiv)
    Sysctrl_SetPLLFreq                       0x000008c9   Thumb Code   258  sysctrl.o(i.Sysctrl_SetPLLFreq)
    Sysctrl_SetPLLStableTime                 0x000009dd   Thumb Code    32  sysctrl.o(i.Sysctrl_SetPLLStableTime)
    Sysctrl_SetPeripheralGate                0x00000a01   Thumb Code    72  sysctrl.o(i.Sysctrl_SetPeripheralGate)
    Sysctrl_SetRCHTrim                       0x00000a51   Thumb Code    32  sysctrl.o(i.Sysctrl_SetRCHTrim)
    Sysctrl_SetRCLStableTime                 0x00000a79   Thumb Code    32  sysctrl.o(i.Sysctrl_SetRCLStableTime)
    Sysctrl_SetRCLTrim                       0x00000a9d   Thumb Code    32  sysctrl.o(i.Sysctrl_SetRCLTrim)
    Sysctrl_SetXTHStableTime                 0x00000ac5   Thumb Code    28  sysctrl.o(i.Sysctrl_SetXTHStableTime)
    Sysctrl_SetXTLStableTime                 0x00000ae5   Thumb Code    28  sysctrl.o(i.Sysctrl_SetXTLStableTime)
    Sysctrl_SysClkSwitch                     0x00000b05   Thumb Code    40  sysctrl.o(i.Sysctrl_SysClkSwitch)
    Sysctrl_XTHDriverCfg                     0x00000b31   Thumb Code    24  sysctrl.o(i.Sysctrl_XTHDriverCfg)
    Sysctrl_XTLDriverCfg                     0x00000b4d   Thumb Code    46  sysctrl.o(i.Sysctrl_XTLDriverCfg)
    SystemCoreClockUpdate                    0x00000b81   Thumb Code    12  system_hc32l19x.o(i.SystemCoreClockUpdate)
    SystemInit                               0x00000b91   Thumb Code    52  system_hc32l19x.o(i.SystemInit)
    TIM0_IRQHandler                          0x00000bcd   Thumb Code     8  interrupts_hc32l19x.o(i.TIM0_IRQHandler)
    TIM1_IRQHandler                          0x00000bd5   Thumb Code     8  interrupts_hc32l19x.o(i.TIM1_IRQHandler)
    TIM2_IRQHandler                          0x00000bdd   Thumb Code     8  interrupts_hc32l19x.o(i.TIM2_IRQHandler)
    TIM3_IRQHandler                          0x00000be5   Thumb Code     8  interrupts_hc32l19x.o(i.TIM3_IRQHandler)
    TIM4_IRQHandler                          0x00000bed   Thumb Code     8  interrupts_hc32l19x.o(i.TIM4_IRQHandler)
    TIM5_IRQHandler                          0x00000bf5   Thumb Code     8  interrupts_hc32l19x.o(i.TIM5_IRQHandler)
    TIM6_IRQHandler                          0x00000bfd   Thumb Code     8  interrupts_hc32l19x.o(i.TIM6_IRQHandler)
    Task_Test                                0x00000c05   Thumb Code    20  app_task.o(i.Task_Test)
    UART0_2_IRQHandler                       0x00000c19   Thumb Code    12  interrupts_hc32l19x.o(i.UART0_2_IRQHandler)
    UART1_3_IRQHandler                       0x00000c25   Thumb Code    12  interrupts_hc32l19x.o(i.UART1_3_IRQHandler)
    VC0_IRQHandler                           0x00000c31   Thumb Code     8  interrupts_hc32l19x.o(i.VC0_IRQHandler)
    VC1_2_IRQHandler                         0x00000c39   Thumb Code    12  interrupts_hc32l19x.o(i.VC1_2_IRQHandler)
    WDT_IRQHandler                           0x00000c45   Thumb Code     8  interrupts_hc32l19x.o(i.WDT_IRQHandler)
    __ARM_common_switch8                     0x00000c65   Thumb Code    28  tasks.o(i.__ARM_common_switch8)
    $Super$$main                             0x00000cf9   Thumb Code   182  main.o(i.main)
    osSystickHandler                         0x00000dc1   Thumb Code    16  cmsis_os.o(i.osSystickHandler)
    os_task_init                             0x00000dd1   Thumb Code    28  app_task.o(i.os_task_init)
    pvPortMalloc                             0x000011fd   Thumb Code   264  heap_4.o(i.pvPortMalloc)
    pxPortInitialiseStack                    0x00001319   Thumb Code    26  port.o(i.pxPortInitialiseStack)
    uxListRemove                             0x00001339   Thumb Code    40  list.o(i.uxListRemove)
    vListInitialise                          0x00001361   Thumb Code    26  list.o(i.vListInitialise)
    vListInitialiseItem                      0x0000137b   Thumb Code     6  list.o(i.vListInitialiseItem)
    vListInsert                              0x00001381   Thumb Code    54  list.o(i.vListInsert)
    vListInsertEnd                           0x000013b7   Thumb Code    24  list.o(i.vListInsertEnd)
    vPortEnterCritical                       0x000013d1   Thumb Code    22  port.o(i.vPortEnterCritical)
    vPortExitCritical                        0x000013ed   Thumb Code    36  port.o(i.vPortExitCritical)
    vPortFree                                0x00001415   Thumb Code   120  heap_4.o(i.vPortFree)
    vPortSetupTimerInterrupt                 0x00001495   Thumb Code    26  port.o(i.vPortSetupTimerInterrupt)
    vPortYield                               0x000014b9   Thumb Code    18  port.o(i.vPortYield)
    vTaskDelay                               0x000014d1   Thumb Code    62  tasks.o(i.vTaskDelay)
    vTaskStartScheduler                      0x00001515   Thumb Code    80  tasks.o(i.vTaskStartScheduler)
    vTaskSuspendAll                          0x00001581   Thumb Code    12  tasks.o(i.vTaskSuspendAll)
    vTaskSwitchContext                       0x00001591   Thumb Code   108  tasks.o(i.vTaskSwitchContext)
    xPortStartScheduler                      0x00001611   Thumb Code    48  port.o(i.xPortStartScheduler)
    xTaskCreate                              0x00001649   Thumb Code    92  tasks.o(i.xTaskCreate)
    xTaskGetSchedulerState                   0x000016a5   Thumb Code    28  tasks.o(i.xTaskGetSchedulerState)
    xTaskIncrementTick                       0x000016c9   Thumb Code   270  tasks.o(i.xTaskIncrementTick)
    xTaskResumeAll                           0x00001805   Thumb Code   206  tasks.o(i.xTaskResumeAll)
    Region$$Table$$Base                      0x0000190c   Number         0  anon$$obj.o(Region$$Table)
    Region$$Table$$Limit                     0x0000192c   Number         0  anon$$obj.o(Region$$Table)
    Hd_Test_Task                             0x20000000   Data           4  app_task.o(.data)
    clk_data                                 0x20000004   Data           4  main.o(.data)
    pxCurrentTCB                             0x20000008   Data           4  tasks.o(.data)
    Timer0_value                             0x2000005c   Data           2  port.o(.data)
    Division                                 0x2000005e   Data           1  port.o(.data)
    Flag_Sleep                               0x2000005f   Data           1  port.o(.data)
    SystemCoreClock                          0x20000068   Data           4  system_hc32l19x.o(.data)
    __libspace_start                         0x20000d5c   Data          96  libspace.o(.bss)
    __temporary_stack_top$libspace           0x20000dbc   Data           0  libspace.o(.bss)



==============================================================================

Memory Map of the image

  Image Entry point : 0x000000c1

  Load Region LR_IROM1 (Base: 0x00000000, Size: 0x00001998, Max: 0x00040000, ABSOLUTE)

    Execution Region ER_IROM1 (Exec base: 0x00000000, Load base: 0x00000000, Size: 0x0000192c, Max: 0x00040000, ABSOLUTE)

    Exec Addr    Load Addr    Size         Type   Attr      Idx    E Section Name        Object

    0x00000000   0x00000000   0x000000c0   Data   RO         5050    RESET               startup_hc32l19x.o
    0x000000c0   0x000000c0   0x00000008   Code   RO         5069  * !!!main             c_p.l(__main.o)
    0x000000c8   0x000000c8   0x0000003c   Code   RO         5238    !!!scatter          c_p.l(__scatter.o)
    0x00000104   0x00000104   0x0000001a   Code   RO         5240    !!handler_copy      c_p.l(__scatter_copy.o)
    0x0000011e   0x0000011e   0x00000002   PAD
    0x00000120   0x00000120   0x0000001c   Code   RO         5242    !!handler_zi        c_p.l(__scatter_zi.o)
    0x0000013c   0x0000013c   0x00000002   Code   RO         5107    .ARM.Collect$$libinit$$00000000  c_p.l(libinit.o)
    0x0000013e   0x0000013e   0x00000000   Code   RO         5121    .ARM.Collect$$libinit$$00000002  c_p.l(libinit2.o)
    0x0000013e   0x0000013e   0x00000000   Code   RO         5123    .ARM.Collect$$libinit$$00000004  c_p.l(libinit2.o)
    0x0000013e   0x0000013e   0x00000000   Code   RO         5126    .ARM.Collect$$libinit$$0000000A  c_p.l(libinit2.o)
    0x0000013e   0x0000013e   0x00000000   Code   RO         5128    .ARM.Collect$$libinit$$0000000C  c_p.l(libinit2.o)
    0x0000013e   0x0000013e   0x00000000   Code   RO         5130    .ARM.Collect$$libinit$$0000000E  c_p.l(libinit2.o)
    0x0000013e   0x0000013e   0x00000000   Code   RO         5133    .ARM.Collect$$libinit$$00000011  c_p.l(libinit2.o)
    0x0000013e   0x0000013e   0x00000000   Code   RO         5135    .ARM.Collect$$libinit$$00000013  c_p.l(libinit2.o)
    0x0000013e   0x0000013e   0x00000000   Code   RO         5137    .ARM.Collect$$libinit$$00000015  c_p.l(libinit2.o)
    0x0000013e   0x0000013e   0x00000000   Code   RO         5139    .ARM.Collect$$libinit$$00000017  c_p.l(libinit2.o)
    0x0000013e   0x0000013e   0x00000000   Code   RO         5141    .ARM.Collect$$libinit$$00000019  c_p.l(libinit2.o)
    0x0000013e   0x0000013e   0x00000000   Code   RO         5143    .ARM.Collect$$libinit$$0000001B  c_p.l(libinit2.o)
    0x0000013e   0x0000013e   0x00000000   Code   RO         5145    .ARM.Collect$$libinit$$0000001D  c_p.l(libinit2.o)
    0x0000013e   0x0000013e   0x00000000   Code   RO         5147    .ARM.Collect$$libinit$$0000001F  c_p.l(libinit2.o)
    0x0000013e   0x0000013e   0x00000000   Code   RO         5149    .ARM.Collect$$libinit$$00000021  c_p.l(libinit2.o)
    0x0000013e   0x0000013e   0x00000000   Code   RO         5151    .ARM.Collect$$libinit$$00000023  c_p.l(libinit2.o)
    0x0000013e   0x0000013e   0x00000000   Code   RO         5153    .ARM.Collect$$libinit$$00000025  c_p.l(libinit2.o)
    0x0000013e   0x0000013e   0x00000000   Code   RO         5157    .ARM.Collect$$libinit$$0000002C  c_p.l(libinit2.o)
    0x0000013e   0x0000013e   0x00000000   Code   RO         5159    .ARM.Collect$$libinit$$0000002E  c_p.l(libinit2.o)
    0x0000013e   0x0000013e   0x00000000   Code   RO         5161    .ARM.Collect$$libinit$$00000030  c_p.l(libinit2.o)
    0x0000013e   0x0000013e   0x00000000   Code   RO         5163    .ARM.Collect$$libinit$$00000032  c_p.l(libinit2.o)
    0x0000013e   0x0000013e   0x00000002   Code   RO         5164    .ARM.Collect$$libinit$$00000033  c_p.l(libinit2.o)
    0x00000140   0x00000140   0x00000002   Code   RO         5195    .ARM.Collect$$libshutdown$$00000000  c_p.l(libshutdown.o)
    0x00000142   0x00000142   0x00000000   Code   RO         5221    .ARM.Collect$$libshutdown$$00000002  c_p.l(libshutdown2.o)
    0x00000142   0x00000142   0x00000000   Code   RO         5223    .ARM.Collect$$libshutdown$$00000004  c_p.l(libshutdown2.o)
    0x00000142   0x00000142   0x00000000   Code   RO         5226    .ARM.Collect$$libshutdown$$00000007  c_p.l(libshutdown2.o)
    0x00000142   0x00000142   0x00000000   Code   RO         5229    .ARM.Collect$$libshutdown$$0000000A  c_p.l(libshutdown2.o)
    0x00000142   0x00000142   0x00000000   Code   RO         5231    .ARM.Collect$$libshutdown$$0000000C  c_p.l(libshutdown2.o)
    0x00000142   0x00000142   0x00000000   Code   RO         5234    .ARM.Collect$$libshutdown$$0000000F  c_p.l(libshutdown2.o)
    0x00000142   0x00000142   0x00000002   Code   RO         5235    .ARM.Collect$$libshutdown$$00000010  c_p.l(libshutdown2.o)
    0x00000144   0x00000144   0x00000000   Code   RO         5071    .ARM.Collect$$rtentry$$00000000  c_p.l(__rtentry.o)
    0x00000144   0x00000144   0x00000000   Code   RO         5077    .ARM.Collect$$rtentry$$00000002  c_p.l(__rtentry2.o)
    0x00000144   0x00000144   0x00000006   Code   RO         5089    .ARM.Collect$$rtentry$$00000004  c_p.l(__rtentry4.o)
    0x0000014a   0x0000014a   0x00000000   Code   RO         5079    .ARM.Collect$$rtentry$$00000009  c_p.l(__rtentry2.o)
    0x0000014a   0x0000014a   0x00000004   Code   RO         5080    .ARM.Collect$$rtentry$$0000000A  c_p.l(__rtentry2.o)
    0x0000014e   0x0000014e   0x00000000   Code   RO         5082    .ARM.Collect$$rtentry$$0000000C  c_p.l(__rtentry2.o)
    0x0000014e   0x0000014e   0x00000008   Code   RO         5083    .ARM.Collect$$rtentry$$0000000D  c_p.l(__rtentry2.o)
    0x00000156   0x00000156   0x00000002   Code   RO         5112    .ARM.Collect$$rtexit$$00000000  c_p.l(rtexit.o)
    0x00000158   0x00000158   0x00000000   Code   RO         5168    .ARM.Collect$$rtexit$$00000002  c_p.l(rtexit2.o)
    0x00000158   0x00000158   0x00000004   Code   RO         5169    .ARM.Collect$$rtexit$$00000003  c_p.l(rtexit2.o)
    0x0000015c   0x0000015c   0x00000006   Code   RO         5170    .ARM.Collect$$rtexit$$00000004  c_p.l(rtexit2.o)
    0x00000162   0x00000162   0x00000002   PAD
    0x00000164   0x00000164   0x00000078   Code   RO          793    .emb_text           port.o
    0x000001dc   0x000001dc   0x00000038   Code   RO         5057    .emb_text           c_p.l(rt_memcpy.o)
    0x00000214   0x00000214   0x00000058   Code   RO         5051    .text               startup_hc32l19x.o
    0x0000026c   0x0000026c   0x0000015a   Code   RO         5063    .text               c_p.l(aeabi_sdiv.o)
    0x000003c6   0x000003c6   0x00000006   Code   RO         5067    .text               c_p.l(heapauxi.o)
    0x000003cc   0x000003cc   0x0000003e   Code   RO         5093    .text               c_p.l(sys_stackheap_outer.o)
    0x0000040a   0x0000040a   0x00000010   Code   RO         5096    .text               c_p.l(exit.o)
    0x0000041a   0x0000041a   0x00000002   PAD
    0x0000041c   0x0000041c   0x00000008   Code   RO         5108    .text               c_p.l(libspace.o)
    0x00000424   0x00000424   0x0000000c   Code   RO         5165    .text               c_p.l(sys_exit.o)
    0x00000430   0x00000430   0x00000002   Code   RO         5184    .text               c_p.l(use_no_semi.o)
    0x00000432   0x00000432   0x00000000   Code   RO         5186    .text               c_p.l(indicate_semi.o)
    0x00000432   0x00000432   0x0000000e   Code   RO         5003    i.$Sub$$main        system_hc32l19x.o
    0x00000440   0x00000440   0x0000000c   Code   RO         4777    i.ADC_DAC_IRQHandler  interrupts_hc32l19x.o
    0x0000044c   0x0000044c   0x00000008   Code   RO         4778    i.CLKTRIM_IRQHandler  interrupts_hc32l19x.o
    0x00000454   0x00000454   0x00000008   Code   RO         4779    i.DMAC_IRQHandler   interrupts_hc32l19x.o
    0x0000045c   0x0000045c   0x0000000c   Code   RO         4781    i.FLASH_RAM_IRQHandler  interrupts_hc32l19x.o
    0x00000468   0x00000468   0x00000034   Code   RO         2645    i.Flash_WaitCycle   flash.o
    0x0000049c   0x0000049c   0x00000010   Code   RO         4782    i.HardFault_Handler  interrupts_hc32l19x.o
    0x000004ac   0x000004ac   0x00000008   Code   RO         4783    i.I2C0_IRQHandler   interrupts_hc32l19x.o
    0x000004b4   0x000004b4   0x00000008   Code   RO         4784    i.I2C1_IRQHandler   interrupts_hc32l19x.o
    0x000004bc   0x000004bc   0x00000008   Code   RO         4785    i.LCD_IRQHandler    interrupts_hc32l19x.o
    0x000004c4   0x000004c4   0x0000000c   Code   RO         4786    i.LPTIM0_1_IRQHandler  interrupts_hc32l19x.o
    0x000004d0   0x000004d0   0x00000008   Code   RO         4787    i.LPUART0_IRQHandler  interrupts_hc32l19x.o
    0x000004d8   0x000004d8   0x00000008   Code   RO         4788    i.LPUART1_IRQHandler  interrupts_hc32l19x.o
    0x000004e0   0x000004e0   0x00000008   Code   RO         4789    i.LVD_IRQHandler    interrupts_hc32l19x.o
    0x000004e8   0x000004e8   0x00000008   Code   RO         4790    i.PCA_IRQHandler    interrupts_hc32l19x.o
    0x000004f0   0x000004f0   0x00000008   Code   RO         4791    i.PCNT_IRQHandler   interrupts_hc32l19x.o
    0x000004f8   0x000004f8   0x00000008   Code   RO         4792    i.PORTA_IRQHandler  interrupts_hc32l19x.o
    0x00000500   0x00000500   0x00000008   Code   RO         4793    i.PORTB_IRQHandler  interrupts_hc32l19x.o
    0x00000508   0x00000508   0x0000000c   Code   RO         4794    i.PORTC_E_IRQHandler  interrupts_hc32l19x.o
    0x00000514   0x00000514   0x0000000c   Code   RO         4795    i.PORTD_F_IRQHandler  interrupts_hc32l19x.o
    0x00000520   0x00000520   0x00000008   Code   RO         4796    i.RTC_IRQHandler    interrupts_hc32l19x.o
    0x00000528   0x00000528   0x00000008   Code   RO         4797    i.SPI0_IRQHandler   interrupts_hc32l19x.o
    0x00000530   0x00000530   0x00000008   Code   RO         4798    i.SPI1_IRQHandler   interrupts_hc32l19x.o
    0x00000538   0x00000538   0x00000002   Code   RO          794    i.SVC_Handler       port.o
    0x0000053a   0x0000053a   0x0000001e   Code   RO         2385    i.SetBit            ddl.o
    0x00000558   0x00000558   0x00000024   Code   RO          795    i.SysTick_Handler   port.o
    0x0000057c   0x0000057c   0x0000006a   Code   RO         3933    i.Sysctrl_ClkInit   sysctrl.o
    0x000005e6   0x000005e6   0x00000002   PAD
    0x000005e8   0x000005e8   0x0000011c   Code   RO         3934    i.Sysctrl_ClkSourceEnable  sysctrl.o
    0x00000704   0x00000704   0x00000174   Code   RO         3935    i.Sysctrl_GetHClkFreq  sysctrl.o
    0x00000878   0x00000878   0x00000028   Code   RO         3939    i.Sysctrl_SetHCLKDiv  sysctrl.o
    0x000008a0   0x000008a0   0x00000028   Code   RO         3940    i.Sysctrl_SetPCLKDiv  sysctrl.o
    0x000008c8   0x000008c8   0x00000114   Code   RO         3941    i.Sysctrl_SetPLLFreq  sysctrl.o
    0x000009dc   0x000009dc   0x00000024   Code   RO         3942    i.Sysctrl_SetPLLStableTime  sysctrl.o
    0x00000a00   0x00000a00   0x00000050   Code   RO         3943    i.Sysctrl_SetPeripheralGate  sysctrl.o
    0x00000a50   0x00000a50   0x00000028   Code   RO         3944    i.Sysctrl_SetRCHTrim  sysctrl.o
    0x00000a78   0x00000a78   0x00000024   Code   RO         3945    i.Sysctrl_SetRCLStableTime  sysctrl.o
    0x00000a9c   0x00000a9c   0x00000028   Code   RO         3946    i.Sysctrl_SetRCLTrim  sysctrl.o
    0x00000ac4   0x00000ac4   0x00000020   Code   RO         3949    i.Sysctrl_SetXTHStableTime  sysctrl.o
    0x00000ae4   0x00000ae4   0x00000020   Code   RO         3950    i.Sysctrl_SetXTLStableTime  sysctrl.o
    0x00000b04   0x00000b04   0x0000002c   Code   RO         3951    i.Sysctrl_SysClkSwitch  sysctrl.o
    0x00000b30   0x00000b30   0x0000001c   Code   RO         3952    i.Sysctrl_XTHDriverCfg  sysctrl.o
    0x00000b4c   0x00000b4c   0x00000034   Code   RO         3953    i.Sysctrl_XTLDriverCfg  sysctrl.o
    0x00000b80   0x00000b80   0x00000010   Code   RO         5004    i.SystemCoreClockUpdate  system_hc32l19x.o
    0x00000b90   0x00000b90   0x0000003c   Code   RO         5005    i.SystemInit        system_hc32l19x.o
    0x00000bcc   0x00000bcc   0x00000008   Code   RO         4799    i.TIM0_IRQHandler   interrupts_hc32l19x.o
    0x00000bd4   0x00000bd4   0x00000008   Code   RO         4800    i.TIM1_IRQHandler   interrupts_hc32l19x.o
    0x00000bdc   0x00000bdc   0x00000008   Code   RO         4801    i.TIM2_IRQHandler   interrupts_hc32l19x.o
    0x00000be4   0x00000be4   0x00000008   Code   RO         4802    i.TIM3_IRQHandler   interrupts_hc32l19x.o
    0x00000bec   0x00000bec   0x00000008   Code   RO         4803    i.TIM4_IRQHandler   interrupts_hc32l19x.o
    0x00000bf4   0x00000bf4   0x00000008   Code   RO         4804    i.TIM5_IRQHandler   interrupts_hc32l19x.o
    0x00000bfc   0x00000bfc   0x00000008   Code   RO         4805    i.TIM6_IRQHandler   interrupts_hc32l19x.o
    0x00000c04   0x00000c04   0x00000014   Code   RO            1    i.Task_Test         app_task.o
    0x00000c18   0x00000c18   0x0000000c   Code   RO         4806    i.UART0_2_IRQHandler  interrupts_hc32l19x.o
    0x00000c24   0x00000c24   0x0000000c   Code   RO         4807    i.UART1_3_IRQHandler  interrupts_hc32l19x.o
    0x00000c30   0x00000c30   0x00000008   Code   RO         4808    i.VC0_IRQHandler    interrupts_hc32l19x.o
    0x00000c38   0x00000c38   0x0000000c   Code   RO         4809    i.VC1_2_IRQHandler  interrupts_hc32l19x.o
    0x00000c44   0x00000c44   0x00000008   Code   RO         4810    i.WDT_IRQHandler    interrupts_hc32l19x.o
    0x00000c4c   0x00000c4c   0x00000018   Code   RO         3954    i._SysctrlUnlock    sysctrl.o
    0x00000c64   0x00000c64   0x0000001c   Code   RO          730    i.__ARM_common_switch8  tasks.o
    0x00000c80   0x00000c80   0x00000078   Code   RO           79    i.__NVIC_SetPriority  main.o
    0x00000cf8   0x00000cf8   0x000000c8   Code   RO           80    i.main              main.o
    0x00000dc0   0x00000dc0   0x00000010   Code   RO          907    i.osSystickHandler  cmsis_os.o
    0x00000dd0   0x00000dd0   0x00000030   Code   RO            2    i.os_task_init      app_task.o
    0x00000e00   0x00000e00   0x0000007c   Code   RO          451    i.prvAddCurrentTaskToDelayedList  tasks.o
    0x00000e7c   0x00000e7c   0x000000a4   Code   RO          452    i.prvAddNewTaskToReadyList  tasks.o
    0x00000f20   0x00000f20   0x00000068   Code   RO          453    i.prvCheckTasksWaitingTermination  tasks.o
    0x00000f88   0x00000f88   0x00000012   Code   RO          454    i.prvDeleteTCB      tasks.o
    0x00000f9a   0x00000f9a   0x00000002   PAD
    0x00000f9c   0x00000f9c   0x0000007c   Code   RO          744    i.prvHeapInit       heap_4.o
    0x00001018   0x00001018   0x00000018   Code   RO          455    i.prvIdleTask       tasks.o
    0x00001030   0x00001030   0x000000a4   Code   RO          456    i.prvInitialiseNewTask  tasks.o
    0x000010d4   0x000010d4   0x00000064   Code   RO          457    i.prvInitialiseTaskLists  tasks.o
    0x00001138   0x00001138   0x00000068   Code   RO          745    i.prvInsertBlockIntoFreeList  heap_4.o
    0x000011a0   0x000011a0   0x00000038   Code   RO          458    i.prvResetNextTaskUnblockTime  tasks.o
    0x000011d8   0x000011d8   0x00000024   Code   RO          796    i.prvTaskExitError  port.o
    0x000011fc   0x000011fc   0x0000011c   Code   RO          746    i.pvPortMalloc      heap_4.o
    0x00001318   0x00001318   0x00000020   Code   RO          797    i.pxPortInitialiseStack  port.o
    0x00001338   0x00001338   0x00000028   Code   RO          259    i.uxListRemove      list.o
    0x00001360   0x00001360   0x0000001a   Code   RO          260    i.vListInitialise   list.o
    0x0000137a   0x0000137a   0x00000006   Code   RO          261    i.vListInitialiseItem  list.o
    0x00001380   0x00001380   0x00000036   Code   RO          262    i.vListInsert       list.o
    0x000013b6   0x000013b6   0x00000018   Code   RO          263    i.vListInsertEnd    list.o
    0x000013ce   0x000013ce   0x00000002   PAD
    0x000013d0   0x000013d0   0x0000001c   Code   RO          799    i.vPortEnterCritical  port.o
    0x000013ec   0x000013ec   0x00000028   Code   RO          800    i.vPortExitCritical  port.o
    0x00001414   0x00001414   0x00000080   Code   RO          747    i.vPortFree         heap_4.o
    0x00001494   0x00001494   0x00000024   Code   RO          801    i.vPortSetupTimerInterrupt  port.o
    0x000014b8   0x000014b8   0x00000018   Code   RO          802    i.vPortYield        port.o
    0x000014d0   0x000014d0   0x00000044   Code   RO          466    i.vTaskDelay        tasks.o
    0x00001514   0x00001514   0x0000006c   Code   RO          477    i.vTaskStartScheduler  tasks.o
    0x00001580   0x00001580   0x00000010   Code   RO          479    i.vTaskSuspendAll   tasks.o
    0x00001590   0x00001590   0x00000080   Code   RO          480    i.vTaskSwitchContext  tasks.o
    0x00001610   0x00001610   0x00000038   Code   RO          803    i.xPortStartScheduler  port.o
    0x00001648   0x00001648   0x0000005c   Code   RO          482    i.xTaskCreate       tasks.o
    0x000016a4   0x000016a4   0x00000024   Code   RO          486    i.xTaskGetSchedulerState  tasks.o
    0x000016c8   0x000016c8   0x0000013c   Code   RO          489    i.xTaskIncrementTick  tasks.o
    0x00001804   0x00001804   0x000000f0   Code   RO          495    i.xTaskResumeAll    tasks.o
    0x000018f4   0x000018f4   0x00000018   Data   RO         3955    .constdata          sysctrl.o
    0x0000190c   0x0000190c   0x00000020   Data   RO         5236    Region$$Table       anon$$obj.o


    Execution Region RW_IRAM1 (Exec base: 0x20000000, Load base: 0x0000192c, Size: 0x000011c0, Max: 0x00008000, ABSOLUTE)

    Exec Addr    Load Addr    Size         Type   Attr      Idx    E Section Name        Object

    0x20000000   0x0000192c   0x00000004   Data   RW            3    .data               app_task.o
    0x20000004   0x00001930   0x00000004   Data   RW           81    .data               main.o
    0x20000008   0x00001934   0x0000003c   Data   RW          498    .data               tasks.o
    0x20000044   0x00001970   0x00000018   Data   RW          752    .data               heap_4.o
    0x2000005c   0x00001988   0x00000008   Data   RW          804    .data               port.o
    0x20000064   0x00001990   0x00000001   Data   RW         3956    .data               sysctrl.o
    0x20000065   0x00001991   0x00000003   PAD
    0x20000068   0x00001994   0x00000004   Data   RW         5006    .data               system_hc32l19x.o
    0x2000006c        -       0x000000f0   Zero   RW          497    .bss                tasks.o
    0x2000015c        -       0x00000c00   Zero   RW          751    .bss                heap_4.o
    0x20000d5c        -       0x00000060   Zero   RW         5109    .bss                c_p.l(libspace.o)
    0x20000dbc   0x00001998   0x00000004   PAD
    0x20000dc0        -       0x00000200   Zero   RW         5049    HEAP                startup_hc32l19x.o
    0x20000fc0        -       0x00000200   Zero   RW         5048    STACK               startup_hc32l19x.o


==============================================================================

Image component sizes


      Code (inc. data)   RO Data    RW Data    ZI Data      Debug   Object Name

        68         20          0          4          0      14798   app_task.o
        16          0          0          0          0        487   cmsis_os.o
        30          0          0          0          0        525   ddl.o
         0          0          0          0          0       1472   event_groups.o
        52         14          0          0          0        542   flash.o
       640         60          0         24       3072       4207   heap_4.o
       304          0          0          0          0      15250   interrupts_hc32l19x.o
       150          0          0          0          0       3066   list.o
       320         28          0          4          0     151402   main.o
       410         58          0          8          0       6930   port.o
        88         40        192          0       1024        636   startup_hc32l19x.o
      1562        146         24          1          0      11072   sysctrl.o
        90         12          0          4          0       1616   system_hc32l19x.o
      1786        254          0         60        240      14246   tasks.o

    ----------------------------------------------------------------------
      5522        632        248        108       4336     226249   Object Totals
         0          0         32          0          0          0   (incl. Generated)
         6          0          0          3          0          0   (incl. Padding)

    ----------------------------------------------------------------------

      Code (inc. data)   RO Data    RW Data    ZI Data      Debug   Library Member Name

         8          0          0          0          0         68   __main.o
         0          0          0          0          0          0   __rtentry.o
        12          0          0          0          0          0   __rtentry2.o
         6          0          0          0          0          0   __rtentry4.o
        60          8          0          0          0          0   __scatter.o
        26          0          0          0          0          0   __scatter_copy.o
        28          0          0          0          0          0   __scatter_zi.o
       346          0          0          0          0         92   aeabi_sdiv.o
        16          0          0          0          0         68   exit.o
         6          0          0          0          0        136   heapauxi.o
         0          0          0          0          0          0   indicate_semi.o
         2          0          0          0          0          0   libinit.o
         2          0          0          0          0          0   libinit2.o
         2          0          0          0          0          0   libshutdown.o
         2          0          0          0          0          0   libshutdown2.o
         8          4          0          0         96         68   libspace.o
        56          0          0          0          0         68   rt_memcpy.o
         2          0          0          0          0          0   rtexit.o
        10          0          0          0          0          0   rtexit2.o
        12          4          0          0          0         60   sys_exit.o
        62          0          0          0          0         80   sys_stackheap_outer.o
         2          0          0          0          0         68   use_no_semi.o

    ----------------------------------------------------------------------
       674         16          0          0        100        708   Library Totals
         6          0          0          0          4          0   (incl. Padding)

    ----------------------------------------------------------------------

      Code (inc. data)   RO Data    RW Data    ZI Data      Debug   Library Name

       668         16          0          0         96        708   c_p.l

    ----------------------------------------------------------------------
       674         16          0          0        100        708   Library Totals

    ----------------------------------------------------------------------

==============================================================================


      Code (inc. data)   RO Data    RW Data    ZI Data      Debug   

      6196        648        248        108       4436     222705   Grand Totals
      6196        648        248        108       4436     222705   ELF Image Totals
      6196        648        248        108          0          0   ROM Totals

==============================================================================

    Total RO  Size (Code + RO Data)                 6444 (   6.29kB)
    Total RW  Size (RW Data + ZI Data)              4544 (   4.44kB)
    Total ROM Size (Code + RO Data + RW Data)       6552 (   6.40kB)

==============================================================================

